174.34.222.249 - - [14/Jan/2023:01:04:02 +0100] "GET / HTTP/1.1" 302 1035 "-" "Mozilla/5.0 (Macintosh; Intel Mac OS X 10_15_7) AppleWebKit/605.1.15 (KHTML, like Gecko) Version/16.1 Safari/605.1.15"
174.34.222.249 - - [14/Jan/2023:01:04:02 +0100] "GET /auth/home HTTP/1.1" 200 9313 "-" "Mozilla/5.0 (Macintosh; Intel Mac OS X 10_15_7) AppleWebKit/605.1.15 (KHTML, like Gecko) Version/16.1 Safari/605.1.15"
174.34.222.249 - - [14/Jan/2023:01:04:02 +0100] "GET /auth/style.css HTTP/1.1" 200 76631 "http://ravetest2.ct8.pl/auth/home" "Mozilla/5.0 (Macintosh; Intel Mac OS X 10_15_7) AppleWebKit/605.1.15 (KHTML, like Gecko) Version/16.1 Safari/605.1.15"
174.34.222.249 - - [14/Jan/2023:01:04:04 +0100] "GET /auth/logo.png HTTP/1.1" 200 273115 "http://ravetest2.ct8.pl/auth/home" "Mozilla/5.0 (Macintosh; Intel Mac OS X 10_15_7) AppleWebKit/605.1.15 (KHTML, like Gecko) Version/16.1 Safari/605.1.15"
174.34.222.249 - - [14/Jan/2023:01:04:04 +0100] "GET /auth/image1.png HTTP/1.1" 200 261460 "http://ravetest2.ct8.pl/auth/home" "Mozilla/5.0 (Macintosh; Intel Mac OS X 10_15_7) AppleWebKit/605.1.15 (KHTML, like Gecko) Version/16.1 Safari/605.1.15"
174.34.222.249 - - [14/Jan/2023:01:04:04 +0100] "GET /auth/login HTTP/1.1" 200 5703 "http://ravetest2.ct8.pl/auth/home" "Mozilla/5.0 (Macintosh; Intel Mac OS X 10_15_7) AppleWebKit/605.1.15 (KHTML, like Gecko) Version/16.1 Safari/605.1.15"
174.34.222.249 - - [14/Jan/2023:01:04:05 +0100] "GET /auth/logo.png HTTP/1.1" 200 273115 "http://ravetest2.ct8.pl/auth/login" "Mozilla/5.0 (Macintosh; Intel Mac OS X 10_15_7) AppleWebKit/605.1.15 (KHTML, like Gecko) Version/16.1 Safari/605.1.15"
174.34.222.249 - - [14/Jan/2023:01:04:06 +0100] "GET /auth/icon.png HTTP/1.1" 200 201198 "http://ravetest2.ct8.pl/auth/login" "Mozilla/5.0 (Macintosh; Intel Mac OS X 10_15_7) AppleWebKit/605.1.15 (KHTML, like Gecko) Version/16.1 Safari/605.1.15"
174.34.222.249 - - [14/Jan/2023:01:04:13 +0100] "POST /auth/login HTTP/1.1" 302 5703 "http://ravetest2.ct8.pl/auth/login" "Mozilla/5.0 (Macintosh; Intel Mac OS X 10_15_7) AppleWebKit/605.1.15 (KHTML, like Gecko) Version/16.1 Safari/605.1.15"
174.34.222.249 - - [14/Jan/2023:01:04:13 +0100] "GET /home HTTP/1.1" 404 6013 "http://ravetest2.ct8.pl/auth/login" "Mozilla/5.0 (Macintosh; Intel Mac OS X 10_15_7) AppleWebKit/605.1.15 (KHTML, like Gecko) Version/16.1 Safari/605.1.15"
174.34.222.249 - - [14/Jan/2023:01:04:13 +0100] "GET /auth/404-images/3.png HTTP/1.1" 200 35360 "http://ravetest2.ct8.pl/home" "Mozilla/5.0 (Macintosh; Intel Mac OS X 10_15_7) AppleWebKit/605.1.15 (KHTML, like Gecko) Version/16.1 Safari/605.1.15"
174.34.222.249 - - [14/Jan/2023:01:04:18 +0100] "GET /2005/default.aspx HTTP/1.1" 200 16569 "-" "Mozilla/5.0 (Macintosh; Intel Mac OS X 10_15_7) AppleWebKit/605.1.15 (KHTML, like Gecko) Version/16.1 Safari/605.1.15"
174.34.222.249 - - [14/Jan/2023:01:04:19 +0100] "GET /2005/Roblox.css HTTP/1.1" 200 1989 "http://ravetest2.ct8.pl/2005/default.aspx" "Mozilla/5.0 (Macintosh; Intel Mac OS X 10_15_7) AppleWebKit/605.1.15 (KHTML, like Gecko) Version/16.1 Safari/605.1.15"
174.34.222.249 - - [14/Jan/2023:01:04:19 +0100] "GET /Thumbs/Level.ashx?hash=66c662523de1a6026f503bbab96962fc&x=105&y=70 HTTP/1.1" 404 6013 "http://ravetest2.ct8.pl/2005/default.aspx" "Mozilla/5.0 (Macintosh; Intel Mac OS X 10_15_7) AppleWebKit/605.1.15 (KHTML, like Gecko) Version/16.1 Safari/605.1.15"
174.34.222.249 - - [14/Jan/2023:01:04:19 +0100] "GET /Thumbs/Level.ashx?hash=4eaedd863df6386051329cb594674fd4&x=105&y=70 HTTP/1.1" 404 6009 "http://ravetest2.ct8.pl/2005/default.aspx" "Mozilla/5.0 (Macintosh; Intel Mac OS X 10_15_7) AppleWebKit/605.1.15 (KHTML, like Gecko) Version/16.1 Safari/605.1.15"
174.34.222.249 - - [14/Jan/2023:01:04:19 +0100] "GET /Thumbs/Level.ashx?hash=d9c2761796f8cbafc9c116b26893f8b3&x=105&y=70 HTTP/1.1" 404 6051 "http://ravetest2.ct8.pl/2005/default.aspx" "Mozilla/5.0 (Macintosh; Intel Mac OS X 10_15_7) AppleWebKit/605.1.15 (KHTML, like Gecko) Version/16.1 Safari/605.1.15"
174.34.222.249 - - [14/Jan/2023:01:04:19 +0100] "GET /Thumbs/Level.ashx?hash=7002a84427e9b3053faaecb75d29f6ed&x=105&y=70 HTTP/1.1" 404 5994 "http://ravetest2.ct8.pl/2005/default.aspx" "Mozilla/5.0 (Macintosh; Intel Mac OS X 10_15_7) AppleWebKit/605.1.15 (KHTML, like Gecko) Version/16.1 Safari/605.1.15"
174.34.222.249 - - [14/Jan/2023:01:04:19 +0100] "GET /Thumbs/Level.ashx?hash=88670e29538ee4cb81320c639f4b9a7d&x=105&y=70 HTTP/1.1" 404 6013 "http://ravetest2.ct8.pl/2005/default.aspx" "Mozilla/5.0 (Macintosh; Intel Mac OS X 10_15_7) AppleWebKit/605.1.15 (KHTML, like Gecko) Version/16.1 Safari/605.1.15"
174.34.222.249 - - [14/Jan/2023:01:04:19 +0100] "GET /Thumbs/Level.ashx?hash=20586f91183c67edcdc0ddacd83f9771&x=105&y=70 HTTP/1.1" 404 6006 "http://ravetest2.ct8.pl/2005/default.aspx" "Mozilla/5.0 (Macintosh; Intel Mac OS X 10_15_7) AppleWebKit/605.1.15 (KHTML, like Gecko) Version/16.1 Safari/605.1.15"
174.34.222.249 - - [14/Jan/2023:01:04:19 +0100] "GET /Thumbs/Level.ashx?hash=c4121d5e2afcae63eba7d4475e0caec4&x=90&y=50 HTTP/1.1" 404 6039 "http://ravetest2.ct8.pl/2005/default.aspx" "Mozilla/5.0 (Macintosh; Intel Mac OS X 10_15_7) AppleWebKit/605.1.15 (KHTML, like Gecko) Version/16.1 Safari/605.1.15"
174.34.222.249 - - [14/Jan/2023:01:04:19 +0100] "GET /2005/images/sign_up.gif HTTP/1.1" 404 322 "http://ravetest2.ct8.pl/2005/default.aspx" "Mozilla/5.0 (Macintosh; Intel Mac OS X 10_15_7) AppleWebKit/605.1.15 (KHTML, like Gecko) Version/16.1 Safari/605.1.15"
174.34.222.249 - - [14/Jan/2023:01:04:19 +0100] "GET /Thumbs/Level.ashx?hash=685a2925a3a0dce58daa956317837211&x=105&y=70 HTTP/1.1" 404 6036 "http://ravetest2.ct8.pl/2005/default.aspx" "Mozilla/5.0 (Macintosh; Intel Mac OS X 10_15_7) AppleWebKit/605.1.15 (KHTML, like Gecko) Version/16.1 Safari/605.1.15"
174.34.222.249 - - [14/Jan/2023:01:04:19 +0100] "GET /Thumbs/Level.ashx?hash=f5fff890dcc66c903f41146d15552d2d&x=90&y=50 HTTP/1.1" 404 6039 "http://ravetest2.ct8.pl/2005/default.aspx" "Mozilla/5.0 (Macintosh; Intel Mac OS X 10_15_7) AppleWebKit/605.1.15 (KHTML, like Gecko) Version/16.1 Safari/605.1.15"
174.34.222.249 - - [14/Jan/2023:01:04:19 +0100] "GET /Thumbs/Level.ashx?hash=c0ba73b7c58e79729eafbfe2f3786b86&x=105&y=70 HTTP/1.1" 404 5994 "http://ravetest2.ct8.pl/2005/default.aspx" "Mozilla/5.0 (Macintosh; Intel Mac OS X 10_15_7) AppleWebKit/605.1.15 (KHTML, like Gecko) Version/16.1 Safari/605.1.15"
174.34.222.249 - - [14/Jan/2023:01:04:19 +0100] "GET /Thumbs/Level.ashx?hash=685a2925a3a0dce58daa956317837211&x=90&y=50 HTTP/1.1" 404 5994 "http://ravetest2.ct8.pl/2005/default.aspx" "Mozilla/5.0 (Macintosh; Intel Mac OS X 10_15_7) AppleWebKit/605.1.15 (KHTML, like Gecko) Version/16.1 Safari/605.1.15"
174.34.222.249 - - [14/Jan/2023:01:04:19 +0100] "GET /Thumbs/Level.ashx?hash=7f5a62e3cf76d0a204eb6ad68e226c79&x=90&y=50 HTTP/1.1" 404 6039 "http://ravetest2.ct8.pl/2005/default.aspx" "Mozilla/5.0 (Macintosh; Intel Mac OS X 10_15_7) AppleWebKit/605.1.15 (KHTML, like Gecko) Version/16.1 Safari/605.1.15"
174.34.222.249 - - [14/Jan/2023:01:04:19 +0100] "GET /Thumbs/Level.ashx?hash=b919e3e83ce7a81e0fe528fa2bc3103a&x=90&y=50 HTTP/1.1" 404 6039 "http://ravetest2.ct8.pl/2005/default.aspx" "Mozilla/5.0 (Macintosh; Intel Mac OS X 10_15_7) AppleWebKit/605.1.15 (KHTML, like Gecko) Version/16.1 Safari/605.1.15"
174.34.222.249 - - [14/Jan/2023:01:04:19 +0100] "GET /Thumbs/Model.ashx?hash=2113baa274e193cbfd8b98e4675d5450&x=105&y=70 HTTP/1.1" 404 6005 "http://ravetest2.ct8.pl/2005/default.aspx" "Mozilla/5.0 (Macintosh; Intel Mac OS X 10_15_7) AppleWebKit/605.1.15 (KHTML, like Gecko) Version/16.1 Safari/605.1.15"
174.34.222.249 - - [14/Jan/2023:01:04:19 +0100] "GET /Thumbs/Level.ashx?hash=933e8f8fcb5dd1fe2b1f65f1c2a31770&x=105&y=70 HTTP/1.1" 404 6032 "http://ravetest2.ct8.pl/2005/default.aspx" "Mozilla/5.0 (Macintosh; Intel Mac OS X 10_15_7) AppleWebKit/605.1.15 (KHTML, like Gecko) Version/16.1 Safari/605.1.15"
174.34.222.249 - - [14/Jan/2023:01:04:20 +0100] "GET /favicon.ico HTTP/1.1" 404 6013 "http://ravetest2.ct8.pl/2005/default.aspx" "Mozilla/5.0 (Macintosh; Intel Mac OS X 10_15_7) AppleWebKit/605.1.15 (KHTML, like Gecko) Version/16.1 Safari/605.1.15"
174.34.222.249 - - [14/Jan/2023:01:04:29 +0100] "GET /2005/Forum/default.aspx HTTP/1.1" 404 322 "http://ravetest2.ct8.pl/2005/default.aspx" "Mozilla/5.0 (Macintosh; Intel Mac OS X 10_15_7) AppleWebKit/605.1.15 (KHTML, like Gecko) Version/16.1 Safari/605.1.15"
174.34.222.249 - - [14/Jan/2023:01:04:36 +0100] "GET /2016/Forum/ HTTP/1.1" 200 29817 "-" "Mozilla/5.0 (Macintosh; Intel Mac OS X 10_15_7) AppleWebKit/605.1.15 (KHTML, like Gecko) Version/16.1 Safari/605.1.15"
174.34.222.249 - - [14/Jan/2023:01:04:36 +0100] "GET /2016/Style/thisthing.css HTTP/1.1" 200 188328 "http://ravetest2.ct8.pl/2016/Forum/" "Mozilla/5.0 (Macintosh; Intel Mac OS X 10_15_7) AppleWebKit/605.1.15 (KHTML, like Gecko) Version/16.1 Safari/605.1.15"
174.34.222.249 - - [14/Jan/2023:01:04:36 +0100] "GET /2016/Style/2016.css HTTP/1.1" 200 188328 "http://ravetest2.ct8.pl/2016/Forum/" "Mozilla/5.0 (Macintosh; Intel Mac OS X 10_15_7) AppleWebKit/605.1.15 (KHTML, like Gecko) Version/16.1 Safari/605.1.15"
174.34.222.249 - - [14/Jan/2023:01:04:37 +0100] "GET /img/navigation_02012016.svg HTTP/1.1" 200 26200 "http://ravetest2.ct8.pl/2016/Forum/" "Mozilla/5.0 (Macintosh; Intel Mac OS X 10_15_7) AppleWebKit/605.1.15 (KHTML, like Gecko) Version/16.1 Safari/605.1.15"
174.34.222.249 - - [14/Jan/2023:01:04:41 +0100] "GET /2016/Forum/ShowForum.aspx?ForumID=1 HTTP/1.1" 200 25992 "http://ravetest2.ct8.pl/2016/Forum/" "Mozilla/5.0 (Macintosh; Intel Mac OS X 10_15_7) AppleWebKit/605.1.15 (KHTML, like Gecko) Version/16.1 Safari/605.1.15"
174.34.222.249 - - [14/Jan/2023:01:04:41 +0100] "GET /img/thread-unread.png HTTP/1.1" 200 1093 "http://ravetest2.ct8.pl/2016/Forum/ShowForum.aspx?ForumID=1" "Mozilla/5.0 (Macintosh; Intel Mac OS X 10_15_7) AppleWebKit/605.1.15 (KHTML, like Gecko) Version/16.1 Safari/605.1.15"
174.34.222.249 - - [14/Jan/2023:01:04:42 +0100] "GET /2016/Forum/AddPost.aspx?ForumID=1 HTTP/1.1" 200 21520 "http://ravetest2.ct8.pl/2016/Forum/ShowForum.aspx?ForumID=1" "Mozilla/5.0 (Macintosh; Intel Mac OS X 10_15_7) AppleWebKit/605.1.15 (KHTML, like Gecko) Version/16.1 Safari/605.1.15"
174.34.222.249 - - [14/Jan/2023:01:04:54 +0100] "POST /2016/Forum/AddPost.aspx?ForumID=1 HTTP/1.1" 302 21520 "http://ravetest2.ct8.pl/2016/Forum/AddPost.aspx?ForumID=1" "Mozilla/5.0 (Macintosh; Intel Mac OS X 10_15_7) AppleWebKit/605.1.15 (KHTML, like Gecko) Version/16.1 Safari/605.1.15"
174.34.222.249 - - [14/Jan/2023:01:04:54 +0100] "GET /Forum/ShowPost.aspx?PostID=1828 HTTP/1.1" 404 6013 "http://ravetest2.ct8.pl/2016/Forum/AddPost.aspx?ForumID=1" "Mozilla/5.0 (Macintosh; Intel Mac OS X 10_15_7) AppleWebKit/605.1.15 (KHTML, like Gecko) Version/16.1 Safari/605.1.15"
174.34.222.249 - - [14/Jan/2023:01:04:55 +0100] "GET /auth/404-images/1.png HTTP/1.1" 200 299568 "http://ravetest2.ct8.pl/Forum/ShowPost.aspx?PostID=1828" "Mozilla/5.0 (Macintosh; Intel Mac OS X 10_15_7) AppleWebKit/605.1.15 (KHTML, like Gecko) Version/16.1 Safari/605.1.15"
174.34.222.249 - - [14/Jan/2023:01:05:01 +0100] "GET /2016/Forum/ShowPost.aspx?PostID=1828 HTTP/1.1" 200 25956 "-" "Mozilla/5.0 (Macintosh; Intel Mac OS X 10_15_7) AppleWebKit/605.1.15 (KHTML, like Gecko) Version/16.1 Safari/605.1.15"
174.34.222.249 - - [14/Jan/2023:01:05:01 +0100] "GET /images/user_IsOnline.gif HTTP/1.1" 200 297 "http://ravetest2.ct8.pl/2016/Forum/ShowPost.aspx?PostID=1828" "Mozilla/5.0 (Macintosh; Intel Mac OS X 10_15_7) AppleWebKit/605.1.15 (KHTML, like Gecko) Version/16.1 Safari/605.1.15"
174.34.222.249 - - [14/Jan/2023:01:05:01 +0100] "GET /images/users_moderator.gif HTTP/1.1" 200 457 "http://ravetest2.ct8.pl/2016/Forum/ShowPost.aspx?PostID=1828" "Mozilla/5.0 (Macintosh; Intel Mac OS X 10_15_7) AppleWebKit/605.1.15 (KHTML, like Gecko) Version/16.1 Safari/605.1.15"
174.34.222.249 - - [14/Jan/2023:01:05:01 +0100] "GET /avatar.php?id=136 HTTP/1.1" 200 607 "http://ravetest2.ct8.pl/2016/Forum/ShowPost.aspx?PostID=1828" "Mozilla/5.0 (Macintosh; Intel Mac OS X 10_15_7) AppleWebKit/605.1.15 (KHTML, like Gecko) Version/16.1 Safari/605.1.15"
174.34.222.249 - - [14/Jan/2023:01:05:01 +0100] "GET /Market/Storage/elbot.png HTTP/1.1" 404 6039 "http://ravetest2.ct8.pl/avatar.php?id=136" "Mozilla/5.0 (Macintosh; Intel Mac OS X 10_15_7) AppleWebKit/605.1.15 (KHTML, like Gecko) Version/16.1 Safari/605.1.15"
174.34.222.249 - - [14/Jan/2023:01:05:01 +0100] "GET /Market/Storage/ HTTP/1.1" 404 6036 "http://ravetest2.ct8.pl/avatar.php?id=136" "Mozilla/5.0 (Macintosh; Intel Mac OS X 10_15_7) AppleWebKit/605.1.15 (KHTML, like Gecko) Version/16.1 Safari/605.1.15"
174.34.222.249 - - [14/Jan/2023:01:05:01 +0100] "GET /Market/Storage/skintone2sadsad.png HTTP/1.1" 404 6036 "http://ravetest2.ct8.pl/avatar.php?id=136" "Mozilla/5.0 (Macintosh; Intel Mac OS X 10_15_7) AppleWebKit/605.1.15 (KHTML, like Gecko) Version/16.1 Safari/605.1.15"
35.196.132.85 - - [14/Jan/2023:01:05:10 +0100] "GET /2016/Forum/ShowPost.aspx?PostID=1828 HTTP/1.1" 302 21326 "-" "Mozilla/5.0 (compatible; Discordbot/2.0; +https://discordapp.com)"
35.237.4.214 - - [14/Jan/2023:01:05:10 +0100] "GET /auth/home HTTP/1.1" 200 9313 "-" "Mozilla/5.0 (compatible; Discordbot/2.0; +https://discordapp.com)"
24.176.90.134 - - [14/Jan/2023:01:05:22 +0100] "GET /2016/Forum/ShowPost.aspx?PostID=1828 HTTP/1.1" 302 21326 "-" "Mozilla/5.0 (Windows NT 10.0; Win64; x64) AppleWebKit/537.36 (KHTML, like Gecko) Chrome/108.0.0.0 Safari/537.36"
24.176.90.134 - - [14/Jan/2023:01:05:22 +0100] "GET /auth/home HTTP/1.1" 200 9313 "-" "Mozilla/5.0 (Windows NT 10.0; Win64; x64) AppleWebKit/537.36 (KHTML, like Gecko) Chrome/108.0.0.0 Safari/537.36"
24.176.90.134 - - [14/Jan/2023:01:05:22 +0100] "GET /auth/style.css HTTP/1.1" 200 76631 "http://ravetest2.ct8.pl/auth/home" "Mozilla/5.0 (Windows NT 10.0; Win64; x64) AppleWebKit/537.36 (KHTML, like Gecko) Chrome/108.0.0.0 Safari/537.36"
24.176.90.134 - - [14/Jan/2023:01:05:23 +0100] "GET /auth/logo.png HTTP/1.1" 200 273115 "http://ravetest2.ct8.pl/auth/home" "Mozilla/5.0 (Windows NT 10.0; Win64; x64) AppleWebKit/537.36 (KHTML, like Gecko) Chrome/108.0.0.0 Safari/537.36"
24.176.90.134 - - [14/Jan/2023:01:05:29 +0100] "GET /auth/image1.png HTTP/1.1" 200 1897399 "http://ravetest2.ct8.pl/auth/home" "Mozilla/5.0 (Windows NT 10.0; Win64; x64) AppleWebKit/537.36 (KHTML, like Gecko) Chrome/108.0.0.0 Safari/537.36"
174.34.222.249 - - [14/Jan/2023:01:05:29 +0100] "GET /users/136/profile HTTP/1.1" 404 6032 "http://ravetest2.ct8.pl/2016/Forum/ShowPost.aspx?PostID=1828" "Mozilla/5.0 (Macintosh; Intel Mac OS X 10_15_7) AppleWebKit/605.1.15 (KHTML, like Gecko) Version/16.1 Safari/605.1.15"
24.176.90.134 - - [14/Jan/2023:01:05:30 +0100] "GET /auth/login HTTP/1.1" 200 5703 "http://ravetest2.ct8.pl/auth/home" "Mozilla/5.0 (Windows NT 10.0; Win64; x64) AppleWebKit/537.36 (KHTML, like Gecko) Chrome/108.0.0.0 Safari/537.36"
24.176.90.134 - - [14/Jan/2023:01:05:30 +0100] "GET /auth/image2.png HTTP/1.1" 200 1551720 "http://ravetest2.ct8.pl/auth/home" "Mozilla/5.0 (Windows NT 10.0; Win64; x64) AppleWebKit/537.36 (KHTML, like Gecko) Chrome/108.0.0.0 Safari/537.36"
24.176.90.134 - - [14/Jan/2023:01:05:30 +0100] "GET /auth/image3.png HTTP/1.1" 200 1843720 "http://ravetest2.ct8.pl/auth/home" "Mozilla/5.0 (Windows NT 10.0; Win64; x64) AppleWebKit/537.36 (KHTML, like Gecko) Chrome/108.0.0.0 Safari/537.36"
174.34.222.249 - - [14/Jan/2023:01:05:34 +0100] "GET /2016/users/136/profile HTTP/1.1" 200 40184 "-" "Mozilla/5.0 (Macintosh; Intel Mac OS X 10_15_7) AppleWebKit/605.1.15 (KHTML, like Gecko) Version/16.1 Safari/605.1.15"
174.34.222.249 - - [14/Jan/2023:01:05:34 +0100] "GET /Market/Storage/skintone2sadsad.png HTTP/1.1" 404 6013 "http://ravetest2.ct8.pl/2016/users/136/profile" "Mozilla/5.0 (Macintosh; Intel Mac OS X 10_15_7) AppleWebKit/605.1.15 (KHTML, like Gecko) Version/16.1 Safari/605.1.15"
174.34.222.249 - - [14/Jan/2023:01:05:34 +0100] "GET /avatar.php?id=136 HTTP/1.1" 200 607 "http://ravetest2.ct8.pl/2016/users/136/profile" "Mozilla/5.0 (Macintosh; Intel Mac OS X 10_15_7) AppleWebKit/605.1.15 (KHTML, like Gecko) Version/16.1 Safari/605.1.15"
174.34.222.249 - - [14/Jan/2023:01:05:35 +0100] "GET /Market/Storage/ HTTP/1.1" 404 5995 "http://ravetest2.ct8.pl/avatar.php?id=136" "Mozilla/5.0 (Macintosh; Intel Mac OS X 10_15_7) AppleWebKit/605.1.15 (KHTML, like Gecko) Version/16.1 Safari/605.1.15"
174.34.222.249 - - [14/Jan/2023:01:05:35 +0100] "GET /Market/Storage/skintone2sadsad.png HTTP/1.1" 404 5995 "http://ravetest2.ct8.pl/avatar.php?id=136" "Mozilla/5.0 (Macintosh; Intel Mac OS X 10_15_7) AppleWebKit/605.1.15 (KHTML, like Gecko) Version/16.1 Safari/605.1.15"
24.176.90.134 - - [14/Jan/2023:01:05:35 +0100] "GET /auth/icon.png HTTP/1.1" 200 201198 "http://ravetest2.ct8.pl/auth/login" "Mozilla/5.0 (Windows NT 10.0; Win64; x64) AppleWebKit/537.36 (KHTML, like Gecko) Chrome/108.0.0.0 Safari/537.36"
174.34.222.249 - - [14/Jan/2023:01:05:35 +0100] "GET /Market/Storage/elbot.png HTTP/1.1" 404 6039 "http://ravetest2.ct8.pl/avatar.php?id=136" "Mozilla/5.0 (Macintosh; Intel Mac OS X 10_15_7) AppleWebKit/605.1.15 (KHTML, like Gecko) Version/16.1 Safari/605.1.15"
24.176.90.134 - - [14/Jan/2023:01:05:36 +0100] "POST /auth/login HTTP/1.1" 302 5703 "http://ravetest2.ct8.pl/auth/login" "Mozilla/5.0 (Windows NT 10.0; Win64; x64) AppleWebKit/537.36 (KHTML, like Gecko) Chrome/108.0.0.0 Safari/537.36"
24.176.90.134 - - [14/Jan/2023:01:05:37 +0100] "GET /home HTTP/1.1" 404 6032 "http://ravetest2.ct8.pl/auth/login" "Mozilla/5.0 (Windows NT 10.0; Win64; x64) AppleWebKit/537.36 (KHTML, like Gecko) Chrome/108.0.0.0 Safari/537.36"
174.34.222.249 - - [14/Jan/2023:01:05:38 +0100] "GET /2016/Groups HTTP/1.1" 301 244 "http://ravetest2.ct8.pl/2016/users/136/profile" "Mozilla/5.0 (Macintosh; Intel Mac OS X 10_15_7) AppleWebKit/605.1.15 (KHTML, like Gecko) Version/16.1 Safari/605.1.15"
174.34.222.249 - - [14/Jan/2023:01:05:38 +0100] "GET /2016/Groups/ HTTP/1.1" 200 28197 "http://ravetest2.ct8.pl/2016/users/136/profile" "Mozilla/5.0 (Macintosh; Intel Mac OS X 10_15_7) AppleWebKit/605.1.15 (KHTML, like Gecko) Version/16.1 Safari/605.1.15"
24.176.90.134 - - [14/Jan/2023:01:05:38 +0100] "GET /auth/404-images/1.png HTTP/1.1" 200 299568 "http://ravetest2.ct8.pl/home" "Mozilla/5.0 (Windows NT 10.0; Win64; x64) AppleWebKit/537.36 (KHTML, like Gecko) Chrome/108.0.0.0 Safari/537.36"
24.176.90.134 - - [14/Jan/2023:01:05:39 +0100] "GET /2016/Forum/ShowPost.aspx?PostID=1828 HTTP/1.1" 200 25957 "-" "Mozilla/5.0 (Windows NT 10.0; Win64; x64) AppleWebKit/537.36 (KHTML, like Gecko) Chrome/108.0.0.0 Safari/537.36"
24.176.90.134 - - [14/Jan/2023:01:05:40 +0100] "GET /images/user_IsOnline.gif HTTP/1.1" 200 297 "http://ravetest2.ct8.pl/2016/Forum/ShowPost.aspx?PostID=1828" "Mozilla/5.0 (Windows NT 10.0; Win64; x64) AppleWebKit/537.36 (KHTML, like Gecko) Chrome/108.0.0.0 Safari/537.36"
24.176.90.134 - - [14/Jan/2023:01:05:40 +0100] "GET /images/users_moderator.gif HTTP/1.1" 200 457 "http://ravetest2.ct8.pl/2016/Forum/ShowPost.aspx?PostID=1828" "Mozilla/5.0 (Windows NT 10.0; Win64; x64) AppleWebKit/537.36 (KHTML, like Gecko) Chrome/108.0.0.0 Safari/537.36"
24.176.90.134 - - [14/Jan/2023:01:05:40 +0100] "GET /avatar.php?id=136 HTTP/1.1" 200 607 "http://ravetest2.ct8.pl/2016/Forum/ShowPost.aspx?PostID=1828" "Mozilla/5.0 (Windows NT 10.0; Win64; x64) AppleWebKit/537.36 (KHTML, like Gecko) Chrome/108.0.0.0 Safari/537.36"
24.176.90.134 - - [14/Jan/2023:01:05:40 +0100] "GET /2016/Style/thisthing.css HTTP/1.1" 200 188328 "http://ravetest2.ct8.pl/2016/Forum/ShowPost.aspx?PostID=1828" "Mozilla/5.0 (Windows NT 10.0; Win64; x64) AppleWebKit/537.36 (KHTML, like Gecko) Chrome/108.0.0.0 Safari/537.36"
24.176.90.134 - - [14/Jan/2023:01:05:40 +0100] "GET /Market/Storage/skintone2sadsad.png HTTP/1.1" 404 6006 "http://ravetest2.ct8.pl/avatar.php?id=136" "Mozilla/5.0 (Windows NT 10.0; Win64; x64) AppleWebKit/537.36 (KHTML, like Gecko) Chrome/108.0.0.0 Safari/537.36"
174.34.222.249 - - [14/Jan/2023:01:05:41 +0100] "GET /Groups/Club?id=5 HTTP/1.1" 404 5995 "http://ravetest2.ct8.pl/2016/Groups/" "Mozilla/5.0 (Macintosh; Intel Mac OS X 10_15_7) AppleWebKit/605.1.15 (KHTML, like Gecko) Version/16.1 Safari/605.1.15"
174.34.222.249 - - [14/Jan/2023:01:05:42 +0100] "GET /auth/404-images/2.png HTTP/1.1" 200 289245 "http://ravetest2.ct8.pl/Groups/Club?id=5" "Mozilla/5.0 (Macintosh; Intel Mac OS X 10_15_7) AppleWebKit/605.1.15 (KHTML, like Gecko) Version/16.1 Safari/605.1.15"
24.176.90.134 - - [14/Jan/2023:01:05:43 +0100] "GET /2016/Style/2016.css HTTP/1.1" 200 188328 "http://ravetest2.ct8.pl/2016/Forum/ShowPost.aspx?PostID=1828" "Mozilla/5.0 (Windows NT 10.0; Win64; x64) AppleWebKit/537.36 (KHTML, like Gecko) Chrome/108.0.0.0 Safari/537.36"
24.176.90.134 - - [14/Jan/2023:01:05:45 +0100] "GET /Market/Storage/elbot.png HTTP/1.1" 404 5995 "http://ravetest2.ct8.pl/avatar.php?id=136" "Mozilla/5.0 (Windows NT 10.0; Win64; x64) AppleWebKit/537.36 (KHTML, like Gecko) Chrome/108.0.0.0 Safari/537.36"
24.176.90.134 - - [14/Jan/2023:01:05:45 +0100] "GET /Market/Storage/ HTTP/1.1" 404 6039 "http://ravetest2.ct8.pl/avatar.php?id=136" "Mozilla/5.0 (Windows NT 10.0; Win64; x64) AppleWebKit/537.36 (KHTML, like Gecko) Chrome/108.0.0.0 Safari/537.36"
24.176.90.134 - - [14/Jan/2023:01:05:45 +0100] "GET /img/navigation_02012016.svg HTTP/1.1" 200 26200 "http://ravetest2.ct8.pl/2016/Style/2016.css" "Mozilla/5.0 (Windows NT 10.0; Win64; x64) AppleWebKit/537.36 (KHTML, like Gecko) Chrome/108.0.0.0 Safari/537.36"
174.34.222.249 - - [14/Jan/2023:01:05:46 +0100] "GET /2016/Groups/Club?id=5 HTTP/1.1" 301 254 "-" "Mozilla/5.0 (Macintosh; Intel Mac OS X 10_15_7) AppleWebKit/605.1.15 (KHTML, like Gecko) Version/16.1 Safari/605.1.15"
174.34.222.249 - - [14/Jan/2023:01:05:46 +0100] "GET /2016/Groups/Club/?id=5 HTTP/1.1" 200 39487 "-" "Mozilla/5.0 (Macintosh; Intel Mac OS X 10_15_7) AppleWebKit/605.1.15 (KHTML, like Gecko) Version/16.1 Safari/605.1.15"
24.176.90.134 - - [14/Jan/2023:01:05:49 +0100] "GET /favicon.ico HTTP/1.1" 404 6039 "http://ravetest2.ct8.pl/2016/Forum/ShowPost.aspx?PostID=1828" "Mozilla/5.0 (Windows NT 10.0; Win64; x64) AppleWebKit/537.36 (KHTML, like Gecko) Chrome/108.0.0.0 Safari/537.36"
