206.1.136.191 - - [06/Feb/2022:22:28:55 +0100] "POST /user/fetchmessages HTTP/1.1" 200 37 "http://undertale.ct8.pl/user/dashboard" "Mozilla/5.0 (Windows NT 6.3; Win64; x64) AppleWebKit/537.36 (KHTML, like Gecko) Chrome/97.0.4692.99 Safari/537.36"
189.222.38.188 - - [06/Feb/2022:22:28:55 +0100] "POST /user/fetchmessages HTTP/1.1" 200 37 "http://undertale.ct8.pl/user/dashboard" "Mozilla/5.0 (Windows NT 6.3; Win64; x64) AppleWebKit/537.36 (KHTML, like Gecko) Chrome/97.0.4692.99 Safari/537.36"
206.1.136.191 - - [06/Feb/2022:22:28:56 +0100] "POST /user/fetchmessages HTTP/1.1" 200 37 "http://undertale.ct8.pl/user/dashboard" "Mozilla/5.0 (Windows NT 6.3; Win64; x64) AppleWebKit/537.36 (KHTML, like Gecko) Chrome/97.0.4692.99 Safari/537.36"
189.222.38.188 - - [06/Feb/2022:22:28:56 +0100] "POST /user/fetchmessages HTTP/1.1" 200 37 "http://undertale.ct8.pl/user/dashboard" "Mozilla/5.0 (Windows NT 6.3; Win64; x64) AppleWebKit/537.36 (KHTML, like Gecko) Chrome/97.0.4692.99 Safari/537.36"
189.222.38.188 - - [06/Feb/2022:22:28:57 +0100] "GET /user/economy HTTP/1.1" 200 4289 "http://undertale.ct8.pl/user/dashboard" "Mozilla/5.0 (Windows NT 6.3; Win64; x64) AppleWebKit/537.36 (KHTML, like Gecko) Chrome/97.0.4692.99 Safari/537.36"
206.1.136.191 - - [06/Feb/2022:22:28:57 +0100] "POST /user/fetchmessages HTTP/1.1" 200 37 "http://undertale.ct8.pl/user/dashboard" "Mozilla/5.0 (Windows NT 6.3; Win64; x64) AppleWebKit/537.36 (KHTML, like Gecko) Chrome/97.0.4692.99 Safari/537.36"
206.1.136.191 - - [06/Feb/2022:22:28:58 +0100] "POST /user/fetchmessages HTTP/1.1" 200 37 "http://undertale.ct8.pl/user/dashboard" "Mozilla/5.0 (Windows NT 6.3; Win64; x64) AppleWebKit/537.36 (KHTML, like Gecko) Chrome/97.0.4692.99 Safari/537.36"
206.1.136.191 - - [06/Feb/2022:22:28:59 +0100] "POST /user/fetchmessages HTTP/1.1" 200 37 "http://undertale.ct8.pl/user/dashboard" "Mozilla/5.0 (Windows NT 6.3; Win64; x64) AppleWebKit/537.36 (KHTML, like Gecko) Chrome/97.0.4692.99 Safari/537.36"
206.1.136.191 - - [06/Feb/2022:22:29:00 +0100] "POST /user/fetchmessages HTTP/1.1" 200 37 "http://undertale.ct8.pl/user/dashboard" "Mozilla/5.0 (Windows NT 6.3; Win64; x64) AppleWebKit/537.36 (KHTML, like Gecko) Chrome/97.0.4692.99 Safari/537.36"
206.1.136.191 - - [06/Feb/2022:22:29:01 +0100] "POST /user/fetchmessages HTTP/1.1" 200 37 "http://undertale.ct8.pl/user/dashboard" "Mozilla/5.0 (Windows NT 6.3; Win64; x64) AppleWebKit/537.36 (KHTML, like Gecko) Chrome/97.0.4692.99 Safari/537.36"
189.222.38.188 - - [06/Feb/2022:22:29:01 +0100] "GET /store HTTP/1.1" 200 4405 "http://undertale.ct8.pl/user/economy" "Mozilla/5.0 (Windows NT 6.3; Win64; x64) AppleWebKit/537.36 (KHTML, like Gecko) Chrome/97.0.4692.99 Safari/537.36"
206.1.136.191 - - [06/Feb/2022:22:29:02 +0100] "POST /user/fetchmessages HTTP/1.1" 200 37 "http://undertale.ct8.pl/user/dashboard" "Mozilla/5.0 (Windows NT 6.3; Win64; x64) AppleWebKit/537.36 (KHTML, like Gecko) Chrome/97.0.4692.99 Safari/537.36"
189.222.38.188 - - [06/Feb/2022:22:29:02 +0100] "GET /store/clothing HTTP/1.1" 200 4405 "http://undertale.ct8.pl/store" "Mozilla/5.0 (Windows NT 6.3; Win64; x64) AppleWebKit/537.36 (KHTML, like Gecko) Chrome/97.0.4692.99 Safari/537.36"
206.1.136.191 - - [06/Feb/2022:22:29:04 +0100] "POST /user/fetchmessages HTTP/1.1" 200 37 "http://undertale.ct8.pl/user/dashboard" "Mozilla/5.0 (Windows NT 6.3; Win64; x64) AppleWebKit/537.36 (KHTML, like Gecko) Chrome/97.0.4692.99 Safari/537.36"
206.1.136.191 - - [06/Feb/2022:22:29:05 +0100] "POST /user/fetchmessages HTTP/1.1" 200 37 "http://undertale.ct8.pl/user/dashboard" "Mozilla/5.0 (Windows NT 6.3; Win64; x64) AppleWebKit/537.36 (KHTML, like Gecko) Chrome/97.0.4692.99 Safari/537.36"
206.1.136.191 - - [06/Feb/2022:22:29:06 +0100] "POST /user/fetchmessages HTTP/1.1" 200 37 "http://undertale.ct8.pl/user/dashboard" "Mozilla/5.0 (Windows NT 6.3; Win64; x64) AppleWebKit/537.36 (KHTML, like Gecko) Chrome/97.0.4692.99 Safari/537.36"
206.1.136.191 - - [06/Feb/2022:22:29:07 +0100] "POST /user/fetchmessages HTTP/1.1" 200 37 "http://undertale.ct8.pl/user/dashboard" "Mozilla/5.0 (Windows NT 6.3; Win64; x64) AppleWebKit/537.36 (KHTML, like Gecko) Chrome/97.0.4692.99 Safari/537.36"
206.1.136.191 - - [06/Feb/2022:22:29:08 +0100] "POST /user/fetchmessages HTTP/1.1" 200 37 "http://undertale.ct8.pl/user/dashboard" "Mozilla/5.0 (Windows NT 6.3; Win64; x64) AppleWebKit/537.36 (KHTML, like Gecko) Chrome/97.0.4692.99 Safari/537.36"
206.1.136.191 - - [06/Feb/2022:22:29:09 +0100] "POST /user/fetchmessages HTTP/1.1" 200 37 "http://undertale.ct8.pl/user/dashboard" "Mozilla/5.0 (Windows NT 6.3; Win64; x64) AppleWebKit/537.36 (KHTML, like Gecko) Chrome/97.0.4692.99 Safari/537.36"
206.1.136.191 - - [06/Feb/2022:22:29:10 +0100] "POST /user/fetchmessages HTTP/1.1" 200 37 "http://undertale.ct8.pl/user/dashboard" "Mozilla/5.0 (Windows NT 6.3; Win64; x64) AppleWebKit/537.36 (KHTML, like Gecko) Chrome/97.0.4692.99 Safari/537.36"
206.1.136.191 - - [06/Feb/2022:22:29:11 +0100] "POST /user/fetchmessages HTTP/1.1" 200 37 "http://undertale.ct8.pl/user/dashboard" "Mozilla/5.0 (Windows NT 6.3; Win64; x64) AppleWebKit/537.36 (KHTML, like Gecko) Chrome/97.0.4692.99 Safari/537.36"
206.1.136.191 - - [06/Feb/2022:22:29:12 +0100] "POST /user/fetchmessages HTTP/1.1" 200 37 "http://undertale.ct8.pl/user/dashboard" "Mozilla/5.0 (Windows NT 6.3; Win64; x64) AppleWebKit/537.36 (KHTML, like Gecko) Chrome/97.0.4692.99 Safari/537.36"
206.1.136.191 - - [06/Feb/2022:22:29:13 +0100] "POST /user/fetchmessages HTTP/1.1" 200 37 "http://undertale.ct8.pl/user/dashboard" "Mozilla/5.0 (Windows NT 6.3; Win64; x64) AppleWebKit/537.36 (KHTML, like Gecko) Chrome/97.0.4692.99 Safari/537.36"
206.1.136.191 - - [06/Feb/2022:22:29:14 +0100] "POST /user/fetchmessages HTTP/1.1" 200 37 "http://undertale.ct8.pl/user/dashboard" "Mozilla/5.0 (Windows NT 6.3; Win64; x64) AppleWebKit/537.36 (KHTML, like Gecko) Chrome/97.0.4692.99 Safari/537.36"
206.1.136.191 - - [06/Feb/2022:22:29:15 +0100] "POST /user/fetchmessages HTTP/1.1" 200 37 "http://undertale.ct8.pl/user/dashboard" "Mozilla/5.0 (Windows NT 6.3; Win64; x64) AppleWebKit/537.36 (KHTML, like Gecko) Chrome/97.0.4692.99 Safari/537.36"
189.222.38.188 - - [06/Feb/2022:22:29:16 +0100] "GET /store/clothing HTTP/1.1" 200 4405 "http://undertale.ct8.pl/store" "Mozilla/5.0 (Windows NT 6.3; Win64; x64) AppleWebKit/537.36 (KHTML, like Gecko) Chrome/97.0.4692.99 Safari/537.36"
206.1.136.191 - - [06/Feb/2022:22:29:16 +0100] "POST /user/fetchmessages HTTP/1.1" 200 37 "http://undertale.ct8.pl/user/dashboard" "Mozilla/5.0 (Windows NT 6.3; Win64; x64) AppleWebKit/537.36 (KHTML, like Gecko) Chrome/97.0.4692.99 Safari/537.36"
189.222.38.188 - - [06/Feb/2022:22:29:17 +0100] "GET /user/notifications HTTP/1.1" 200 4053 "http://undertale.ct8.pl/store/clothing" "Mozilla/5.0 (Windows NT 6.3; Win64; x64) AppleWebKit/537.36 (KHTML, like Gecko) Chrome/97.0.4692.99 Safari/537.36"
206.1.136.191 - - [06/Feb/2022:22:29:17 +0100] "POST /user/fetchmessages HTTP/1.1" 200 37 "http://undertale.ct8.pl/user/dashboard" "Mozilla/5.0 (Windows NT 6.3; Win64; x64) AppleWebKit/537.36 (KHTML, like Gecko) Chrome/97.0.4692.99 Safari/537.36"
189.222.38.188 - - [06/Feb/2022:22:29:18 +0100] "GET /user/notifications/2/dismiss HTTP/1.1" 302 424 "http://undertale.ct8.pl/user/notifications" "Mozilla/5.0 (Windows NT 6.3; Win64; x64) AppleWebKit/537.36 (KHTML, like Gecko) Chrome/97.0.4692.99 Safari/537.36"
206.1.136.191 - - [06/Feb/2022:22:29:18 +0100] "POST /user/fetchmessages HTTP/1.1" 200 37 "http://undertale.ct8.pl/user/dashboard" "Mozilla/5.0 (Windows NT 6.3; Win64; x64) AppleWebKit/537.36 (KHTML, like Gecko) Chrome/97.0.4692.99 Safari/537.36"
189.222.38.188 - - [06/Feb/2022:22:29:18 +0100] "GET /user/notifications HTTP/1.1" 200 3862 "http://undertale.ct8.pl/user/notifications" "Mozilla/5.0 (Windows NT 6.3; Win64; x64) AppleWebKit/537.36 (KHTML, like Gecko) Chrome/97.0.4692.99 Safari/537.36"
206.1.136.191 - - [06/Feb/2022:22:29:19 +0100] "POST /user/fetchmessages HTTP/1.1" 200 37 "http://undertale.ct8.pl/user/dashboard" "Mozilla/5.0 (Windows NT 6.3; Win64; x64) AppleWebKit/537.36 (KHTML, like Gecko) Chrome/97.0.4692.99 Safari/537.36"
189.222.38.188 - - [06/Feb/2022:22:29:19 +0100] "GET /store HTTP/1.1" 200 4405 "http://undertale.ct8.pl/user/notifications" "Mozilla/5.0 (Windows NT 6.3; Win64; x64) AppleWebKit/537.36 (KHTML, like Gecko) Chrome/97.0.4692.99 Safari/537.36"
189.222.38.188 - - [06/Feb/2022:22:29:20 +0100] "GET /user/members HTTP/1.1" 200 4665 "http://undertale.ct8.pl/store" "Mozilla/5.0 (Windows NT 6.3; Win64; x64) AppleWebKit/537.36 (KHTML, like Gecko) Chrome/97.0.4692.99 Safari/537.36"
206.1.136.191 - - [06/Feb/2022:22:29:20 +0100] "POST /user/fetchmessages HTTP/1.1" 200 37 "http://undertale.ct8.pl/user/dashboard" "Mozilla/5.0 (Windows NT 6.3; Win64; x64) AppleWebKit/537.36 (KHTML, like Gecko) Chrome/97.0.4692.99 Safari/537.36"
136.243.156.104 - - [06/Feb/2022:22:29:21 +0100] "GET /user_img/avatar/base.png HTTP/1.0" 200 9725 "-" "-"
136.243.156.104 - - [06/Feb/2022:22:29:21 +0100] "GET /user_img/avatar/active_icon.png HTTP/1.0" 200 2788 "-" "-"
189.222.38.188 - - [06/Feb/2022:22:29:21 +0100] "GET /user/avatar/1 HTTP/1.1" 200 11876 "http://undertale.ct8.pl/user/members" "Mozilla/5.0 (Windows NT 6.3; Win64; x64) AppleWebKit/537.36 (KHTML, like Gecko) Chrome/97.0.4692.99 Safari/537.36"
206.1.136.191 - - [06/Feb/2022:22:29:21 +0100] "POST /user/fetchmessages HTTP/1.1" 200 37 "http://undertale.ct8.pl/user/dashboard" "Mozilla/5.0 (Windows NT 6.3; Win64; x64) AppleWebKit/537.36 (KHTML, like Gecko) Chrome/97.0.4692.99 Safari/537.36"
136.243.156.104 - - [06/Feb/2022:22:29:22 +0100] "GET /user_img/avatar/base.png HTTP/1.0" 200 9725 "-" "-"
136.243.156.104 - - [06/Feb/2022:22:29:22 +0100] "GET /user_img/avatar/active_icon.png HTTP/1.0" 200 2788 "-" "-"
189.222.38.188 - - [06/Feb/2022:22:29:22 +0100] "GET /user/avatar/2 HTTP/1.1" 200 11876 "http://undertale.ct8.pl/user/members" "Mozilla/5.0 (Windows NT 6.3; Win64; x64) AppleWebKit/537.36 (KHTML, like Gecko) Chrome/97.0.4692.99 Safari/537.36"
206.1.136.191 - - [06/Feb/2022:22:29:22 +0100] "POST /user/fetchmessages HTTP/1.1" 200 37 "http://undertale.ct8.pl/user/dashboard" "Mozilla/5.0 (Windows NT 6.3; Win64; x64) AppleWebKit/537.36 (KHTML, like Gecko) Chrome/97.0.4692.99 Safari/537.36"
189.222.38.188 - - [06/Feb/2022:22:29:23 +0100] "GET /user/profile/1 HTTP/1.1" 200 6017 "http://undertale.ct8.pl/user/members" "Mozilla/5.0 (Windows NT 6.3; Win64; x64) AppleWebKit/537.36 (KHTML, like Gecko) Chrome/97.0.4692.99 Safari/537.36"
189.222.38.188 - - [06/Feb/2022:22:29:23 +0100] "GET /user_img/badges/designer.png HTTP/1.1" 200 2722 "http://undertale.ct8.pl/user/profile/1" "Mozilla/5.0 (Windows NT 6.3; Win64; x64) AppleWebKit/537.36 (KHTML, like Gecko) Chrome/97.0.4692.99 Safari/537.36"
189.222.38.188 - - [06/Feb/2022:22:29:23 +0100] "GET /user_img/badges/administrator.png HTTP/1.1" 200 2782 "http://undertale.ct8.pl/user/profile/1" "Mozilla/5.0 (Windows NT 6.3; Win64; x64) AppleWebKit/537.36 (KHTML, like Gecko) Chrome/97.0.4692.99 Safari/537.36"
136.243.156.104 - - [06/Feb/2022:22:29:23 +0100] "GET /user_img/avatar/base.png HTTP/1.0" 200 9725 "-" "-"
136.243.156.104 - - [06/Feb/2022:22:29:23 +0100] "GET /user_img/avatar/active_icon.png HTTP/1.0" 200 2788 "-" "-"
189.222.38.188 - - [06/Feb/2022:22:29:23 +0100] "GET /user/avatar/1 HTTP/1.1" 200 11876 "http://undertale.ct8.pl/user/profile/1" "Mozilla/5.0 (Windows NT 6.3; Win64; x64) AppleWebKit/537.36 (KHTML, like Gecko) Chrome/97.0.4692.99 Safari/537.36"
189.222.38.188 - - [06/Feb/2022:22:29:23 +0100] "GET /user_img/badges/verified.png HTTP/1.1" 200 2887 "http://undertale.ct8.pl/user/profile/1" "Mozilla/5.0 (Windows NT 6.3; Win64; x64) AppleWebKit/537.36 (KHTML, like Gecko) Chrome/97.0.4692.99 Safari/537.36"
189.222.38.188 - - [06/Feb/2022:22:29:23 +0100] "GET /user_img/badges/upgraded.png HTTP/1.1" 200 2610 "http://undertale.ct8.pl/user/profile/1" "Mozilla/5.0 (Windows NT 6.3; Win64; x64) AppleWebKit/537.36 (KHTML, like Gecko) Chrome/97.0.4692.99 Safari/537.36"
206.1.136.191 - - [06/Feb/2022:22:29:23 +0100] "POST /user/fetchmessages HTTP/1.1" 200 37 "http://undertale.ct8.pl/user/dashboard" "Mozilla/5.0 (Windows NT 6.3; Win64; x64) AppleWebKit/537.36 (KHTML, like Gecko) Chrome/97.0.4692.99 Safari/537.36"
206.1.136.191 - - [06/Feb/2022:22:29:24 +0100] "POST /user/fetchmessages HTTP/1.1" 200 37 "http://undertale.ct8.pl/user/dashboard" "Mozilla/5.0 (Windows NT 6.3; Win64; x64) AppleWebKit/537.36 (KHTML, like Gecko) Chrome/97.0.4692.99 Safari/537.36"
206.1.136.191 - - [06/Feb/2022:22:29:25 +0100] "POST /user/fetchmessages HTTP/1.1" 200 37 "http://undertale.ct8.pl/user/dashboard" "Mozilla/5.0 (Windows NT 6.3; Win64; x64) AppleWebKit/537.36 (KHTML, like Gecko) Chrome/97.0.4692.99 Safari/537.36"
206.1.136.191 - - [06/Feb/2022:22:29:26 +0100] "POST /user/fetchmessages HTTP/1.1" 200 37 "http://undertale.ct8.pl/user/dashboard" "Mozilla/5.0 (Windows NT 6.3; Win64; x64) AppleWebKit/537.36 (KHTML, like Gecko) Chrome/97.0.4692.99 Safari/537.36"
206.1.136.191 - - [06/Feb/2022:22:29:27 +0100] "POST /user/fetchmessages HTTP/1.1" 200 37 "http://undertale.ct8.pl/user/dashboard" "Mozilla/5.0 (Windows NT 6.3; Win64; x64) AppleWebKit/537.36 (KHTML, like Gecko) Chrome/97.0.4692.99 Safari/537.36"
206.1.136.191 - - [06/Feb/2022:22:29:28 +0100] "POST /user/fetchmessages HTTP/1.1" 200 37 "http://undertale.ct8.pl/user/dashboard" "Mozilla/5.0 (Windows NT 6.3; Win64; x64) AppleWebKit/537.36 (KHTML, like Gecko) Chrome/97.0.4692.99 Safari/537.36"
206.1.136.191 - - [06/Feb/2022:22:29:29 +0100] "POST /user/fetchmessages HTTP/1.1" 200 37 "http://undertale.ct8.pl/user/dashboard" "Mozilla/5.0 (Windows NT 6.3; Win64; x64) AppleWebKit/537.36 (KHTML, like Gecko) Chrome/97.0.4692.99 Safari/537.36"
206.1.136.191 - - [06/Feb/2022:22:29:30 +0100] "POST /user/fetchmessages HTTP/1.1" 200 37 "http://undertale.ct8.pl/user/dashboard" "Mozilla/5.0 (Windows NT 6.3; Win64; x64) AppleWebKit/537.36 (KHTML, like Gecko) Chrome/97.0.4692.99 Safari/537.36"
189.222.38.188 - - [06/Feb/2022:22:29:30 +0100] "GET /user/pm/from/1 HTTP/1.1" 200 5026 "http://undertale.ct8.pl/user/profile/1" "Mozilla/5.0 (Windows NT 6.3; Win64; x64) AppleWebKit/537.36 (KHTML, like Gecko) Chrome/97.0.4692.99 Safari/537.36"
206.1.136.191 - - [06/Feb/2022:22:29:31 +0100] "POST /user/fetchmessages HTTP/1.1" 200 37 "http://undertale.ct8.pl/user/dashboard" "Mozilla/5.0 (Windows NT 6.3; Win64; x64) AppleWebKit/537.36 (KHTML, like Gecko) Chrome/97.0.4692.99 Safari/537.36"
206.1.136.191 - - [06/Feb/2022:22:29:32 +0100] "POST /user/fetchmessages HTTP/1.1" 200 37 "http://undertale.ct8.pl/user/dashboard" "Mozilla/5.0 (Windows NT 6.3; Win64; x64) AppleWebKit/537.36 (KHTML, like Gecko) Chrome/97.0.4692.99 Safari/537.36"
206.1.136.191 - - [06/Feb/2022:22:29:33 +0100] "GET /user/profile/1 HTTP/1.1" 200 6786 "http://undertale.ct8.pl/user/dashboard" "Mozilla/5.0 (Windows NT 6.3; Win64; x64) AppleWebKit/537.36 (KHTML, like Gecko) Chrome/97.0.4692.99 Safari/537.36"
206.1.136.191 - - [06/Feb/2022:22:29:33 +0100] "POST /user/fetchmessages HTTP/1.1" 200 37 "http://undertale.ct8.pl/user/dashboard" "Mozilla/5.0 (Windows NT 6.3; Win64; x64) AppleWebKit/537.36 (KHTML, like Gecko) Chrome/97.0.4692.99 Safari/537.36"
206.1.136.191 - - [06/Feb/2022:22:29:33 +0100] "GET /user_img/badges/administrator.png HTTP/1.1" 200 2782 "http://undertale.ct8.pl/user/profile/1" "Mozilla/5.0 (Windows NT 6.3; Win64; x64) AppleWebKit/537.36 (KHTML, like Gecko) Chrome/97.0.4692.99 Safari/537.36"
206.1.136.191 - - [06/Feb/2022:22:29:33 +0100] "GET /user_img/badges/designer.png HTTP/1.1" 200 2722 "http://undertale.ct8.pl/user/profile/1" "Mozilla/5.0 (Windows NT 6.3; Win64; x64) AppleWebKit/537.36 (KHTML, like Gecko) Chrome/97.0.4692.99 Safari/537.36"
206.1.136.191 - - [06/Feb/2022:22:29:33 +0100] "GET /user_img/badges/upgraded.png HTTP/1.1" 200 2610 "http://undertale.ct8.pl/user/profile/1" "Mozilla/5.0 (Windows NT 6.3; Win64; x64) AppleWebKit/537.36 (KHTML, like Gecko) Chrome/97.0.4692.99 Safari/537.36"
206.1.136.191 - - [06/Feb/2022:22:29:33 +0100] "GET /user_img/badges/verified.png HTTP/1.1" 200 2887 "http://undertale.ct8.pl/user/profile/1" "Mozilla/5.0 (Windows NT 6.3; Win64; x64) AppleWebKit/537.36 (KHTML, like Gecko) Chrome/97.0.4692.99 Safari/537.36"
136.243.156.104 - - [06/Feb/2022:22:29:33 +0100] "GET /user_img/avatar/base.png HTTP/1.0" 200 9725 "-" "-"
136.243.156.104 - - [06/Feb/2022:22:29:33 +0100] "GET /user_img/avatar/active_icon.png HTTP/1.0" 200 2788 "-" "-"
206.1.136.191 - - [06/Feb/2022:22:29:33 +0100] "GET /user/avatar/1 HTTP/1.1" 200 11876 "http://undertale.ct8.pl/user/profile/1" "Mozilla/5.0 (Windows NT 6.3; Win64; x64) AppleWebKit/537.36 (KHTML, like Gecko) Chrome/97.0.4692.99 Safari/537.36"
189.222.38.188 - - [06/Feb/2022:22:29:34 +0100] "POST /user/pm/send/1 HTTP/1.1" 200 22 "http://undertale.ct8.pl/user/pm/from/1" "Mozilla/5.0 (Windows NT 6.3; Win64; x64) AppleWebKit/537.36 (KHTML, like Gecko) Chrome/97.0.4692.99 Safari/537.36"
189.222.38.188 - - [06/Feb/2022:22:29:37 +0100] "GET /user/pm/from/1 HTTP/1.1" 200 5012 "http://undertale.ct8.pl/user/profile/1" "Mozilla/5.0 (Windows NT 6.3; Win64; x64) AppleWebKit/537.36 (KHTML, like Gecko) Chrome/97.0.4692.99 Safari/537.36"
189.222.38.188 - - [06/Feb/2022:22:29:42 +0100] "GET /user/members HTTP/1.1" 200 4665 "http://undertale.ct8.pl/user/profile/1" "Mozilla/5.0 (Windows NT 6.3; Win64; x64) AppleWebKit/537.36 (KHTML, like Gecko) Chrome/97.0.4692.99 Safari/537.36"
136.243.156.104 - - [06/Feb/2022:22:29:43 +0100] "GET /user_img/avatar/base.png HTTP/1.0" 200 9725 "-" "-"
136.243.156.104 - - [06/Feb/2022:22:29:43 +0100] "GET /user_img/avatar/base.png HTTP/1.0" 200 9725 "-" "-"
136.243.156.104 - - [06/Feb/2022:22:29:43 +0100] "GET /user_img/avatar/active_icon.png HTTP/1.0" 200 2788 "-" "-"
189.222.38.188 - - [06/Feb/2022:22:29:43 +0100] "GET /user/avatar/1 HTTP/1.1" 200 11876 "http://undertale.ct8.pl/user/members" "Mozilla/5.0 (Windows NT 6.3; Win64; x64) AppleWebKit/537.36 (KHTML, like Gecko) Chrome/97.0.4692.99 Safari/537.36"
136.243.156.104 - - [06/Feb/2022:22:29:43 +0100] "GET /user_img/avatar/active_icon.png HTTP/1.0" 200 2788 "-" "-"
189.222.38.188 - - [06/Feb/2022:22:29:43 +0100] "GET /user/avatar/2 HTTP/1.1" 200 11876 "http://undertale.ct8.pl/user/members" "Mozilla/5.0 (Windows NT 6.3; Win64; x64) AppleWebKit/537.36 (KHTML, like Gecko) Chrome/97.0.4692.99 Safari/537.36"
189.222.38.188 - - [06/Feb/2022:22:29:44 +0100] "GET /user/profile/2 HTTP/1.1" 200 5252 "http://undertale.ct8.pl/user/members" "Mozilla/5.0 (Windows NT 6.3; Win64; x64) AppleWebKit/537.36 (KHTML, like Gecko) Chrome/97.0.4692.99 Safari/537.36"
136.243.156.104 - - [06/Feb/2022:22:29:44 +0100] "GET /user_img/avatar/base.png HTTP/1.0" 200 9725 "-" "-"
136.243.156.104 - - [06/Feb/2022:22:29:44 +0100] "GET /user_img/avatar/active_icon.png HTTP/1.0" 200 2788 "-" "-"
189.222.38.188 - - [06/Feb/2022:22:29:44 +0100] "GET /user/avatar/2 HTTP/1.1" 200 11876 "http://undertale.ct8.pl/user/profile/2" "Mozilla/5.0 (Windows NT 6.3; Win64; x64) AppleWebKit/537.36 (KHTML, like Gecko) Chrome/97.0.4692.99 Safari/537.36"
206.1.136.191 - - [06/Feb/2022:22:29:44 +0100] "GET /admin/dashboard HTTP/1.1" 200 5984 "http://undertale.ct8.pl/user/profile/1" "Mozilla/5.0 (Windows NT 6.3; Win64; x64) AppleWebKit/537.36 (KHTML, like Gecko) Chrome/97.0.4692.99 Safari/537.36"
206.1.136.191 - - [06/Feb/2022:22:29:45 +0100] "GET /media/css/admin.css HTTP/1.1" 200 3007 "http://undertale.ct8.pl/admin/dashboard" "Mozilla/5.0 (Windows NT 6.3; Win64; x64) AppleWebKit/537.36 (KHTML, like Gecko) Chrome/97.0.4692.99 Safari/537.36"
206.1.136.191 - - [06/Feb/2022:22:29:45 +0100] "GET /media/themes/default/css/admin.css HTTP/1.1" 200 283 "http://undertale.ct8.pl/admin/dashboard" "Mozilla/5.0 (Windows NT 6.3; Win64; x64) AppleWebKit/537.36 (KHTML, like Gecko) Chrome/97.0.4692.99 Safari/537.36"
189.222.38.188 - - [06/Feb/2022:22:29:47 +0100] "GET /forum HTTP/1.1" 200 4267 "http://undertale.ct8.pl/user/profile/2" "Mozilla/5.0 (Windows NT 6.3; Win64; x64) AppleWebKit/537.36 (KHTML, like Gecko) Chrome/97.0.4692.99 Safari/537.36"
189.222.38.188 - - [06/Feb/2022:22:29:49 +0100] "GET /forum/topic/1 HTTP/1.1" 200 4349 "http://undertale.ct8.pl/forum" "Mozilla/5.0 (Windows NT 6.3; Win64; x64) AppleWebKit/537.36 (KHTML, like Gecko) Chrome/97.0.4692.99 Safari/537.36"
189.222.38.188 - - [06/Feb/2022:22:29:51 +0100] "GET /forum/topic/1/new HTTP/1.1" 200 4926 "http://undertale.ct8.pl/forum/topic/1" "Mozilla/5.0 (Windows NT 6.3; Win64; x64) AppleWebKit/537.36 (KHTML, like Gecko) Chrome/97.0.4692.99 Safari/537.36"
206.1.136.191 - - [06/Feb/2022:22:29:55 +0100] "GET /admin/alerts HTTP/1.1" 200 5128 "http://undertale.ct8.pl/admin/dashboard" "Mozilla/5.0 (Windows NT 6.3; Win64; x64) AppleWebKit/537.36 (KHTML, like Gecko) Chrome/97.0.4692.99 Safari/537.36"
189.222.38.188 - - [06/Feb/2022:22:29:57 +0100] "POST /forum/topic/1/new HTTP/1.1" 302 420 "http://undertale.ct8.pl/forum/topic/1/new" "Mozilla/5.0 (Windows NT 6.3; Win64; x64) AppleWebKit/537.36 (KHTML, like Gecko) Chrome/97.0.4692.99 Safari/537.36"
189.222.38.188 - - [06/Feb/2022:22:29:57 +0100] "GET /forum/topic/1/new HTTP/1.1" 200 5114 "http://undertale.ct8.pl/forum/topic/1/new" "Mozilla/5.0 (Windows NT 6.3; Win64; x64) AppleWebKit/537.36 (KHTML, like Gecko) Chrome/97.0.4692.99 Safari/537.36"
206.1.136.191 - - [06/Feb/2022:22:29:59 +0100] "GET /admin/alerts/1/delete HTTP/1.1" 302 400 "http://undertale.ct8.pl/admin/alerts" "Mozilla/5.0 (Windows NT 6.3; Win64; x64) AppleWebKit/537.36 (KHTML, like Gecko) Chrome/97.0.4692.99 Safari/537.36"
206.1.136.191 - - [06/Feb/2022:22:29:59 +0100] "GET /admin/alerts HTTP/1.1" 200 4763 "http://undertale.ct8.pl/admin/alerts" "Mozilla/5.0 (Windows NT 6.3; Win64; x64) AppleWebKit/537.36 (KHTML, like Gecko) Chrome/97.0.4692.99 Safari/537.36"
206.1.136.191 - - [06/Feb/2022:22:30:02 +0100] "GET /admin/alerts/new HTTP/1.1" 200 5236 "http://undertale.ct8.pl/admin/alerts" "Mozilla/5.0 (Windows NT 6.3; Win64; x64) AppleWebKit/537.36 (KHTML, like Gecko) Chrome/97.0.4692.99 Safari/537.36"
206.1.136.191 - - [06/Feb/2022:22:30:14 +0100] "POST /admin/alerts/new HTTP/1.1" 302 400 "http://undertale.ct8.pl/admin/alerts/new" "Mozilla/5.0 (Windows NT 6.3; Win64; x64) AppleWebKit/537.36 (KHTML, like Gecko) Chrome/97.0.4692.99 Safari/537.36"
206.1.136.191 - - [06/Feb/2022:22:30:14 +0100] "GET /admin/alerts HTTP/1.1" 200 5153 "http://undertale.ct8.pl/admin/alerts/new" "Mozilla/5.0 (Windows NT 6.3; Win64; x64) AppleWebKit/537.36 (KHTML, like Gecko) Chrome/97.0.4692.99 Safari/537.36"
206.1.136.191 - - [06/Feb/2022:22:30:18 +0100] "GET /admin/config HTTP/1.1" 200 5849 "http://undertale.ct8.pl/admin/alerts" "Mozilla/5.0 (Windows NT 6.3; Win64; x64) AppleWebKit/537.36 (KHTML, like Gecko) Chrome/97.0.4692.99 Safari/537.36"
189.222.38.188 - - [06/Feb/2022:22:30:19 +0100] "POST /forum/topic/1/new HTTP/1.1" 302 408 "http://undertale.ct8.pl/forum/topic/1/new" "Mozilla/5.0 (Windows NT 6.3; Win64; x64) AppleWebKit/537.36 (KHTML, like Gecko) Chrome/97.0.4692.99 Safari/537.36"
189.222.38.188 - - [06/Feb/2022:22:30:20 +0100] "GET /forum/thread/1 HTTP/1.1" 200 5877 "http://undertale.ct8.pl/forum/topic/1/new" "Mozilla/5.0 (Windows NT 6.3; Win64; x64) AppleWebKit/537.36 (KHTML, like Gecko) Chrome/97.0.4692.99 Safari/537.36"
136.243.156.104 - - [06/Feb/2022:22:30:20 +0100] "GET /user_img/avatar/base.png HTTP/1.0" 200 9725 "-" "-"
136.243.156.104 - - [06/Feb/2022:22:30:20 +0100] "GET /user_img/avatar/active_icon.png HTTP/1.0" 200 2788 "-" "-"
189.222.38.188 - - [06/Feb/2022:22:30:20 +0100] "GET /user/avatar/2 HTTP/1.1" 200 11876 "http://undertale.ct8.pl/forum/thread/1" "Mozilla/5.0 (Windows NT 6.3; Win64; x64) AppleWebKit/537.36 (KHTML, like Gecko) Chrome/97.0.4692.99 Safari/537.36"
189.222.38.188 - - [06/Feb/2022:22:30:24 +0100] "GET /user/economy HTTP/1.1" 200 4258 "http://undertale.ct8.pl/forum/thread/1" "Mozilla/5.0 (Windows NT 6.3; Win64; x64) AppleWebKit/537.36 (KHTML, like Gecko) Chrome/97.0.4692.99 Safari/537.36"
206.1.136.191 - - [06/Feb/2022:22:30:30 +0100] "POST /admin/config HTTP/1.1" 302 400 "http://undertale.ct8.pl/admin/config" "Mozilla/5.0 (Windows NT 6.3; Win64; x64) AppleWebKit/537.36 (KHTML, like Gecko) Chrome/97.0.4692.99 Safari/537.36"
206.1.136.191 - - [06/Feb/2022:22:30:30 +0100] "GET /admin/config HTTP/1.1" 200 5943 "http://undertale.ct8.pl/admin/config" "Mozilla/5.0 (Windows NT 6.3; Win64; x64) AppleWebKit/537.36 (KHTML, like Gecko) Chrome/97.0.4692.99 Safari/537.36"
189.222.38.188 - - [06/Feb/2022:22:30:41 +0100] "GET /store HTTP/1.1" 200 4474 "http://undertale.ct8.pl/user/economy" "Mozilla/5.0 (Windows NT 6.3; Win64; x64) AppleWebKit/537.36 (KHTML, like Gecko) Chrome/97.0.4692.99 Safari/537.36"
189.222.38.188 - - [06/Feb/2022:22:30:42 +0100] "GET /store/upload HTTP/1.1" 200 5965 "http://undertale.ct8.pl/store" "Mozilla/5.0 (Windows NT 6.3; Win64; x64) AppleWebKit/537.36 (KHTML, like Gecko) Chrome/97.0.4692.99 Safari/537.36"
189.222.38.188 - - [06/Feb/2022:22:30:57 +0100] "GET /user/members HTTP/1.1" 200 4634 "http://undertale.ct8.pl/store/upload" "Mozilla/5.0 (Windows NT 6.3; Win64; x64) AppleWebKit/537.36 (KHTML, like Gecko) Chrome/97.0.4692.99 Safari/537.36"
136.243.156.104 - - [06/Feb/2022:22:30:58 +0100] "GET /user_img/avatar/base.png HTTP/1.0" 200 9725 "-" "-"
136.243.156.104 - - [06/Feb/2022:22:30:58 +0100] "GET /user_img/avatar/active_icon.png HTTP/1.0" 200 2788 "-" "-"
189.222.38.188 - - [06/Feb/2022:22:30:58 +0100] "GET /user/avatar/2 HTTP/1.1" 200 11876 "http://undertale.ct8.pl/user/members" "Mozilla/5.0 (Windows NT 6.3; Win64; x64) AppleWebKit/537.36 (KHTML, like Gecko) Chrome/97.0.4692.99 Safari/537.36"
136.243.156.104 - - [06/Feb/2022:22:30:58 +0100] "GET /user_img/avatar/base.png HTTP/1.0" 200 9725 "-" "-"
136.243.156.104 - - [06/Feb/2022:22:30:58 +0100] "GET /user_img/avatar/active_icon.png HTTP/1.0" 200 2788 "-" "-"
189.222.38.188 - - [06/Feb/2022:22:30:58 +0100] "GET /user/avatar/1 HTTP/1.1" 200 11876 "http://undertale.ct8.pl/user/members" "Mozilla/5.0 (Windows NT 6.3; Win64; x64) AppleWebKit/537.36 (KHTML, like Gecko) Chrome/97.0.4692.99 Safari/537.36"
189.222.38.188 - - [06/Feb/2022:22:30:58 +0100] "GET /user/profile/2 HTTP/1.1" 200 5221 "http://undertale.ct8.pl/user/members" "Mozilla/5.0 (Windows NT 6.3; Win64; x64) AppleWebKit/537.36 (KHTML, like Gecko) Chrome/97.0.4692.99 Safari/537.36"
136.243.156.104 - - [06/Feb/2022:22:30:59 +0100] "GET /user_img/avatar/base.png HTTP/1.0" 200 9725 "-" "-"
136.243.156.104 - - [06/Feb/2022:22:30:59 +0100] "GET /user_img/avatar/active_icon.png HTTP/1.0" 200 2788 "-" "-"
189.222.38.188 - - [06/Feb/2022:22:30:59 +0100] "GET /user/avatar/2 HTTP/1.1" 200 11876 "http://undertale.ct8.pl/user/profile/2" "Mozilla/5.0 (Windows NT 6.3; Win64; x64) AppleWebKit/537.36 (KHTML, like Gecko) Chrome/97.0.4692.99 Safari/537.36"
189.222.38.188 - - [06/Feb/2022:22:31:46 +0100] "GET /store HTTP/1.1" 200 4474 "http://undertale.ct8.pl/user/profile/2" "Mozilla/5.0 (Windows NT 6.3; Win64; x64) AppleWebKit/537.36 (KHTML, like Gecko) Chrome/97.0.4692.99 Safari/537.36"
189.222.38.188 - - [06/Feb/2022:22:31:47 +0100] "GET /store/upload HTTP/1.1" 200 5965 "http://undertale.ct8.pl/store" "Mozilla/5.0 (Windows NT 6.3; Win64; x64) AppleWebKit/537.36 (KHTML, like Gecko) Chrome/97.0.4692.99 Safari/537.36"
189.222.38.188 - - [06/Feb/2022:22:32:48 +0100] "POST /store/upload HTTP/1.1" 302 400 "http://undertale.ct8.pl/store/upload" "Mozilla/5.0 (Windows NT 6.3; Win64; x64) AppleWebKit/537.36 (KHTML, like Gecko) Chrome/97.0.4692.99 Safari/537.36"
189.222.38.188 - - [06/Feb/2022:22:32:48 +0100] "GET /store/item/1 HTTP/1.1" 200 5779 "http://undertale.ct8.pl/store/upload" "Mozilla/5.0 (Windows NT 6.3; Win64; x64) AppleWebKit/537.36 (KHTML, like Gecko) Chrome/97.0.4692.99 Safari/537.36"
189.222.38.188 - - [06/Feb/2022:22:32:48 +0100] "GET /user_img/avatar/usr_2_str=X65Zd9ZrZ07Fiqgc_file=edf8d93bbb860dcd2384f7529979be3d.png HTTP/1.1" 200 5539 "http://undertale.ct8.pl/store/item/1" "Mozilla/5.0 (Windows NT 6.3; Win64; x64) AppleWebKit/537.36 (KHTML, like Gecko) Chrome/97.0.4692.99 Safari/537.36"
189.222.38.188 - - [06/Feb/2022:22:32:59 +0100] "GET /store/item/1/purchase HTTP/1.1" 302 400 "http://undertale.ct8.pl/store/item/1" "Mozilla/5.0 (Windows NT 6.3; Win64; x64) AppleWebKit/537.36 (KHTML, like Gecko) Chrome/97.0.4692.99 Safari/537.36"
189.222.38.188 - - [06/Feb/2022:22:33:00 +0100] "GET /store/item/1 HTTP/1.1" 200 5926 "http://undertale.ct8.pl/store/item/1" "Mozilla/5.0 (Windows NT 6.3; Win64; x64) AppleWebKit/537.36 (KHTML, like Gecko) Chrome/97.0.4692.99 Safari/537.36"
189.222.38.188 - - [06/Feb/2022:22:33:00 +0100] "GET /user_img/avatar/usr_2_str=X65Zd9ZrZ07Fiqgc_file=edf8d93bbb860dcd2384f7529979be3d.png HTTP/1.1" 304 0 "http://undertale.ct8.pl/store/item/1" "Mozilla/5.0 (Windows NT 6.3; Win64; x64) AppleWebKit/537.36 (KHTML, like Gecko) Chrome/97.0.4692.99 Safari/537.36"
189.222.38.188 - - [06/Feb/2022:22:33:03 +0100] "GET /store HTTP/1.1" 200 4648 "http://undertale.ct8.pl/store/item/1" "Mozilla/5.0 (Windows NT 6.3; Win64; x64) AppleWebKit/537.36 (KHTML, like Gecko) Chrome/97.0.4692.99 Safari/537.36"
189.222.38.188 - - [06/Feb/2022:22:33:03 +0100] "GET /user_img/avatar/usr_2_str=X65Zd9ZrZ07Fiqgc_file=edf8d93bbb860dcd2384f7529979be3d.png HTTP/1.1" 304 0 "http://undertale.ct8.pl/store" "Mozilla/5.0 (Windows NT 6.3; Win64; x64) AppleWebKit/537.36 (KHTML, like Gecko) Chrome/97.0.4692.99 Safari/537.36"
189.222.38.188 - - [06/Feb/2022:22:33:06 +0100] "GET /forum HTTP/1.1" 200 4236 "http://undertale.ct8.pl/store" "Mozilla/5.0 (Windows NT 6.3; Win64; x64) AppleWebKit/537.36 (KHTML, like Gecko) Chrome/97.0.4692.99 Safari/537.36"
189.222.38.188 - - [06/Feb/2022:22:33:06 +0100] "GET /user/members HTTP/1.1" 200 4634 "http://undertale.ct8.pl/forum" "Mozilla/5.0 (Windows NT 6.3; Win64; x64) AppleWebKit/537.36 (KHTML, like Gecko) Chrome/97.0.4692.99 Safari/537.36"
136.243.156.104 - - [06/Feb/2022:22:33:06 +0100] "GET /user_img/avatar/base.png HTTP/1.0" 200 9725 "-" "-"
136.243.156.104 - - [06/Feb/2022:22:33:06 +0100] "GET /user_img/avatar/active_icon.png HTTP/1.0" 200 2788 "-" "-"
189.222.38.188 - - [06/Feb/2022:22:33:06 +0100] "GET /user/avatar/2 HTTP/1.1" 200 11876 "http://undertale.ct8.pl/user/members" "Mozilla/5.0 (Windows NT 6.3; Win64; x64) AppleWebKit/537.36 (KHTML, like Gecko) Chrome/97.0.4692.99 Safari/537.36"
136.243.156.104 - - [06/Feb/2022:22:33:06 +0100] "GET /user_img/avatar/base.png HTTP/1.0" 200 9725 "-" "-"
136.243.156.104 - - [06/Feb/2022:22:33:06 +0100] "GET /user_img/avatar/active_icon.png HTTP/1.0" 200 2788 "-" "-"
189.222.38.188 - - [06/Feb/2022:22:33:07 +0100] "GET /user/avatar/1 HTTP/1.1" 200 11876 "http://undertale.ct8.pl/user/members" "Mozilla/5.0 (Windows NT 6.3; Win64; x64) AppleWebKit/537.36 (KHTML, like Gecko) Chrome/97.0.4692.99 Safari/537.36"
189.222.38.188 - - [06/Feb/2022:22:33:08 +0100] "GET /user/profile/2 HTTP/1.1" 200 5221 "http://undertale.ct8.pl/user/members" "Mozilla/5.0 (Windows NT 6.3; Win64; x64) AppleWebKit/537.36 (KHTML, like Gecko) Chrome/97.0.4692.99 Safari/537.36"
136.243.156.104 - - [06/Feb/2022:22:33:08 +0100] "GET /user_img/avatar/base.png HTTP/1.0" 200 9725 "-" "-"
136.243.156.104 - - [06/Feb/2022:22:33:08 +0100] "GET /user_img/avatar/active_icon.png HTTP/1.0" 200 2788 "-" "-"
189.222.38.188 - - [06/Feb/2022:22:33:08 +0100] "GET /user/avatar/2 HTTP/1.1" 200 11876 "http://undertale.ct8.pl/user/profile/2" "Mozilla/5.0 (Windows NT 6.3; Win64; x64) AppleWebKit/537.36 (KHTML, like Gecko) Chrome/97.0.4692.99 Safari/537.36"
189.222.38.188 - - [06/Feb/2022:22:33:12 +0100] "GET /user/inventory HTTP/1.1" 200 6123 "http://undertale.ct8.pl/user/profile/2" "Mozilla/5.0 (Windows NT 6.3; Win64; x64) AppleWebKit/537.36 (KHTML, like Gecko) Chrome/97.0.4692.99 Safari/537.36"
189.222.38.188 - - [06/Feb/2022:22:33:13 +0100] "GET /media/img/blank_slot.png HTTP/1.1" 200 2197 "http://undertale.ct8.pl/user/inventory" "Mozilla/5.0 (Windows NT 6.3; Win64; x64) AppleWebKit/537.36 (KHTML, like Gecko) Chrome/97.0.4692.99 Safari/537.36"
136.243.156.104 - - [06/Feb/2022:22:33:13 +0100] "GET /user_img/avatar/base.png HTTP/1.0" 200 9725 "-" "-"
136.243.156.104 - - [06/Feb/2022:22:33:13 +0100] "GET /user_img/avatar/active_icon.png HTTP/1.0" 200 2788 "-" "-"
189.222.38.188 - - [06/Feb/2022:22:33:13 +0100] "GET /user/avatar/2 HTTP/1.1" 200 11876 "http://undertale.ct8.pl/user/inventory" "Mozilla/5.0 (Windows NT 6.3; Win64; x64) AppleWebKit/537.36 (KHTML, like Gecko) Chrome/97.0.4692.99 Safari/537.36"
189.222.38.188 - - [06/Feb/2022:22:33:14 +0100] "GET /user/inventory/slot/1 HTTP/1.1" 200 4237 "http://undertale.ct8.pl/user/inventory" "Mozilla/5.0 (Windows NT 6.3; Win64; x64) AppleWebKit/537.36 (KHTML, like Gecko) Chrome/97.0.4692.99 Safari/537.36"
189.222.38.188 - - [06/Feb/2022:22:33:14 +0100] "GET /user_img/avatar/usr_2_str=X65Zd9ZrZ07Fiqgc_file=edf8d93bbb860dcd2384f7529979be3d.png HTTP/1.1" 304 0 "http://undertale.ct8.pl/user/inventory/slot/1" "Mozilla/5.0 (Windows NT 6.3; Win64; x64) AppleWebKit/537.36 (KHTML, like Gecko) Chrome/97.0.4692.99 Safari/537.36"
189.222.38.188 - - [06/Feb/2022:22:33:15 +0100] "GET /user/inventory/slot/1/choose/1 HTTP/1.1" 302 408 "http://undertale.ct8.pl/user/inventory/slot/1" "Mozilla/5.0 (Windows NT 6.3; Win64; x64) AppleWebKit/537.36 (KHTML, like Gecko) Chrome/97.0.4692.99 Safari/537.36"
189.222.38.188 - - [06/Feb/2022:22:33:15 +0100] "GET /user/inventory HTTP/1.1" 200 6183 "http://undertale.ct8.pl/user/inventory/slot/1" "Mozilla/5.0 (Windows NT 6.3; Win64; x64) AppleWebKit/537.36 (KHTML, like Gecko) Chrome/97.0.4692.99 Safari/537.36"
189.222.38.188 - - [06/Feb/2022:22:33:16 +0100] "GET /user_img/avatar/usr_2_str=X65Zd9ZrZ07Fiqgc_file=edf8d93bbb860dcd2384f7529979be3d.png HTTP/1.1" 304 0 "http://undertale.ct8.pl/user/inventory" "Mozilla/5.0 (Windows NT 6.3; Win64; x64) AppleWebKit/537.36 (KHTML, like Gecko) Chrome/97.0.4692.99 Safari/537.36"
136.243.156.104 - - [06/Feb/2022:22:33:16 +0100] "GET /user_img/avatar/base.png HTTP/1.0" 200 9725 "-" "-"
136.243.156.104 - - [06/Feb/2022:22:33:16 +0100] "GET /user_img/avatar/usr_2_str=X65Zd9ZrZ07Fiqgc_file=edf8d93bbb860dcd2384f7529979be3d.png HTTP/1.0" 200 5539 "-" "-"
136.243.156.104 - - [06/Feb/2022:22:33:16 +0100] "GET /user_img/avatar/active_icon.png HTTP/1.0" 200 2788 "-" "-"
189.222.38.188 - - [06/Feb/2022:22:33:16 +0100] "GET /user/avatar/2 HTTP/1.1" 200 12139 "http://undertale.ct8.pl/user/inventory" "Mozilla/5.0 (Windows NT 6.3; Win64; x64) AppleWebKit/537.36 (KHTML, like Gecko) Chrome/97.0.4692.99 Safari/537.36"
189.222.38.188 - - [06/Feb/2022:22:37:32 +0100] "GET /user/inventory HTTP/1.1" 200 6183 "http://undertale.ct8.pl/user/inventory/slot/1" "Mozilla/5.0 (Windows NT 6.3; Win64; x64) AppleWebKit/537.36 (KHTML, like Gecko) Chrome/97.0.4692.99 Safari/537.36"
189.222.38.188 - - [06/Feb/2022:22:37:32 +0100] "GET /user_img/avatar/usr_2_str=X65Zd9ZrZ07Fiqgc_file=edf8d93bbb860dcd2384f7529979be3d.png HTTP/1.1" 304 0 "http://undertale.ct8.pl/user/inventory" "Mozilla/5.0 (Windows NT 6.3; Win64; x64) AppleWebKit/537.36 (KHTML, like Gecko) Chrome/97.0.4692.99 Safari/537.36"
136.243.156.104 - - [06/Feb/2022:22:37:32 +0100] "GET /user_img/avatar/base.png HTTP/1.0" 200 9725 "-" "-"
136.243.156.104 - - [06/Feb/2022:22:37:32 +0100] "GET /user_img/avatar/usr_2_str=X65Zd9ZrZ07Fiqgc_file=edf8d93bbb860dcd2384f7529979be3d.png HTTP/1.0" 200 5539 "-" "-"
136.243.156.104 - - [06/Feb/2022:22:37:32 +0100] "GET /user_img/avatar/active_icon.png HTTP/1.0" 200 2788 "-" "-"
189.222.38.188 - - [06/Feb/2022:22:37:32 +0100] "GET /user/avatar/2 HTTP/1.1" 200 12139 "http://undertale.ct8.pl/user/inventory" "Mozilla/5.0 (Windows NT 6.3; Win64; x64) AppleWebKit/537.36 (KHTML, like Gecko) Chrome/97.0.4692.99 Safari/537.36"
189.222.38.188 - - [06/Feb/2022:22:37:33 +0100] "GET /user/inventory HTTP/1.1" 200 6183 "http://undertale.ct8.pl/user/inventory/slot/1" "Mozilla/5.0 (Windows NT 6.3; Win64; x64) AppleWebKit/537.36 (KHTML, like Gecko) Chrome/97.0.4692.99 Safari/537.36"
136.243.156.104 - - [06/Feb/2022:22:37:33 +0100] "GET /user_img/avatar/base.png HTTP/1.0" 200 9725 "-" "-"
136.243.156.104 - - [06/Feb/2022:22:37:33 +0100] "GET /user_img/avatar/usr_2_str=X65Zd9ZrZ07Fiqgc_file=edf8d93bbb860dcd2384f7529979be3d.png HTTP/1.0" 200 5539 "-" "-"
136.243.156.104 - - [06/Feb/2022:22:37:33 +0100] "GET /user_img/avatar/active_icon.png HTTP/1.0" 200 2788 "-" "-"
189.222.38.188 - - [06/Feb/2022:22:37:33 +0100] "GET /user/avatar/2 HTTP/1.1" 200 12139 "http://undertale.ct8.pl/user/inventory" "Mozilla/5.0 (Windows NT 6.3; Win64; x64) AppleWebKit/537.36 (KHTML, like Gecko) Chrome/97.0.4692.99 Safari/537.36"
189.222.38.188 - - [06/Feb/2022:22:37:34 +0100] "GET / HTTP/1.1" 302 408 "http://undertale.ct8.pl/user/inventory" "Mozilla/5.0 (Windows NT 6.3; Win64; x64) AppleWebKit/537.36 (KHTML, like Gecko) Chrome/97.0.4692.99 Safari/537.36"
189.222.38.188 - - [06/Feb/2022:22:37:34 +0100] "GET /user/dashboard HTTP/1.1" 200 6742 "http://undertale.ct8.pl/user/inventory" "Mozilla/5.0 (Windows NT 6.3; Win64; x64) AppleWebKit/537.36 (KHTML, like Gecko) Chrome/97.0.4692.99 Safari/537.36"
189.222.38.188 - - [06/Feb/2022:22:37:35 +0100] "POST /user/fetchmessages HTTP/1.1" 200 5 "http://undertale.ct8.pl/user/dashboard" "Mozilla/5.0 (Windows NT 6.3; Win64; x64) AppleWebKit/537.36 (KHTML, like Gecko) Chrome/97.0.4692.99 Safari/537.36"
136.243.156.104 - - [06/Feb/2022:22:37:35 +0100] "GET /user_img/avatar/base.png HTTP/1.0" 200 9725 "-" "-"
189.222.38.188 - - [06/Feb/2022:22:37:35 +0100] "POST /user/fetchmessages HTTP/1.1" 200 21 "http://undertale.ct8.pl/user/dashboard" "Mozilla/5.0 (Windows NT 6.3; Win64; x64) AppleWebKit/537.36 (KHTML, like Gecko) Chrome/97.0.4692.99 Safari/537.36"
136.243.156.104 - - [06/Feb/2022:22:37:35 +0100] "GET /user_img/avatar/usr_2_str=X65Zd9ZrZ07Fiqgc_file=edf8d93bbb860dcd2384f7529979be3d.png HTTP/1.0" 200 5539 "-" "-"
136.243.156.104 - - [06/Feb/2022:22:37:35 +0100] "GET /user_img/avatar/active_icon.png HTTP/1.0" 200 2788 "-" "-"
189.222.38.188 - - [06/Feb/2022:22:37:35 +0100] "GET /user/avatar/2 HTTP/1.1" 200 12139 "http://undertale.ct8.pl/user/dashboard" "Mozilla/5.0 (Windows NT 6.3; Win64; x64) AppleWebKit/537.36 (KHTML, like Gecko) Chrome/97.0.4692.99 Safari/537.36"
189.222.38.188 - - [06/Feb/2022:22:37:36 +0100] "POST /user/fetchmessages HTTP/1.1" 200 37 "http://undertale.ct8.pl/user/dashboard" "Mozilla/5.0 (Windows NT 6.3; Win64; x64) AppleWebKit/537.36 (KHTML, like Gecko) Chrome/97.0.4692.99 Safari/537.36"
189.222.38.188 - - [06/Feb/2022:22:37:36 +0100] "POST /user/fetchmessages HTTP/1.1" 200 37 "http://undertale.ct8.pl/user/dashboard" "Mozilla/5.0 (Windows NT 6.3; Win64; x64) AppleWebKit/537.36 (KHTML, like Gecko) Chrome/97.0.4692.99 Safari/537.36"
189.222.38.188 - - [06/Feb/2022:22:37:37 +0100] "GET /user/members HTTP/1.1" 200 4634 "http://undertale.ct8.pl/user/dashboard" "Mozilla/5.0 (Windows NT 6.3; Win64; x64) AppleWebKit/537.36 (KHTML, like Gecko) Chrome/97.0.4692.99 Safari/537.36"
189.222.38.188 - - [06/Feb/2022:22:37:37 +0100] "POST /user/fetchmessages HTTP/1.1" 200 37 "http://undertale.ct8.pl/user/dashboard" "Mozilla/5.0 (Windows NT 6.3; Win64; x64) AppleWebKit/537.36 (KHTML, like Gecko) Chrome/97.0.4692.99 Safari/537.36"
136.243.156.104 - - [06/Feb/2022:22:37:37 +0100] "GET /user_img/avatar/base.png HTTP/1.0" 200 9725 "-" "-"
136.243.156.104 - - [06/Feb/2022:22:37:37 +0100] "GET /user_img/avatar/base.png HTTP/1.0" 200 9725 "-" "-"
136.243.156.104 - - [06/Feb/2022:22:37:37 +0100] "GET /user_img/avatar/usr_2_str=X65Zd9ZrZ07Fiqgc_file=edf8d93bbb860dcd2384f7529979be3d.png HTTP/1.0" 200 5539 "-" "-"
136.243.156.104 - - [06/Feb/2022:22:37:37 +0100] "GET /user_img/avatar/offline_icon.png HTTP/1.0" 200 2693 "-" "-"
189.222.38.188 - - [06/Feb/2022:22:37:37 +0100] "GET /user/avatar/1 HTTP/1.1" 200 11811 "http://undertale.ct8.pl/user/members" "Mozilla/5.0 (Windows NT 6.3; Win64; x64) AppleWebKit/537.36 (KHTML, like Gecko) Chrome/97.0.4692.99 Safari/537.36"
136.243.156.104 - - [06/Feb/2022:22:37:37 +0100] "GET /user_img/avatar/active_icon.png HTTP/1.0" 200 2788 "-" "-"
189.222.38.188 - - [06/Feb/2022:22:37:37 +0100] "GET /user/avatar/2 HTTP/1.1" 200 12139 "http://undertale.ct8.pl/user/members" "Mozilla/5.0 (Windows NT 6.3; Win64; x64) AppleWebKit/537.36 (KHTML, like Gecko) Chrome/97.0.4692.99 Safari/537.36"
189.222.38.188 - - [06/Feb/2022:22:37:38 +0100] "GET /forum HTTP/1.1" 200 4236 "http://undertale.ct8.pl/user/members" "Mozilla/5.0 (Windows NT 6.3; Win64; x64) AppleWebKit/537.36 (KHTML, like Gecko) Chrome/97.0.4692.99 Safari/537.36"
189.222.38.188 - - [06/Feb/2022:22:37:39 +0100] "GET /store HTTP/1.1" 200 4648 "http://undertale.ct8.pl/forum" "Mozilla/5.0 (Windows NT 6.3; Win64; x64) AppleWebKit/537.36 (KHTML, like Gecko) Chrome/97.0.4692.99 Safari/537.36"
189.222.38.188 - - [06/Feb/2022:22:37:40 +0100] "GET /user/members HTTP/1.1" 200 4634 "http://undertale.ct8.pl/store" "Mozilla/5.0 (Windows NT 6.3; Win64; x64) AppleWebKit/537.36 (KHTML, like Gecko) Chrome/97.0.4692.99 Safari/537.36"
136.243.156.104 - - [06/Feb/2022:22:37:40 +0100] "GET /user_img/avatar/base.png HTTP/1.0" 200 9725 "-" "-"
136.243.156.104 - - [06/Feb/2022:22:37:40 +0100] "GET /user_img/avatar/base.png HTTP/1.0" 200 9725 "-" "-"
136.243.156.104 - - [06/Feb/2022:22:37:40 +0100] "GET /user_img/avatar/usr_2_str=X65Zd9ZrZ07Fiqgc_file=edf8d93bbb860dcd2384f7529979be3d.png HTTP/1.0" 200 5539 "-" "-"
136.243.156.104 - - [06/Feb/2022:22:37:40 +0100] "GET /user_img/avatar/offline_icon.png HTTP/1.0" 200 2693 "-" "-"
189.222.38.188 - - [06/Feb/2022:22:37:40 +0100] "GET /user/avatar/1 HTTP/1.1" 200 11811 "http://undertale.ct8.pl/user/members" "Mozilla/5.0 (Windows NT 6.3; Win64; x64) AppleWebKit/537.36 (KHTML, like Gecko) Chrome/97.0.4692.99 Safari/537.36"
136.243.156.104 - - [06/Feb/2022:22:37:40 +0100] "GET /user_img/avatar/active_icon.png HTTP/1.0" 200 2788 "-" "-"
189.222.38.188 - - [06/Feb/2022:22:37:40 +0100] "GET /user/avatar/2 HTTP/1.1" 200 12139 "http://undertale.ct8.pl/user/members" "Mozilla/5.0 (Windows NT 6.3; Win64; x64) AppleWebKit/537.36 (KHTML, like Gecko) Chrome/97.0.4692.99 Safari/537.36"
189.222.38.188 - - [06/Feb/2022:22:37:41 +0100] "GET / HTTP/1.1" 302 408 "http://undertale.ct8.pl/user/members" "Mozilla/5.0 (Windows NT 6.3; Win64; x64) AppleWebKit/537.36 (KHTML, like Gecko) Chrome/97.0.4692.99 Safari/537.36"
189.222.38.188 - - [06/Feb/2022:22:37:41 +0100] "GET /user/dashboard HTTP/1.1" 200 6742 "http://undertale.ct8.pl/user/members" "Mozilla/5.0 (Windows NT 6.3; Win64; x64) AppleWebKit/537.36 (KHTML, like Gecko) Chrome/97.0.4692.99 Safari/537.36"
189.222.38.188 - - [06/Feb/2022:22:37:41 +0100] "POST /user/fetchmessages HTTP/1.1" 200 5 "http://undertale.ct8.pl/user/dashboard" "Mozilla/5.0 (Windows NT 6.3; Win64; x64) AppleWebKit/537.36 (KHTML, like Gecko) Chrome/97.0.4692.99 Safari/537.36"
136.243.156.104 - - [06/Feb/2022:22:37:41 +0100] "GET /user_img/avatar/base.png HTTP/1.0" 200 9725 "-" "-"
136.243.156.104 - - [06/Feb/2022:22:37:41 +0100] "GET /user_img/avatar/usr_2_str=X65Zd9ZrZ07Fiqgc_file=edf8d93bbb860dcd2384f7529979be3d.png HTTP/1.0" 200 5539 "-" "-"
136.243.156.104 - - [06/Feb/2022:22:37:41 +0100] "GET /user_img/avatar/active_icon.png HTTP/1.0" 200 2788 "-" "-"
189.222.38.188 - - [06/Feb/2022:22:37:41 +0100] "GET /user/avatar/2 HTTP/1.1" 200 12139 "http://undertale.ct8.pl/user/dashboard" "Mozilla/5.0 (Windows NT 6.3; Win64; x64) AppleWebKit/537.36 (KHTML, like Gecko) Chrome/97.0.4692.99 Safari/537.36"
189.222.38.188 - - [06/Feb/2022:22:37:41 +0100] "POST /user/fetchmessages HTTP/1.1" 200 21 "http://undertale.ct8.pl/user/dashboard" "Mozilla/5.0 (Windows NT 6.3; Win64; x64) AppleWebKit/537.36 (KHTML, like Gecko) Chrome/97.0.4692.99 Safari/537.36"
189.222.38.188 - - [06/Feb/2022:22:37:42 +0100] "GET /forum HTTP/1.1" 200 4236 "http://undertale.ct8.pl/user/dashboard" "Mozilla/5.0 (Windows NT 6.3; Win64; x64) AppleWebKit/537.36 (KHTML, like Gecko) Chrome/97.0.4692.99 Safari/537.36"
189.222.38.188 - - [06/Feb/2022:22:37:42 +0100] "POST /user/fetchmessages HTTP/1.1" 499 0 "http://undertale.ct8.pl/user/dashboard" "Mozilla/5.0 (Windows NT 6.3; Win64; x64) AppleWebKit/537.36 (KHTML, like Gecko) Chrome/97.0.4692.99 Safari/537.36"
189.222.38.188 - - [06/Feb/2022:22:37:46 +0100] "GET /forum/topic/1 HTTP/1.1" 200 4839 "http://undertale.ct8.pl/forum" "Mozilla/5.0 (Windows NT 6.3; Win64; x64) AppleWebKit/537.36 (KHTML, like Gecko) Chrome/97.0.4692.99 Safari/537.36"
189.222.38.188 - - [06/Feb/2022:22:37:47 +0100] "GET /forum/thread/1 HTTP/1.1" 200 5878 "http://undertale.ct8.pl/forum/topic/1" "Mozilla/5.0 (Windows NT 6.3; Win64; x64) AppleWebKit/537.36 (KHTML, like Gecko) Chrome/97.0.4692.99 Safari/537.36"
136.243.156.104 - - [06/Feb/2022:22:37:47 +0100] "GET /user_img/avatar/base.png HTTP/1.0" 200 9725 "-" "-"
136.243.156.104 - - [06/Feb/2022:22:37:47 +0100] "GET /user_img/avatar/usr_2_str=X65Zd9ZrZ07Fiqgc_file=edf8d93bbb860dcd2384f7529979be3d.png HTTP/1.0" 200 5539 "-" "-"
136.243.156.104 - - [06/Feb/2022:22:37:47 +0100] "GET /user_img/avatar/active_icon.png HTTP/1.0" 200 2788 "-" "-"
189.222.38.188 - - [06/Feb/2022:22:37:47 +0100] "GET /user/avatar/2 HTTP/1.1" 200 12139 "http://undertale.ct8.pl/forum/thread/1" "Mozilla/5.0 (Windows NT 6.3; Win64; x64) AppleWebKit/537.36 (KHTML, like Gecko) Chrome/97.0.4692.99 Safari/537.36"
189.222.38.188 - - [06/Feb/2022:22:38:57 +0100] "GET /forum/thread/1 HTTP/1.1" 200 5878 "http://undertale.ct8.pl/forum/topic/1" "Mozilla/5.0 (Windows NT 6.3; Win64; x64) AppleWebKit/537.36 (KHTML, like Gecko) Chrome/97.0.4692.99 Safari/537.36"
136.243.156.104 - - [06/Feb/2022:22:38:58 +0100] "GET /user_img/avatar/base.png HTTP/1.0" 200 9725 "-" "-"
136.243.156.104 - - [06/Feb/2022:22:38:58 +0100] "GET /user_img/avatar/usr_2_str=X65Zd9ZrZ07Fiqgc_file=edf8d93bbb860dcd2384f7529979be3d.png HTTP/1.0" 200 5539 "-" "-"
136.243.156.104 - - [06/Feb/2022:22:38:58 +0100] "GET /user_img/avatar/active_icon.png HTTP/1.0" 200 2788 "-" "-"
189.222.38.188 - - [06/Feb/2022:22:38:58 +0100] "GET /user/avatar/2 HTTP/1.1" 200 12139 "http://undertale.ct8.pl/forum/thread/1" "Mozilla/5.0 (Windows NT 6.3; Win64; x64) AppleWebKit/537.36 (KHTML, like Gecko) Chrome/97.0.4692.99 Safari/537.36"
206.1.136.191 - - [06/Feb/2022:22:40:18 +0100] "GET / HTTP/1.1" 302 408 "-" "Mozilla/5.0 (Windows NT 6.3; Win64; x64) AppleWebKit/537.36 (KHTML, like Gecko) Chrome/97.0.4692.99 Safari/537.36"
206.1.136.191 - - [06/Feb/2022:22:40:18 +0100] "GET /user/dashboard HTTP/1.1" 200 6836 "-" "Mozilla/5.0 (Windows NT 6.3; Win64; x64) AppleWebKit/537.36 (KHTML, like Gecko) Chrome/97.0.4692.99 Safari/537.36"
136.243.156.104 - - [06/Feb/2022:22:40:18 +0100] "GET /user_img/avatar/base.png HTTP/1.0" 200 12666 "-" "-"
136.243.156.104 - - [06/Feb/2022:22:40:19 +0100] "GET /user_img/avatar/active_icon.png HTTP/1.0" 200 2788 "-" "-"
206.1.136.191 - - [06/Feb/2022:22:40:19 +0100] "GET /user/avatar/1 HTTP/1.1" 200 12687 "http://undertale.ct8.pl/user/dashboard" "Mozilla/5.0 (Windows NT 6.3; Win64; x64) AppleWebKit/537.36 (KHTML, like Gecko) Chrome/97.0.4692.99 Safari/537.36"
206.1.136.191 - - [06/Feb/2022:22:40:19 +0100] "POST /user/fetchmessages HTTP/1.1" 200 5 "http://undertale.ct8.pl/user/dashboard" "Mozilla/5.0 (Windows NT 6.3; Win64; x64) AppleWebKit/537.36 (KHTML, like Gecko) Chrome/97.0.4692.99 Safari/537.36"
206.1.136.191 - - [06/Feb/2022:22:40:19 +0100] "POST /user/fetchmessages HTTP/1.1" 200 21 "http://undertale.ct8.pl/user/dashboard" "Mozilla/5.0 (Windows NT 6.3; Win64; x64) AppleWebKit/537.36 (KHTML, like Gecko) Chrome/97.0.4692.99 Safari/537.36"
206.1.136.191 - - [06/Feb/2022:22:40:20 +0100] "POST /user/fetchmessages HTTP/1.1" 200 37 "http://undertale.ct8.pl/user/dashboard" "Mozilla/5.0 (Windows NT 6.3; Win64; x64) AppleWebKit/537.36 (KHTML, like Gecko) Chrome/97.0.4692.99 Safari/537.36"
206.1.136.191 - - [06/Feb/2022:22:40:21 +0100] "POST /user/fetchmessages HTTP/1.1" 200 37 "http://undertale.ct8.pl/user/dashboard" "Mozilla/5.0 (Windows NT 6.3; Win64; x64) AppleWebKit/537.36 (KHTML, like Gecko) Chrome/97.0.4692.99 Safari/537.36"
206.1.136.191 - - [06/Feb/2022:22:40:21 +0100] "POST /user/fetchmessages HTTP/1.1" 200 37 "http://undertale.ct8.pl/user/dashboard" "Mozilla/5.0 (Windows NT 6.3; Win64; x64) AppleWebKit/537.36 (KHTML, like Gecko) Chrome/97.0.4692.99 Safari/537.36"
206.1.136.191 - - [06/Feb/2022:22:40:22 +0100] "POST /user/fetchmessages HTTP/1.1" 200 37 "http://undertale.ct8.pl/user/dashboard" "Mozilla/5.0 (Windows NT 6.3; Win64; x64) AppleWebKit/537.36 (KHTML, like Gecko) Chrome/97.0.4692.99 Safari/537.36"
206.1.136.191 - - [06/Feb/2022:22:40:22 +0100] "GET /store HTTP/1.1" 200 4842 "http://undertale.ct8.pl/user/dashboard" "Mozilla/5.0 (Windows NT 6.3; Win64; x64) AppleWebKit/537.36 (KHTML, like Gecko) Chrome/97.0.4692.99 Safari/537.36"
206.1.136.191 - - [06/Feb/2022:22:40:23 +0100] "GET /user_img/avatar/usr_2_str=X65Zd9ZrZ07Fiqgc_file=edf8d93bbb860dcd2384f7529979be3d.png HTTP/1.1" 200 5539 "http://undertale.ct8.pl/store" "Mozilla/5.0 (Windows NT 6.3; Win64; x64) AppleWebKit/537.36 (KHTML, like Gecko) Chrome/97.0.4692.99 Safari/537.36"
206.1.136.191 - - [06/Feb/2022:22:40:25 +0100] "GET /store/item/1 HTTP/1.1" 200 5874 "http://undertale.ct8.pl/store" "Mozilla/5.0 (Windows NT 6.3; Win64; x64) AppleWebKit/537.36 (KHTML, like Gecko) Chrome/97.0.4692.99 Safari/537.36"
206.1.136.191 - - [06/Feb/2022:22:40:36 +0100] "GET /store/item/1/purchase HTTP/1.1" 302 400 "http://undertale.ct8.pl/store/item/1" "Mozilla/5.0 (Windows NT 6.3; Win64; x64) AppleWebKit/537.36 (KHTML, like Gecko) Chrome/97.0.4692.99 Safari/537.36"
206.1.136.191 - - [06/Feb/2022:22:40:36 +0100] "GET /store/item/1 HTTP/1.1" 200 6019 "http://undertale.ct8.pl/store/item/1" "Mozilla/5.0 (Windows NT 6.3; Win64; x64) AppleWebKit/537.36 (KHTML, like Gecko) Chrome/97.0.4692.99 Safari/537.36"
