24.176.90.134 - - [06/Feb/2022:17:28:00 +0100] "GET / HTTP/1.1" 200 1416 "-" "Mozilla/5.0 (Windows NT 10.0; Win64; x64) AppleWebKit/537.36 (KHTML, like Gecko) Chrome/97.0.4692.99 Safari/537.36"
24.176.90.134 - - [06/Feb/2022:17:28:01 +0100] "GET /favicon.ico HTTP/1.1" 200 0 "http://undertale.ct8.pl/" "Mozilla/5.0 (Windows NT 10.0; Win64; x64) AppleWebKit/537.36 (KHTML, like Gecko) Chrome/97.0.4692.99 Safari/537.36"
206.1.136.191 - - [06/Feb/2022:21:08:46 +0100] "GET / HTTP/1.1" 200 1033 "-" "Mozilla/5.0 (Windows NT 6.3; Win64; x64) AppleWebKit/537.36 (KHTML, like Gecko) Chrome/97.0.4692.99 Safari/537.36"
206.1.136.191 - - [06/Feb/2022:21:08:46 +0100] "GET /favicon.ico HTTP/1.1" 200 0 "http://undertale.ct8.pl/" "Mozilla/5.0 (Windows NT 6.3; Win64; x64) AppleWebKit/537.36 (KHTML, like Gecko) Chrome/97.0.4692.99 Safari/537.36"
206.1.136.191 - - [06/Feb/2022:21:13:42 +0100] "GET / HTTP/1.1" 200 1033 "-" "Mozilla/5.0 (Windows NT 6.3; Win64; x64) AppleWebKit/537.36 (KHTML, like Gecko) Chrome/97.0.4692.99 Safari/537.36"
206.1.136.191 - - [06/Feb/2022:21:13:44 +0100] "GET / HTTP/1.1" 200 1033 "-" "Mozilla/5.0 (Windows NT 6.3; Win64; x64) AppleWebKit/537.36 (KHTML, like Gecko) Chrome/97.0.4692.99 Safari/537.36"
206.1.136.191 - - [06/Feb/2022:21:19:10 +0100] "GET / HTTP/1.1" 200 1033 "-" "Mozilla/5.0 (Windows NT 6.3; Win64; x64) AppleWebKit/537.36 (KHTML, like Gecko) Chrome/97.0.4692.99 Safari/537.36"
206.1.136.191 - - [06/Feb/2022:21:25:11 +0100] "GET / HTTP/1.1" 200 1033 "-" "Mozilla/5.0 (Windows NT 6.3; Win64; x64) AppleWebKit/537.36 (KHTML, like Gecko) Chrome/97.0.4692.99 Safari/537.36"
206.1.136.191 - - [06/Feb/2022:21:40:31 +0100] "GET / HTTP/1.1" 200 1339 "-" "Mozilla/5.0 (Windows NT 6.3; Win64; x64) AppleWebKit/537.36 (KHTML, like Gecko) Chrome/97.0.4692.99 Safari/537.36"
189.222.38.188 - - [06/Feb/2022:21:56:39 +0100] "GET / HTTP/1.1" 200 1339 "-" "Mozilla/5.0 (Windows NT 6.3; Win64; x64) AppleWebKit/537.36 (KHTML, like Gecko) Chrome/97.0.4692.99 Safari/537.36"
189.222.38.188 - - [06/Feb/2022:21:56:39 +0100] "GET /favicon.ico HTTP/1.1" 200 0 "http://undertale.ct8.pl/" "Mozilla/5.0 (Windows NT 6.3; Win64; x64) AppleWebKit/537.36 (KHTML, like Gecko) Chrome/97.0.4692.99 Safari/537.36"
189.222.38.188 - - [06/Feb/2022:21:57:05 +0100] "GET / HTTP/1.1" 200 1339 "-" "Mozilla/5.0 (Windows NT 6.3; Win64; x64) AppleWebKit/537.36 (KHTML, like Gecko) Chrome/97.0.4692.99 Safari/537.36"
189.222.38.188 - - [06/Feb/2022:21:57:05 +0100] "GET / HTTP/1.1" 200 1339 "-" "Mozilla/5.0 (Windows NT 6.3; Win64; x64) AppleWebKit/537.36 (KHTML, like Gecko) Chrome/97.0.4692.99 Safari/537.36"
189.222.38.188 - - [06/Feb/2022:21:57:06 +0100] "GET / HTTP/1.1" 200 1339 "-" "Mozilla/5.0 (Windows NT 6.3; Win64; x64) AppleWebKit/537.36 (KHTML, like Gecko) Chrome/97.0.4692.99 Safari/537.36"
189.222.38.188 - - [06/Feb/2022:21:57:06 +0100] "GET / HTTP/1.1" 200 1339 "-" "Mozilla/5.0 (Windows NT 6.3; Win64; x64) AppleWebKit/537.36 (KHTML, like Gecko) Chrome/97.0.4692.99 Safari/537.36"
189.222.38.188 - - [06/Feb/2022:21:57:07 +0100] "GET / HTTP/1.1" 200 1339 "-" "Mozilla/5.0 (Windows NT 6.3; Win64; x64) AppleWebKit/537.36 (KHTML, like Gecko) Chrome/97.0.4692.99 Safari/537.36"
189.222.38.188 - - [06/Feb/2022:21:57:07 +0100] "GET / HTTP/1.1" 200 1339 "-" "Mozilla/5.0 (Windows NT 6.3; Win64; x64) AppleWebKit/537.36 (KHTML, like Gecko) Chrome/97.0.4692.99 Safari/537.36"
189.222.38.188 - - [06/Feb/2022:21:57:07 +0100] "GET / HTTP/1.1" 200 1339 "-" "Mozilla/5.0 (Windows NT 6.3; Win64; x64) AppleWebKit/537.36 (KHTML, like Gecko) Chrome/97.0.4692.99 Safari/537.36"
189.222.38.188 - - [06/Feb/2022:21:57:08 +0100] "GET /favicon.ico HTTP/1.1" 200 0 "http://undertale.ct8.pl/" "Mozilla/5.0 (Windows NT 6.3; Win64; x64) AppleWebKit/537.36 (KHTML, like Gecko) Chrome/97.0.4692.99 Safari/537.36"
189.222.38.188 - - [06/Feb/2022:21:57:08 +0100] "GET / HTTP/1.1" 200 1339 "-" "Mozilla/5.0 (Windows NT 6.3; Win64; x64) AppleWebKit/537.36 (KHTML, like Gecko) Chrome/97.0.4692.99 Safari/537.36"
189.222.38.188 - - [06/Feb/2022:21:57:08 +0100] "GET /favicon.ico HTTP/1.1" 200 0 "http://undertale.ct8.pl/" "Mozilla/5.0 (Windows NT 6.3; Win64; x64) AppleWebKit/537.36 (KHTML, like Gecko) Chrome/97.0.4692.99 Safari/537.36"
206.1.136.191 - - [06/Feb/2022:22:00:46 +0100] "GET / HTTP/1.1" 500 63017 "-" "Mozilla/5.0 (Windows NT 6.3; Win64; x64) AppleWebKit/537.36 (KHTML, like Gecko) Chrome/97.0.4692.99 Safari/537.36"
189.222.38.188 - - [06/Feb/2022:22:01:49 +0100] "GET / HTTP/1.1" 500 62333 "-" "Mozilla/5.0 (Windows NT 6.3; Win64; x64) AppleWebKit/537.36 (KHTML, like Gecko) Chrome/97.0.4692.99 Safari/537.36"
189.222.38.188 - - [06/Feb/2022:22:01:49 +0100] "GET / HTTP/1.1" 500 62333 "-" "Mozilla/5.0 (Windows NT 6.3; Win64; x64) AppleWebKit/537.36 (KHTML, like Gecko) Chrome/97.0.4692.99 Safari/537.36"
189.222.38.188 - - [06/Feb/2022:22:02:36 +0100] "GET / HTTP/1.1" 500 62333 "-" "Mozilla/5.0 (Windows NT 6.3; Win64; x64) AppleWebKit/537.36 (KHTML, like Gecko) Chrome/97.0.4692.99 Safari/537.36"
189.222.38.188 - - [06/Feb/2022:22:02:36 +0100] "GET / HTTP/1.1" 500 62333 "-" "Mozilla/5.0 (Windows NT 6.3; Win64; x64) AppleWebKit/537.36 (KHTML, like Gecko) Chrome/97.0.4692.99 Safari/537.36"
206.1.136.191 - - [06/Feb/2022:22:07:08 +0100] "GET / HTTP/1.1" 500 63142 "-" "Mozilla/5.0 (Windows NT 6.3; Win64; x64) AppleWebKit/537.36 (KHTML, like Gecko) Chrome/97.0.4692.99 Safari/537.36"
189.222.38.188 - - [06/Feb/2022:22:08:53 +0100] "GET / HTTP/1.1" 500 62333 "-" "Mozilla/5.0 (Windows NT 6.3; Win64; x64) AppleWebKit/537.36 (KHTML, like Gecko) Chrome/97.0.4692.99 Safari/537.36"
189.222.38.188 - - [06/Feb/2022:22:08:54 +0100] "GET / HTTP/1.1" 500 62333 "-" "Mozilla/5.0 (Windows NT 6.3; Win64; x64) AppleWebKit/537.36 (KHTML, like Gecko) Chrome/97.0.4692.99 Safari/537.36"
189.222.38.188 - - [06/Feb/2022:22:09:34 +0100] "GET / HTTP/1.1" 500 62333 "-" "Mozilla/5.0 (Windows NT 6.3; Win64; x64) AppleWebKit/537.36 (KHTML, like Gecko) Chrome/97.0.4692.99 Safari/537.36"
189.222.38.188 - - [06/Feb/2022:22:10:11 +0100] "GET / HTTP/1.1" 500 62333 "-" "Mozilla/5.0 (Windows NT 6.3; Win64; x64) AppleWebKit/537.36 (KHTML, like Gecko) Chrome/97.0.4692.99 Safari/537.36"
189.222.38.188 - - [06/Feb/2022:22:10:12 +0100] "GET / HTTP/1.1" 500 62331 "-" "Mozilla/5.0 (Windows NT 6.3; Win64; x64) AppleWebKit/537.36 (KHTML, like Gecko) Chrome/97.0.4692.99 Safari/537.36"
189.222.38.188 - - [06/Feb/2022:22:10:30 +0100] "GET / HTTP/1.1" 500 62333 "-" "Mozilla/5.0 (Windows NT 6.3; Win64; x64) AppleWebKit/537.36 (KHTML, like Gecko) Chrome/97.0.4692.99 Safari/537.36"
189.222.38.188 - - [06/Feb/2022:22:11:43 +0100] "GET / HTTP/1.1" 500 62333 "-" "Mozilla/5.0 (Windows NT 6.3; Win64; x64) AppleWebKit/537.36 (KHTML, like Gecko) Chrome/97.0.4692.99 Safari/537.36"
189.222.38.188 - - [06/Feb/2022:22:11:44 +0100] "GET / HTTP/1.1" 500 62333 "-" "Mozilla/5.0 (Windows NT 6.3; Win64; x64) AppleWebKit/537.36 (KHTML, like Gecko) Chrome/97.0.4692.99 Safari/537.36"
189.222.38.188 - - [06/Feb/2022:22:11:44 +0100] "GET / HTTP/1.1" 500 62333 "-" "Mozilla/5.0 (Windows NT 6.3; Win64; x64) AppleWebKit/537.36 (KHTML, like Gecko) Chrome/97.0.4692.99 Safari/537.36"
189.222.38.188 - - [06/Feb/2022:22:11:45 +0100] "GET / HTTP/1.1" 500 62333 "-" "Mozilla/5.0 (Windows NT 6.3; Win64; x64) AppleWebKit/537.36 (KHTML, like Gecko) Chrome/97.0.4692.99 Safari/537.36"
189.222.38.188 - - [06/Feb/2022:22:11:46 +0100] "GET / HTTP/1.1" 500 62333 "-" "Mozilla/5.0 (Windows NT 6.3; Win64; x64) AppleWebKit/537.36 (KHTML, like Gecko) Chrome/97.0.4692.99 Safari/537.36"
189.222.38.188 - - [06/Feb/2022:22:11:48 +0100] "GET / HTTP/1.1" 500 62333 "-" "Mozilla/5.0 (Windows NT 6.3; Win64; x64) AppleWebKit/537.36 (KHTML, like Gecko) Chrome/97.0.4692.99 Safari/537.36"
189.222.38.188 - - [06/Feb/2022:22:11:48 +0100] "GET / HTTP/1.1" 500 62333 "-" "Mozilla/5.0 (Windows NT 6.3; Win64; x64) AppleWebKit/537.36 (KHTML, like Gecko) Chrome/97.0.4692.99 Safari/537.36"
189.222.38.188 - - [06/Feb/2022:22:11:49 +0100] "GET / HTTP/1.1" 500 62333 "-" "Mozilla/5.0 (Windows NT 6.3; Win64; x64) AppleWebKit/537.36 (KHTML, like Gecko) Chrome/97.0.4692.99 Safari/537.36"
189.222.38.188 - - [06/Feb/2022:22:11:51 +0100] "GET / HTTP/1.1" 500 62333 "-" "Mozilla/5.0 (Windows NT 6.3; Win64; x64) AppleWebKit/537.36 (KHTML, like Gecko) Chrome/97.0.4692.99 Safari/537.36"
189.222.38.188 - - [06/Feb/2022:22:11:51 +0100] "GET / HTTP/1.1" 500 62459 "-" "Mozilla/5.0 (Windows NT 6.3; Win64; x64) AppleWebKit/537.36 (KHTML, like Gecko) Chrome/97.0.4692.99 Safari/537.36"
189.222.38.188 - - [06/Feb/2022:22:11:52 +0100] "GET /favicon.ico HTTP/1.1" 200 0 "http://undertale.ct8.pl/" "Mozilla/5.0 (Windows NT 6.3; Win64; x64) AppleWebKit/537.36 (KHTML, like Gecko) Chrome/97.0.4692.99 Safari/537.36"
189.222.38.188 - - [06/Feb/2022:22:12:39 +0100] "GET / HTTP/1.1" 500 62333 "-" "Mozilla/5.0 (Windows NT 6.3; Win64; x64) AppleWebKit/537.36 (KHTML, like Gecko) Chrome/97.0.4692.99 Safari/537.36"
189.222.38.188 - - [06/Feb/2022:22:12:40 +0100] "GET / HTTP/1.1" 500 62454 "-" "Mozilla/5.0 (Windows NT 6.3; Win64; x64) AppleWebKit/537.36 (KHTML, like Gecko) Chrome/97.0.4692.99 Safari/537.36"
189.222.38.188 - - [06/Feb/2022:22:12:40 +0100] "GET /favicon.ico HTTP/1.1" 200 0 "http://undertale.ct8.pl/" "Mozilla/5.0 (Windows NT 6.3; Win64; x64) AppleWebKit/537.36 (KHTML, like Gecko) Chrome/97.0.4692.99 Safari/537.36"
189.222.38.188 - - [06/Feb/2022:22:13:01 +0100] "GET / HTTP/1.1" 500 62333 "-" "Mozilla/5.0 (Windows NT 6.3; Win64; x64) AppleWebKit/537.36 (KHTML, like Gecko) Chrome/97.0.4692.99 Safari/537.36"
189.222.38.188 - - [06/Feb/2022:22:13:32 +0100] "GET / HTTP/1.1" 500 62454 "-" "Mozilla/5.0 (Windows NT 6.3; Win64; x64) AppleWebKit/537.36 (KHTML, like Gecko) Chrome/97.0.4692.99 Safari/537.36"
189.222.38.188 - - [06/Feb/2022:22:13:33 +0100] "GET /favicon.ico HTTP/1.1" 200 0 "http://undertale.ct8.pl/" "Mozilla/5.0 (Windows NT 6.3; Win64; x64) AppleWebKit/537.36 (KHTML, like Gecko) Chrome/97.0.4692.99 Safari/537.36"
189.222.38.188 - - [06/Feb/2022:22:14:02 +0100] "GET / HTTP/1.1" 500 62454 "-" "Mozilla/5.0 (Windows NT 6.3; Win64; x64) AppleWebKit/537.36 (KHTML, like Gecko) Chrome/97.0.4692.99 Safari/537.36"
189.222.38.188 - - [06/Feb/2022:22:14:02 +0100] "GET / HTTP/1.1" 500 62454 "-" "Mozilla/5.0 (Windows NT 6.3; Win64; x64) AppleWebKit/537.36 (KHTML, like Gecko) Chrome/97.0.4692.99 Safari/537.36"
189.222.38.188 - - [06/Feb/2022:22:14:03 +0100] "GET /favicon.ico HTTP/1.1" 200 0 "http://undertale.ct8.pl/" "Mozilla/5.0 (Windows NT 6.3; Win64; x64) AppleWebKit/537.36 (KHTML, like Gecko) Chrome/97.0.4692.99 Safari/537.36"
189.222.38.188 - - [06/Feb/2022:22:14:03 +0100] "GET / HTTP/1.1" 500 62454 "-" "Mozilla/5.0 (Windows NT 6.3; Win64; x64) AppleWebKit/537.36 (KHTML, like Gecko) Chrome/97.0.4692.99 Safari/537.36"
189.222.38.188 - - [06/Feb/2022:22:14:03 +0100] "GET / HTTP/1.1" 500 62453 "-" "Mozilla/5.0 (Windows NT 6.3; Win64; x64) AppleWebKit/537.36 (KHTML, like Gecko) Chrome/97.0.4692.99 Safari/537.36"
189.222.38.188 - - [06/Feb/2022:22:14:04 +0100] "GET /favicon.ico HTTP/1.1" 200 0 "http://undertale.ct8.pl/" "Mozilla/5.0 (Windows NT 6.3; Win64; x64) AppleWebKit/537.36 (KHTML, like Gecko) Chrome/97.0.4692.99 Safari/537.36"
189.222.38.188 - - [06/Feb/2022:22:14:21 +0100] "GET / HTTP/1.1" 500 62333 "-" "Mozilla/5.0 (Windows NT 6.3; Win64; x64) AppleWebKit/537.36 (KHTML, like Gecko) Chrome/97.0.4692.99 Safari/537.36"
189.222.38.188 - - [06/Feb/2022:22:14:21 +0100] "GET / HTTP/1.1" 500 62459 "-" "Mozilla/5.0 (Windows NT 6.3; Win64; x64) AppleWebKit/537.36 (KHTML, like Gecko) Chrome/97.0.4692.99 Safari/537.36"
189.222.38.188 - - [06/Feb/2022:22:14:22 +0100] "GET /favicon.ico HTTP/1.1" 200 0 "http://undertale.ct8.pl/" "Mozilla/5.0 (Windows NT 6.3; Win64; x64) AppleWebKit/537.36 (KHTML, like Gecko) Chrome/97.0.4692.99 Safari/537.36"
189.222.38.188 - - [06/Feb/2022:22:14:27 +0100] "GET / HTTP/1.1" 500 85045 "-" "Mozilla/5.0 (Windows NT 6.3; Win64; x64) AppleWebKit/537.36 (KHTML, like Gecko) Chrome/97.0.4692.99 Safari/537.36"
189.222.38.188 - - [06/Feb/2022:22:14:29 +0100] "GET / HTTP/1.1" 500 86073 "-" "Mozilla/5.0 (Windows NT 6.3; Win64; x64) AppleWebKit/537.36 (KHTML, like Gecko) Chrome/97.0.4692.99 Safari/537.36"
206.1.136.191 - - [06/Feb/2022:22:14:30 +0100] "GET / HTTP/1.1" 500 85729 "-" "Mozilla/5.0 (Windows NT 6.3; Win64; x64) AppleWebKit/537.36 (KHTML, like Gecko) Chrome/97.0.4692.99 Safari/537.36"
206.1.136.191 - - [06/Feb/2022:22:14:57 +0100] "GET /install HTTP/1.1" 500 86443 "-" "Mozilla/5.0 (Windows NT 6.3; Win64; x64) AppleWebKit/537.36 (KHTML, like Gecko) Chrome/97.0.4692.99 Safari/537.36"
206.1.136.191 - - [06/Feb/2022:22:21:24 +0100] "GET /install HTTP/1.1" 500 86571 "-" "Mozilla/5.0 (Windows NT 6.3; Win64; x64) AppleWebKit/537.36 (KHTML, like Gecko) Chrome/97.0.4692.99 Safari/537.36"
206.1.136.191 - - [06/Feb/2022:22:24:04 +0100] "GET /install HTTP/1.1" 500 91484 "-" "Mozilla/5.0 (Windows NT 6.3; Win64; x64) AppleWebKit/537.36 (KHTML, like Gecko) Chrome/97.0.4692.99 Safari/537.36"
206.1.136.191 - - [06/Feb/2022:22:25:47 +0100] "GET /install HTTP/1.1" 200 2351 "-" "Mozilla/5.0 (Windows NT 6.3; Win64; x64) AppleWebKit/537.36 (KHTML, like Gecko) Chrome/97.0.4692.99 Safari/537.36"
206.1.136.191 - - [06/Feb/2022:22:25:48 +0100] "GET /media/install/css/main.css HTTP/1.1" 200 3500 "http://undertale.ct8.pl/install" "Mozilla/5.0 (Windows NT 6.3; Win64; x64) AppleWebKit/537.36 (KHTML, like Gecko) Chrome/97.0.4692.99 Safari/537.36"
206.1.136.191 - - [06/Feb/2022:22:25:51 +0100] "POST /install HTTP/1.1" 302 404 "http://undertale.ct8.pl/install" "Mozilla/5.0 (Windows NT 6.3; Win64; x64) AppleWebKit/537.36 (KHTML, like Gecko) Chrome/97.0.4692.99 Safari/537.36"
206.1.136.191 - - [06/Feb/2022:22:25:51 +0100] "GET /install/step2 HTTP/1.1" 200 2582 "http://undertale.ct8.pl/install" "Mozilla/5.0 (Windows NT 6.3; Win64; x64) AppleWebKit/537.36 (KHTML, like Gecko) Chrome/97.0.4692.99 Safari/537.36"
206.1.136.191 - - [06/Feb/2022:22:26:21 +0100] "POST /install/step2 HTTP/1.1" 302 424 "http://undertale.ct8.pl/install/step2" "Mozilla/5.0 (Windows NT 6.3; Win64; x64) AppleWebKit/537.36 (KHTML, like Gecko) Chrome/97.0.4692.99 Safari/537.36"
206.1.136.191 - - [06/Feb/2022:22:26:21 +0100] "GET /install/installing HTTP/1.1" 200 1649 "http://undertale.ct8.pl/install/step2" "Mozilla/5.0 (Windows NT 6.3; Win64; x64) AppleWebKit/537.36 (KHTML, like Gecko) Chrome/97.0.4692.99 Safari/537.36"
206.1.136.191 - - [06/Feb/2022:22:26:26 +0100] "GET /install/step3 HTTP/1.1" 200 2094 "http://undertale.ct8.pl/install/installing" "Mozilla/5.0 (Windows NT 6.3; Win64; x64) AppleWebKit/537.36 (KHTML, like Gecko) Chrome/97.0.4692.99 Safari/537.36"
206.1.136.191 - - [06/Feb/2022:22:26:45 +0100] "POST /install/step3 HTTP/1.1" 302 404 "http://undertale.ct8.pl/install/step3" "Mozilla/5.0 (Windows NT 6.3; Win64; x64) AppleWebKit/537.36 (KHTML, like Gecko) Chrome/97.0.4692.99 Safari/537.36"
206.1.136.191 - - [06/Feb/2022:22:26:46 +0100] "GET /install/step4 HTTP/1.1" 200 2613 "http://undertale.ct8.pl/install/step3" "Mozilla/5.0 (Windows NT 6.3; Win64; x64) AppleWebKit/537.36 (KHTML, like Gecko) Chrome/97.0.4692.99 Safari/537.36"
190.142.193.11 - - [06/Feb/2022:22:27:02 +0100] "GET /install/step4 HTTP/1.1" 200 2613 "https://www.google.com/" "Mozilla/5.0 (Windows NT 10.0; Win64; x64) AppleWebKit/537.36 (KHTML, like Gecko) Chrome/83.0.4103.116 Safari/537.36"
190.142.193.11 - - [06/Feb/2022:22:27:03 +0100] "GET /media/install/css/main.css HTTP/1.1" 200 3500 "http://undertale.ct8.pl/install/step4" "Mozilla/5.0 (Windows NT 10.0; Win64; x64) AppleWebKit/537.36 (KHTML, like Gecko) Chrome/83.0.4103.116 Safari/537.36"
206.1.136.191 - - [06/Feb/2022:22:27:16 +0100] "POST /install/step4 HTTP/1.1" 302 416 "http://undertale.ct8.pl/install/step4" "Mozilla/5.0 (Windows NT 6.3; Win64; x64) AppleWebKit/537.36 (KHTML, like Gecko) Chrome/97.0.4692.99 Safari/537.36"
206.1.136.191 - - [06/Feb/2022:22:27:16 +0100] "GET /install/complete HTTP/1.1" 302 400 "http://undertale.ct8.pl/install/step4" "Mozilla/5.0 (Windows NT 6.3; Win64; x64) AppleWebKit/537.36 (KHTML, like Gecko) Chrome/97.0.4692.99 Safari/537.36"
206.1.136.191 - - [06/Feb/2022:22:27:16 +0100] "GET /user/welcome HTTP/1.1" 200 4760 "http://undertale.ct8.pl/install/step4" "Mozilla/5.0 (Windows NT 6.3; Win64; x64) AppleWebKit/537.36 (KHTML, like Gecko) Chrome/97.0.4692.99 Safari/537.36"
206.1.136.191 - - [06/Feb/2022:22:27:16 +0100] "GET /media/css/main.css HTTP/1.1" 200 27983 "http://undertale.ct8.pl/user/welcome" "Mozilla/5.0 (Windows NT 6.3; Win64; x64) AppleWebKit/537.36 (KHTML, like Gecko) Chrome/97.0.4692.99 Safari/537.36"
206.1.136.191 - - [06/Feb/2022:22:27:16 +0100] "GET /media/themes/default/css/theme.css HTTP/1.1" 200 45832 "http://undertale.ct8.pl/user/welcome" "Mozilla/5.0 (Windows NT 6.3; Win64; x64) AppleWebKit/537.36 (KHTML, like Gecko) Chrome/97.0.4692.99 Safari/537.36"
206.1.136.191 - - [06/Feb/2022:22:27:17 +0100] "GET /media/js/dropdown.js HTTP/1.1" 200 3904 "http://undertale.ct8.pl/user/welcome" "Mozilla/5.0 (Windows NT 6.3; Win64; x64) AppleWebKit/537.36 (KHTML, like Gecko) Chrome/97.0.4692.99 Safari/537.36"
206.1.136.191 - - [06/Feb/2022:22:27:18 +0100] "GET /media/img/favicon.png HTTP/1.1" 302 400 "http://undertale.ct8.pl/user/welcome" "Mozilla/5.0 (Windows NT 6.3; Win64; x64) AppleWebKit/537.36 (KHTML, like Gecko) Chrome/97.0.4692.99 Safari/537.36"
206.1.136.191 - - [06/Feb/2022:22:27:18 +0100] "GET /user/welcome HTTP/1.1" 200 4760 "http://undertale.ct8.pl/user/welcome" "Mozilla/5.0 (Windows NT 6.3; Win64; x64) AppleWebKit/537.36 (KHTML, like Gecko) Chrome/97.0.4692.99 Safari/537.36"
206.1.136.191 - - [06/Feb/2022:22:27:18 +0100] "GET /media/img/favicon.png HTTP/1.1" 302 400 "http://undertale.ct8.pl/user/welcome" "Mozilla/5.0 (Windows NT 6.3; Win64; x64) AppleWebKit/537.36 (KHTML, like Gecko) Chrome/97.0.4692.99 Safari/537.36"
206.1.136.191 - - [06/Feb/2022:22:27:19 +0100] "GET /user/welcome HTTP/1.1" 200 4760 "http://undertale.ct8.pl/user/welcome" "Mozilla/5.0 (Windows NT 6.3; Win64; x64) AppleWebKit/537.36 (KHTML, like Gecko) Chrome/97.0.4692.99 Safari/537.36"
189.222.38.188 - - [06/Feb/2022:22:27:37 +0100] "GET / HTTP/1.1" 200 2835 "-" "Mozilla/5.0 (Windows NT 6.3; Win64; x64) AppleWebKit/537.36 (KHTML, like Gecko) Chrome/97.0.4692.99 Safari/537.36"
189.222.38.188 - - [06/Feb/2022:22:27:37 +0100] "GET /media/css/main.css HTTP/1.1" 200 27983 "http://undertale.ct8.pl/" "Mozilla/5.0 (Windows NT 6.3; Win64; x64) AppleWebKit/537.36 (KHTML, like Gecko) Chrome/97.0.4692.99 Safari/537.36"
189.222.38.188 - - [06/Feb/2022:22:27:37 +0100] "GET /media/themes/default/css/theme.css HTTP/1.1" 200 45832 "http://undertale.ct8.pl/" "Mozilla/5.0 (Windows NT 6.3; Win64; x64) AppleWebKit/537.36 (KHTML, like Gecko) Chrome/97.0.4692.99 Safari/537.36"
189.222.38.188 - - [06/Feb/2022:22:27:37 +0100] "GET /media/js/dropdown.js HTTP/1.1" 200 3904 "http://undertale.ct8.pl/" "Mozilla/5.0 (Windows NT 6.3; Win64; x64) AppleWebKit/537.36 (KHTML, like Gecko) Chrome/97.0.4692.99 Safari/537.36"
189.222.38.188 - - [06/Feb/2022:22:27:38 +0100] "GET /media/img/favicon.png HTTP/1.1" 404 672 "http://undertale.ct8.pl/" "Mozilla/5.0 (Windows NT 6.3; Win64; x64) AppleWebKit/537.36 (KHTML, like Gecko) Chrome/97.0.4692.99 Safari/537.36"
189.222.38.188 - - [06/Feb/2022:22:27:39 +0100] "GET / HTTP/1.1" 200 2835 "-" "Mozilla/5.0 (Windows NT 6.3; Win64; x64) AppleWebKit/537.36 (KHTML, like Gecko) Chrome/97.0.4692.99 Safari/537.36"
206.1.136.191 - - [06/Feb/2022:22:27:39 +0100] "POST /user/welcome HTTP/1.1" 302 400 "http://undertale.ct8.pl/user/welcome" "Mozilla/5.0 (Windows NT 6.3; Win64; x64) AppleWebKit/537.36 (KHTML, like Gecko) Chrome/97.0.4692.99 Safari/537.36"
206.1.136.191 - - [06/Feb/2022:22:27:40 +0100] "GET /user/welcome HTTP/1.1" 200 4981 "http://undertale.ct8.pl/user/welcome" "Mozilla/5.0 (Windows NT 6.3; Win64; x64) AppleWebKit/537.36 (KHTML, like Gecko) Chrome/97.0.4692.99 Safari/537.36"
206.1.136.191 - - [06/Feb/2022:22:27:41 +0100] "GET /media/img/favicon.png HTTP/1.1" 302 400 "http://undertale.ct8.pl/user/welcome" "Mozilla/5.0 (Windows NT 6.3; Win64; x64) AppleWebKit/537.36 (KHTML, like Gecko) Chrome/97.0.4692.99 Safari/537.36"
206.1.136.191 - - [06/Feb/2022:22:27:41 +0100] "GET /user/welcome HTTP/1.1" 200 4898 "http://undertale.ct8.pl/user/welcome" "Mozilla/5.0 (Windows NT 6.3; Win64; x64) AppleWebKit/537.36 (KHTML, like Gecko) Chrome/97.0.4692.99 Safari/537.36"
206.1.136.191 - - [06/Feb/2022:22:27:41 +0100] "GET /media/img/favicon.png HTTP/1.1" 302 400 "http://undertale.ct8.pl/user/welcome" "Mozilla/5.0 (Windows NT 6.3; Win64; x64) AppleWebKit/537.36 (KHTML, like Gecko) Chrome/97.0.4692.99 Safari/537.36"
206.1.136.191 - - [06/Feb/2022:22:27:41 +0100] "GET /user/welcome HTTP/1.1" 200 4898 "http://undertale.ct8.pl/user/welcome" "Mozilla/5.0 (Windows NT 6.3; Win64; x64) AppleWebKit/537.36 (KHTML, like Gecko) Chrome/97.0.4692.99 Safari/537.36"
189.222.38.188 - - [06/Feb/2022:22:27:42 +0100] "GET /user/members HTTP/1.1" 200 3567 "http://undertale.ct8.pl/" "Mozilla/5.0 (Windows NT 6.3; Win64; x64) AppleWebKit/537.36 (KHTML, like Gecko) Chrome/97.0.4692.99 Safari/537.36"
136.243.156.104 - - [06/Feb/2022:22:27:42 +0100] "GET /user_img/avatar/base.png HTTP/1.0" 200 9725 "-" "-"
136.243.156.104 - - [06/Feb/2022:22:27:42 +0100] "GET /user_img/avatar/active_icon.png HTTP/1.0" 200 2788 "-" "-"
189.222.38.188 - - [06/Feb/2022:22:27:43 +0100] "GET /user/avatar/1 HTTP/1.1" 200 11876 "http://undertale.ct8.pl/user/members" "Mozilla/5.0 (Windows NT 6.3; Win64; x64) AppleWebKit/537.36 (KHTML, like Gecko) Chrome/97.0.4692.99 Safari/537.36"
206.1.136.191 - - [06/Feb/2022:22:27:43 +0100] "POST /user/welcome HTTP/1.1" 302 408 "http://undertale.ct8.pl/user/welcome" "Mozilla/5.0 (Windows NT 6.3; Win64; x64) AppleWebKit/537.36 (KHTML, like Gecko) Chrome/97.0.4692.99 Safari/537.36"
206.1.136.191 - - [06/Feb/2022:22:27:44 +0100] "GET /user/dashboard HTTP/1.1" 200 7200 "http://undertale.ct8.pl/user/welcome" "Mozilla/5.0 (Windows NT 6.3; Win64; x64) AppleWebKit/537.36 (KHTML, like Gecko) Chrome/97.0.4692.99 Safari/537.36"
189.222.38.188 - - [06/Feb/2022:22:27:44 +0100] "GET /store HTTP/1.1" 200 3479 "http://undertale.ct8.pl/user/members" "Mozilla/5.0 (Windows NT 6.3; Win64; x64) AppleWebKit/537.36 (KHTML, like Gecko) Chrome/97.0.4692.99 Safari/537.36"
136.243.156.104 - - [06/Feb/2022:22:27:44 +0100] "GET /user_img/avatar/base.png HTTP/1.0" 200 9725 "-" "-"
136.243.156.104 - - [06/Feb/2022:22:27:44 +0100] "GET /user_img/avatar/active_icon.png HTTP/1.0" 200 2788 "-" "-"
206.1.136.191 - - [06/Feb/2022:22:27:44 +0100] "GET /user/avatar/1 HTTP/1.1" 200 11876 "http://undertale.ct8.pl/user/dashboard" "Mozilla/5.0 (Windows NT 6.3; Win64; x64) AppleWebKit/537.36 (KHTML, like Gecko) Chrome/97.0.4692.99 Safari/537.36"
206.1.136.191 - - [06/Feb/2022:22:27:44 +0100] "POST /user/fetchmessages HTTP/1.1" 200 5 "http://undertale.ct8.pl/user/dashboard" "Mozilla/5.0 (Windows NT 6.3; Win64; x64) AppleWebKit/537.36 (KHTML, like Gecko) Chrome/97.0.4692.99 Safari/537.36"
206.1.136.191 - - [06/Feb/2022:22:27:44 +0100] "POST /user/fetchmessages HTTP/1.1" 200 21 "http://undertale.ct8.pl/user/dashboard" "Mozilla/5.0 (Windows NT 6.3; Win64; x64) AppleWebKit/537.36 (KHTML, like Gecko) Chrome/97.0.4692.99 Safari/537.36"
189.222.38.188 - - [06/Feb/2022:22:27:44 +0100] "GET /forum HTTP/1.1" 200 3212 "http://undertale.ct8.pl/store" "Mozilla/5.0 (Windows NT 6.3; Win64; x64) AppleWebKit/537.36 (KHTML, like Gecko) Chrome/97.0.4692.99 Safari/537.36"
206.1.136.191 - - [06/Feb/2022:22:27:44 +0100] "GET /media/img/favicon.png HTTP/1.1" 404 672 "http://undertale.ct8.pl/user/dashboard" "Mozilla/5.0 (Windows NT 6.3; Win64; x64) AppleWebKit/537.36 (KHTML, like Gecko) Chrome/97.0.4692.99 Safari/537.36"
206.1.136.191 - - [06/Feb/2022:22:27:45 +0100] "POST /user/fetchmessages HTTP/1.1" 200 37 "http://undertale.ct8.pl/user/dashboard" "Mozilla/5.0 (Windows NT 6.3; Win64; x64) AppleWebKit/537.36 (KHTML, like Gecko) Chrome/97.0.4692.99 Safari/537.36"
206.1.136.191 - - [06/Feb/2022:22:27:46 +0100] "POST /user/fetchmessages HTTP/1.1" 200 37 "http://undertale.ct8.pl/user/dashboard" "Mozilla/5.0 (Windows NT 6.3; Win64; x64) AppleWebKit/537.36 (KHTML, like Gecko) Chrome/97.0.4692.99 Safari/537.36"
206.1.136.191 - - [06/Feb/2022:22:27:46 +0100] "POST /user/fetchmessages HTTP/1.1" 200 37 "http://undertale.ct8.pl/user/dashboard" "Mozilla/5.0 (Windows NT 6.3; Win64; x64) AppleWebKit/537.36 (KHTML, like Gecko) Chrome/97.0.4692.99 Safari/537.36"
206.1.136.191 - - [06/Feb/2022:22:27:47 +0100] "POST /user/fetchmessages HTTP/1.1" 200 37 "http://undertale.ct8.pl/user/dashboard" "Mozilla/5.0 (Windows NT 6.3; Win64; x64) AppleWebKit/537.36 (KHTML, like Gecko) Chrome/97.0.4692.99 Safari/537.36"
206.1.136.191 - - [06/Feb/2022:22:27:48 +0100] "POST /user/fetchmessages HTTP/1.1" 200 37 "http://undertale.ct8.pl/user/dashboard" "Mozilla/5.0 (Windows NT 6.3; Win64; x64) AppleWebKit/537.36 (KHTML, like Gecko) Chrome/97.0.4692.99 Safari/537.36"
206.1.136.191 - - [06/Feb/2022:22:27:49 +0100] "GET /user/verify HTTP/1.1" 200 4947 "http://undertale.ct8.pl/user/dashboard" "Mozilla/5.0 (Windows NT 6.3; Win64; x64) AppleWebKit/537.36 (KHTML, like Gecko) Chrome/97.0.4692.99 Safari/537.36"
206.1.136.191 - - [06/Feb/2022:22:27:51 +0100] "GET /user/verify/resend HTTP/1.1" 302 408 "http://undertale.ct8.pl/user/verify" "Mozilla/5.0 (Windows NT 6.3; Win64; x64) AppleWebKit/537.36 (KHTML, like Gecko) Chrome/97.0.4692.99 Safari/537.36"
206.1.136.191 - - [06/Feb/2022:22:27:51 +0100] "GET /user/dashboard HTTP/1.1" 200 6970 "http://undertale.ct8.pl/user/verify" "Mozilla/5.0 (Windows NT 6.3; Win64; x64) AppleWebKit/537.36 (KHTML, like Gecko) Chrome/97.0.4692.99 Safari/537.36"
136.243.156.104 - - [06/Feb/2022:22:27:51 +0100] "GET /user_img/avatar/base.png HTTP/1.0" 200 9725 "-" "-"
136.243.156.104 - - [06/Feb/2022:22:27:51 +0100] "GET /user_img/avatar/active_icon.png HTTP/1.0" 200 2788 "-" "-"
206.1.136.191 - - [06/Feb/2022:22:27:52 +0100] "GET /user/avatar/1 HTTP/1.1" 200 11876 "http://undertale.ct8.pl/user/dashboard" "Mozilla/5.0 (Windows NT 6.3; Win64; x64) AppleWebKit/537.36 (KHTML, like Gecko) Chrome/97.0.4692.99 Safari/537.36"
206.1.136.191 - - [06/Feb/2022:22:27:52 +0100] "POST /user/fetchmessages HTTP/1.1" 200 5 "http://undertale.ct8.pl/user/dashboard" "Mozilla/5.0 (Windows NT 6.3; Win64; x64) AppleWebKit/537.36 (KHTML, like Gecko) Chrome/97.0.4692.99 Safari/537.36"
206.1.136.191 - - [06/Feb/2022:22:27:52 +0100] "POST /user/fetchmessages HTTP/1.1" 200 21 "http://undertale.ct8.pl/user/dashboard" "Mozilla/5.0 (Windows NT 6.3; Win64; x64) AppleWebKit/537.36 (KHTML, like Gecko) Chrome/97.0.4692.99 Safari/537.36"
206.1.136.191 - - [06/Feb/2022:22:27:53 +0100] "POST /user/fetchmessages HTTP/1.1" 200 37 "http://undertale.ct8.pl/user/dashboard" "Mozilla/5.0 (Windows NT 6.3; Win64; x64) AppleWebKit/537.36 (KHTML, like Gecko) Chrome/97.0.4692.99 Safari/537.36"
206.1.136.191 - - [06/Feb/2022:22:27:53 +0100] "POST /user/fetchmessages HTTP/1.1" 200 37 "http://undertale.ct8.pl/user/dashboard" "Mozilla/5.0 (Windows NT 6.3; Win64; x64) AppleWebKit/537.36 (KHTML, like Gecko) Chrome/97.0.4692.99 Safari/537.36"
206.1.136.191 - - [06/Feb/2022:22:27:54 +0100] "POST /user/fetchmessages HTTP/1.1" 200 37 "http://undertale.ct8.pl/user/dashboard" "Mozilla/5.0 (Windows NT 6.3; Win64; x64) AppleWebKit/537.36 (KHTML, like Gecko) Chrome/97.0.4692.99 Safari/537.36"
206.1.136.191 - - [06/Feb/2022:22:27:55 +0100] "POST /user/fetchmessages HTTP/1.1" 200 37 "http://undertale.ct8.pl/user/dashboard" "Mozilla/5.0 (Windows NT 6.3; Win64; x64) AppleWebKit/537.36 (KHTML, like Gecko) Chrome/97.0.4692.99 Safari/537.36"
206.1.136.191 - - [06/Feb/2022:22:27:56 +0100] "POST /user/fetchmessages HTTP/1.1" 200 37 "http://undertale.ct8.pl/user/dashboard" "Mozilla/5.0 (Windows NT 6.3; Win64; x64) AppleWebKit/537.36 (KHTML, like Gecko) Chrome/97.0.4692.99 Safari/537.36"
206.1.136.191 - - [06/Feb/2022:22:27:58 +0100] "POST /user/fetchmessages HTTP/1.1" 200 37 "http://undertale.ct8.pl/user/dashboard" "Mozilla/5.0 (Windows NT 6.3; Win64; x64) AppleWebKit/537.36 (KHTML, like Gecko) Chrome/97.0.4692.99 Safari/537.36"
206.1.136.191 - - [06/Feb/2022:22:27:59 +0100] "POST /user/fetchmessages HTTP/1.1" 200 37 "http://undertale.ct8.pl/user/dashboard" "Mozilla/5.0 (Windows NT 6.3; Win64; x64) AppleWebKit/537.36 (KHTML, like Gecko) Chrome/97.0.4692.99 Safari/537.36"
206.1.136.191 - - [06/Feb/2022:22:28:00 +0100] "POST /user/fetchmessages HTTP/1.1" 200 37 "http://undertale.ct8.pl/user/dashboard" "Mozilla/5.0 (Windows NT 6.3; Win64; x64) AppleWebKit/537.36 (KHTML, like Gecko) Chrome/97.0.4692.99 Safari/537.36"
206.1.136.191 - - [06/Feb/2022:22:28:01 +0100] "POST /user/fetchmessages HTTP/1.1" 200 37 "http://undertale.ct8.pl/user/dashboard" "Mozilla/5.0 (Windows NT 6.3; Win64; x64) AppleWebKit/537.36 (KHTML, like Gecko) Chrome/97.0.4692.99 Safari/537.36"
206.1.136.191 - - [06/Feb/2022:22:28:02 +0100] "POST /user/fetchmessages HTTP/1.1" 200 37 "http://undertale.ct8.pl/user/dashboard" "Mozilla/5.0 (Windows NT 6.3; Win64; x64) AppleWebKit/537.36 (KHTML, like Gecko) Chrome/97.0.4692.99 Safari/537.36"
206.1.136.191 - - [06/Feb/2022:22:28:03 +0100] "POST /user/fetchmessages HTTP/1.1" 200 37 "http://undertale.ct8.pl/user/dashboard" "Mozilla/5.0 (Windows NT 6.3; Win64; x64) AppleWebKit/537.36 (KHTML, like Gecko) Chrome/97.0.4692.99 Safari/537.36"
206.1.136.191 - - [06/Feb/2022:22:28:04 +0100] "POST /user/fetchmessages HTTP/1.1" 200 37 "http://undertale.ct8.pl/user/dashboard" "Mozilla/5.0 (Windows NT 6.3; Win64; x64) AppleWebKit/537.36 (KHTML, like Gecko) Chrome/97.0.4692.99 Safari/537.36"
206.1.136.191 - - [06/Feb/2022:22:28:05 +0100] "POST /user/fetchmessages HTTP/1.1" 200 37 "http://undertale.ct8.pl/user/dashboard" "Mozilla/5.0 (Windows NT 6.3; Win64; x64) AppleWebKit/537.36 (KHTML, like Gecko) Chrome/97.0.4692.99 Safari/537.36"
206.1.136.191 - - [06/Feb/2022:22:28:06 +0100] "POST /user/fetchmessages HTTP/1.1" 200 37 "http://undertale.ct8.pl/user/dashboard" "Mozilla/5.0 (Windows NT 6.3; Win64; x64) AppleWebKit/537.36 (KHTML, like Gecko) Chrome/97.0.4692.99 Safari/537.36"
206.1.136.191 - - [06/Feb/2022:22:28:07 +0100] "POST /user/fetchmessages HTTP/1.1" 200 37 "http://undertale.ct8.pl/user/dashboard" "Mozilla/5.0 (Windows NT 6.3; Win64; x64) AppleWebKit/537.36 (KHTML, like Gecko) Chrome/97.0.4692.99 Safari/537.36"
206.1.136.191 - - [06/Feb/2022:22:28:08 +0100] "POST /user/fetchmessages HTTP/1.1" 200 37 "http://undertale.ct8.pl/user/dashboard" "Mozilla/5.0 (Windows NT 6.3; Win64; x64) AppleWebKit/537.36 (KHTML, like Gecko) Chrome/97.0.4692.99 Safari/537.36"
206.1.136.191 - - [06/Feb/2022:22:28:09 +0100] "POST /user/fetchmessages HTTP/1.1" 200 37 "http://undertale.ct8.pl/user/dashboard" "Mozilla/5.0 (Windows NT 6.3; Win64; x64) AppleWebKit/537.36 (KHTML, like Gecko) Chrome/97.0.4692.99 Safari/537.36"
206.1.136.191 - - [06/Feb/2022:22:28:10 +0100] "POST /user/fetchmessages HTTP/1.1" 200 37 "http://undertale.ct8.pl/user/dashboard" "Mozilla/5.0 (Windows NT 6.3; Win64; x64) AppleWebKit/537.36 (KHTML, like Gecko) Chrome/97.0.4692.99 Safari/537.36"
206.1.136.191 - - [06/Feb/2022:22:28:11 +0100] "POST /user/fetchmessages HTTP/1.1" 200 37 "http://undertale.ct8.pl/user/dashboard" "Mozilla/5.0 (Windows NT 6.3; Win64; x64) AppleWebKit/537.36 (KHTML, like Gecko) Chrome/97.0.4692.99 Safari/537.36"
189.222.38.188 - - [06/Feb/2022:22:28:11 +0100] "GET /store HTTP/1.1" 200 3479 "http://undertale.ct8.pl/forum" "Mozilla/5.0 (Windows NT 6.3; Win64; x64) AppleWebKit/537.36 (KHTML, like Gecko) Chrome/97.0.4692.99 Safari/537.36"
206.1.136.191 - - [06/Feb/2022:22:28:12 +0100] "POST /user/fetchmessages HTTP/1.1" 200 37 "http://undertale.ct8.pl/user/dashboard" "Mozilla/5.0 (Windows NT 6.3; Win64; x64) AppleWebKit/537.36 (KHTML, like Gecko) Chrome/97.0.4692.99 Safari/537.36"
206.1.136.191 - - [06/Feb/2022:22:28:13 +0100] "POST /user/fetchmessages HTTP/1.1" 200 37 "http://undertale.ct8.pl/user/dashboard" "Mozilla/5.0 (Windows NT 6.3; Win64; x64) AppleWebKit/537.36 (KHTML, like Gecko) Chrome/97.0.4692.99 Safari/537.36"
189.222.38.188 - - [06/Feb/2022:22:28:13 +0100] "GET /store/headgear HTTP/1.1" 200 3479 "http://undertale.ct8.pl/store" "Mozilla/5.0 (Windows NT 6.3; Win64; x64) AppleWebKit/537.36 (KHTML, like Gecko) Chrome/97.0.4692.99 Safari/537.36"
189.222.38.188 - - [06/Feb/2022:22:28:14 +0100] "GET /store/accessories HTTP/1.1" 200 3479 "http://undertale.ct8.pl/store/headgear" "Mozilla/5.0 (Windows NT 6.3; Win64; x64) AppleWebKit/537.36 (KHTML, like Gecko) Chrome/97.0.4692.99 Safari/537.36"
206.1.136.191 - - [06/Feb/2022:22:28:14 +0100] "POST /user/fetchmessages HTTP/1.1" 200 37 "http://undertale.ct8.pl/user/dashboard" "Mozilla/5.0 (Windows NT 6.3; Win64; x64) AppleWebKit/537.36 (KHTML, like Gecko) Chrome/97.0.4692.99 Safari/537.36"
206.1.136.191 - - [06/Feb/2022:22:28:15 +0100] "POST /user/fetchmessages HTTP/1.1" 200 37 "http://undertale.ct8.pl/user/dashboard" "Mozilla/5.0 (Windows NT 6.3; Win64; x64) AppleWebKit/537.36 (KHTML, like Gecko) Chrome/97.0.4692.99 Safari/537.36"
189.222.38.188 - - [06/Feb/2022:22:28:16 +0100] "GET /store HTTP/1.1" 200 3479 "http://undertale.ct8.pl/store/accessories" "Mozilla/5.0 (Windows NT 6.3; Win64; x64) AppleWebKit/537.36 (KHTML, like Gecko) Chrome/97.0.4692.99 Safari/537.36"
206.1.136.191 - - [06/Feb/2022:22:28:16 +0100] "POST /user/fetchmessages HTTP/1.1" 200 37 "http://undertale.ct8.pl/user/dashboard" "Mozilla/5.0 (Windows NT 6.3; Win64; x64) AppleWebKit/537.36 (KHTML, like Gecko) Chrome/97.0.4692.99 Safari/537.36"
206.1.136.191 - - [06/Feb/2022:22:28:17 +0100] "POST /user/fetchmessages HTTP/1.1" 200 37 "http://undertale.ct8.pl/user/dashboard" "Mozilla/5.0 (Windows NT 6.3; Win64; x64) AppleWebKit/537.36 (KHTML, like Gecko) Chrome/97.0.4692.99 Safari/537.36"
189.222.38.188 - - [06/Feb/2022:22:28:17 +0100] "GET /user/signin HTTP/1.1" 200 3773 "http://undertale.ct8.pl/store" "Mozilla/5.0 (Windows NT 6.3; Win64; x64) AppleWebKit/537.36 (KHTML, like Gecko) Chrome/97.0.4692.99 Safari/537.36"
189.222.38.188 - - [06/Feb/2022:22:28:17 +0100] "GET /user/register HTTP/1.1" 200 4078 "http://undertale.ct8.pl/user/signin" "Mozilla/5.0 (Windows NT 6.3; Win64; x64) AppleWebKit/537.36 (KHTML, like Gecko) Chrome/97.0.4692.99 Safari/537.36"
206.1.136.191 - - [06/Feb/2022:22:28:18 +0100] "POST /user/fetchmessages HTTP/1.1" 200 37 "http://undertale.ct8.pl/user/dashboard" "Mozilla/5.0 (Windows NT 6.3; Win64; x64) AppleWebKit/537.36 (KHTML, like Gecko) Chrome/97.0.4692.99 Safari/537.36"
206.1.136.191 - - [06/Feb/2022:22:28:19 +0100] "POST /user/fetchmessages HTTP/1.1" 200 37 "http://undertale.ct8.pl/user/dashboard" "Mozilla/5.0 (Windows NT 6.3; Win64; x64) AppleWebKit/537.36 (KHTML, like Gecko) Chrome/97.0.4692.99 Safari/537.36"
206.1.136.191 - - [06/Feb/2022:22:28:20 +0100] "POST /user/fetchmessages HTTP/1.1" 200 37 "http://undertale.ct8.pl/user/dashboard" "Mozilla/5.0 (Windows NT 6.3; Win64; x64) AppleWebKit/537.36 (KHTML, like Gecko) Chrome/97.0.4692.99 Safari/537.36"
206.1.136.191 - - [06/Feb/2022:22:28:21 +0100] "POST /user/fetchmessages HTTP/1.1" 200 37 "http://undertale.ct8.pl/user/dashboard" "Mozilla/5.0 (Windows NT 6.3; Win64; x64) AppleWebKit/537.36 (KHTML, like Gecko) Chrome/97.0.4692.99 Safari/537.36"
206.1.136.191 - - [06/Feb/2022:22:28:22 +0100] "POST /user/fetchmessages HTTP/1.1" 200 37 "http://undertale.ct8.pl/user/dashboard" "Mozilla/5.0 (Windows NT 6.3; Win64; x64) AppleWebKit/537.36 (KHTML, like Gecko) Chrome/97.0.4692.99 Safari/537.36"
206.1.136.191 - - [06/Feb/2022:22:28:23 +0100] "POST /user/fetchmessages HTTP/1.1" 200 37 "http://undertale.ct8.pl/user/dashboard" "Mozilla/5.0 (Windows NT 6.3; Win64; x64) AppleWebKit/537.36 (KHTML, like Gecko) Chrome/97.0.4692.99 Safari/537.36"
206.1.136.191 - - [06/Feb/2022:22:28:24 +0100] "POST /user/fetchmessages HTTP/1.1" 200 37 "http://undertale.ct8.pl/user/dashboard" "Mozilla/5.0 (Windows NT 6.3; Win64; x64) AppleWebKit/537.36 (KHTML, like Gecko) Chrome/97.0.4692.99 Safari/537.36"
206.1.136.191 - - [06/Feb/2022:22:28:25 +0100] "POST /user/fetchmessages HTTP/1.1" 200 37 "http://undertale.ct8.pl/user/dashboard" "Mozilla/5.0 (Windows NT 6.3; Win64; x64) AppleWebKit/537.36 (KHTML, like Gecko) Chrome/97.0.4692.99 Safari/537.36"
206.1.136.191 - - [06/Feb/2022:22:28:27 +0100] "POST /user/fetchmessages HTTP/1.1" 200 37 "http://undertale.ct8.pl/user/dashboard" "Mozilla/5.0 (Windows NT 6.3; Win64; x64) AppleWebKit/537.36 (KHTML, like Gecko) Chrome/97.0.4692.99 Safari/537.36"
206.1.136.191 - - [06/Feb/2022:22:28:28 +0100] "POST /user/fetchmessages HTTP/1.1" 200 37 "http://undertale.ct8.pl/user/dashboard" "Mozilla/5.0 (Windows NT 6.3; Win64; x64) AppleWebKit/537.36 (KHTML, like Gecko) Chrome/97.0.4692.99 Safari/537.36"
206.1.136.191 - - [06/Feb/2022:22:28:28 +0100] "POST /user/fetchmessages HTTP/1.1" 200 37 "http://undertale.ct8.pl/user/dashboard" "Mozilla/5.0 (Windows NT 6.3; Win64; x64) AppleWebKit/537.36 (KHTML, like Gecko) Chrome/97.0.4692.99 Safari/537.36"
206.1.136.191 - - [06/Feb/2022:22:28:29 +0100] "POST /user/fetchmessages HTTP/1.1" 200 37 "http://undertale.ct8.pl/user/dashboard" "Mozilla/5.0 (Windows NT 6.3; Win64; x64) AppleWebKit/537.36 (KHTML, like Gecko) Chrome/97.0.4692.99 Safari/537.36"
206.1.136.191 - - [06/Feb/2022:22:28:30 +0100] "POST /user/fetchmessages HTTP/1.1" 200 37 "http://undertale.ct8.pl/user/dashboard" "Mozilla/5.0 (Windows NT 6.3; Win64; x64) AppleWebKit/537.36 (KHTML, like Gecko) Chrome/97.0.4692.99 Safari/537.36"
206.1.136.191 - - [06/Feb/2022:22:28:31 +0100] "POST /user/fetchmessages HTTP/1.1" 200 37 "http://undertale.ct8.pl/user/dashboard" "Mozilla/5.0 (Windows NT 6.3; Win64; x64) AppleWebKit/537.36 (KHTML, like Gecko) Chrome/97.0.4692.99 Safari/537.36"
206.1.136.191 - - [06/Feb/2022:22:28:32 +0100] "POST /user/fetchmessages HTTP/1.1" 200 37 "http://undertale.ct8.pl/user/dashboard" "Mozilla/5.0 (Windows NT 6.3; Win64; x64) AppleWebKit/537.36 (KHTML, like Gecko) Chrome/97.0.4692.99 Safari/537.36"
206.1.136.191 - - [06/Feb/2022:22:28:33 +0100] "POST /user/fetchmessages HTTP/1.1" 200 37 "http://undertale.ct8.pl/user/dashboard" "Mozilla/5.0 (Windows NT 6.3; Win64; x64) AppleWebKit/537.36 (KHTML, like Gecko) Chrome/97.0.4692.99 Safari/537.36"
189.222.38.188 - - [06/Feb/2022:22:28:34 +0100] "POST /user/register HTTP/1.1" 302 408 "http://undertale.ct8.pl/user/register" "Mozilla/5.0 (Windows NT 6.3; Win64; x64) AppleWebKit/537.36 (KHTML, like Gecko) Chrome/97.0.4692.99 Safari/537.36"
189.222.38.188 - - [06/Feb/2022:22:28:34 +0100] "GET /user/dashboard HTTP/1.1" 302 400 "http://undertale.ct8.pl/user/register" "Mozilla/5.0 (Windows NT 6.3; Win64; x64) AppleWebKit/537.36 (KHTML, like Gecko) Chrome/97.0.4692.99 Safari/537.36"
206.1.136.191 - - [06/Feb/2022:22:28:34 +0100] "POST /user/fetchmessages HTTP/1.1" 200 37 "http://undertale.ct8.pl/user/dashboard" "Mozilla/5.0 (Windows NT 6.3; Win64; x64) AppleWebKit/537.36 (KHTML, like Gecko) Chrome/97.0.4692.99 Safari/537.36"
189.222.38.188 - - [06/Feb/2022:22:28:34 +0100] "GET /user/welcome HTTP/1.1" 200 4666 "http://undertale.ct8.pl/user/register" "Mozilla/5.0 (Windows NT 6.3; Win64; x64) AppleWebKit/537.36 (KHTML, like Gecko) Chrome/97.0.4692.99 Safari/537.36"
206.1.136.191 - - [06/Feb/2022:22:28:35 +0100] "POST /user/fetchmessages HTTP/1.1" 200 37 "http://undertale.ct8.pl/user/dashboard" "Mozilla/5.0 (Windows NT 6.3; Win64; x64) AppleWebKit/537.36 (KHTML, like Gecko) Chrome/97.0.4692.99 Safari/537.36"
206.1.136.191 - - [06/Feb/2022:22:28:36 +0100] "POST /user/fetchmessages HTTP/1.1" 200 37 "http://undertale.ct8.pl/user/dashboard" "Mozilla/5.0 (Windows NT 6.3; Win64; x64) AppleWebKit/537.36 (KHTML, like Gecko) Chrome/97.0.4692.99 Safari/537.36"
206.1.136.191 - - [06/Feb/2022:22:28:37 +0100] "POST /user/fetchmessages HTTP/1.1" 200 37 "http://undertale.ct8.pl/user/dashboard" "Mozilla/5.0 (Windows NT 6.3; Win64; x64) AppleWebKit/537.36 (KHTML, like Gecko) Chrome/97.0.4692.99 Safari/537.36"
206.1.136.191 - - [06/Feb/2022:22:28:38 +0100] "POST /user/fetchmessages HTTP/1.1" 200 37 "http://undertale.ct8.pl/user/dashboard" "Mozilla/5.0 (Windows NT 6.3; Win64; x64) AppleWebKit/537.36 (KHTML, like Gecko) Chrome/97.0.4692.99 Safari/537.36"
206.1.136.191 - - [06/Feb/2022:22:28:39 +0100] "POST /user/fetchmessages HTTP/1.1" 200 37 "http://undertale.ct8.pl/user/dashboard" "Mozilla/5.0 (Windows NT 6.3; Win64; x64) AppleWebKit/537.36 (KHTML, like Gecko) Chrome/97.0.4692.99 Safari/537.36"
206.1.136.191 - - [06/Feb/2022:22:28:40 +0100] "POST /user/fetchmessages HTTP/1.1" 200 37 "http://undertale.ct8.pl/user/dashboard" "Mozilla/5.0 (Windows NT 6.3; Win64; x64) AppleWebKit/537.36 (KHTML, like Gecko) Chrome/97.0.4692.99 Safari/537.36"
189.222.38.188 - - [06/Feb/2022:22:28:41 +0100] "POST /user/welcome HTTP/1.1" 302 400 "http://undertale.ct8.pl/user/welcome" "Mozilla/5.0 (Windows NT 6.3; Win64; x64) AppleWebKit/537.36 (KHTML, like Gecko) Chrome/97.0.4692.99 Safari/537.36"
189.222.38.188 - - [06/Feb/2022:22:28:41 +0100] "GET /user/welcome HTTP/1.1" 200 4887 "http://undertale.ct8.pl/user/welcome" "Mozilla/5.0 (Windows NT 6.3; Win64; x64) AppleWebKit/537.36 (KHTML, like Gecko) Chrome/97.0.4692.99 Safari/537.36"
206.1.136.191 - - [06/Feb/2022:22:28:41 +0100] "POST /user/fetchmessages HTTP/1.1" 200 37 "http://undertale.ct8.pl/user/dashboard" "Mozilla/5.0 (Windows NT 6.3; Win64; x64) AppleWebKit/537.36 (KHTML, like Gecko) Chrome/97.0.4692.99 Safari/537.36"
206.1.136.191 - - [06/Feb/2022:22:28:42 +0100] "POST /user/fetchmessages HTTP/1.1" 200 37 "http://undertale.ct8.pl/user/dashboard" "Mozilla/5.0 (Windows NT 6.3; Win64; x64) AppleWebKit/537.36 (KHTML, like Gecko) Chrome/97.0.4692.99 Safari/537.36"
206.1.136.191 - - [06/Feb/2022:22:28:43 +0100] "POST /user/fetchmessages HTTP/1.1" 200 37 "http://undertale.ct8.pl/user/dashboard" "Mozilla/5.0 (Windows NT 6.3; Win64; x64) AppleWebKit/537.36 (KHTML, like Gecko) Chrome/97.0.4692.99 Safari/537.36"
206.1.136.191 - - [06/Feb/2022:22:28:44 +0100] "POST /user/fetchmessages HTTP/1.1" 200 37 "http://undertale.ct8.pl/user/dashboard" "Mozilla/5.0 (Windows NT 6.3; Win64; x64) AppleWebKit/537.36 (KHTML, like Gecko) Chrome/97.0.4692.99 Safari/537.36"
189.222.38.188 - - [06/Feb/2022:22:28:44 +0100] "POST /user/welcome HTTP/1.1" 302 408 "http://undertale.ct8.pl/user/welcome" "Mozilla/5.0 (Windows NT 6.3; Win64; x64) AppleWebKit/537.36 (KHTML, like Gecko) Chrome/97.0.4692.99 Safari/537.36"
189.222.38.188 - - [06/Feb/2022:22:28:44 +0100] "GET /user/dashboard HTTP/1.1" 200 7106 "http://undertale.ct8.pl/user/welcome" "Mozilla/5.0 (Windows NT 6.3; Win64; x64) AppleWebKit/537.36 (KHTML, like Gecko) Chrome/97.0.4692.99 Safari/537.36"
136.243.156.104 - - [06/Feb/2022:22:28:45 +0100] "GET /user_img/avatar/base.png HTTP/1.0" 200 9725 "-" "-"
206.1.136.191 - - [06/Feb/2022:22:28:45 +0100] "POST /user/fetchmessages HTTP/1.1" 200 37 "http://undertale.ct8.pl/user/dashboard" "Mozilla/5.0 (Windows NT 6.3; Win64; x64) AppleWebKit/537.36 (KHTML, like Gecko) Chrome/97.0.4692.99 Safari/537.36"
136.243.156.104 - - [06/Feb/2022:22:28:45 +0100] "GET /user_img/avatar/active_icon.png HTTP/1.0" 200 2788 "-" "-"
189.222.38.188 - - [06/Feb/2022:22:28:45 +0100] "GET /user/avatar/2 HTTP/1.1" 200 11876 "http://undertale.ct8.pl/user/dashboard" "Mozilla/5.0 (Windows NT 6.3; Win64; x64) AppleWebKit/537.36 (KHTML, like Gecko) Chrome/97.0.4692.99 Safari/537.36"
189.222.38.188 - - [06/Feb/2022:22:28:45 +0100] "POST /user/fetchmessages HTTP/1.1" 200 5 "http://undertale.ct8.pl/user/dashboard" "Mozilla/5.0 (Windows NT 6.3; Win64; x64) AppleWebKit/537.36 (KHTML, like Gecko) Chrome/97.0.4692.99 Safari/537.36"
189.222.38.188 - - [06/Feb/2022:22:28:45 +0100] "POST /user/fetchmessages HTTP/1.1" 200 21 "http://undertale.ct8.pl/user/dashboard" "Mozilla/5.0 (Windows NT 6.3; Win64; x64) AppleWebKit/537.36 (KHTML, like Gecko) Chrome/97.0.4692.99 Safari/537.36"
189.222.38.188 - - [06/Feb/2022:22:28:46 +0100] "POST /user/fetchmessages HTTP/1.1" 200 37 "http://undertale.ct8.pl/user/dashboard" "Mozilla/5.0 (Windows NT 6.3; Win64; x64) AppleWebKit/537.36 (KHTML, like Gecko) Chrome/97.0.4692.99 Safari/537.36"
206.1.136.191 - - [06/Feb/2022:22:28:46 +0100] "POST /user/fetchmessages HTTP/1.1" 200 37 "http://undertale.ct8.pl/user/dashboard" "Mozilla/5.0 (Windows NT 6.3; Win64; x64) AppleWebKit/537.36 (KHTML, like Gecko) Chrome/97.0.4692.99 Safari/537.36"
189.222.38.188 - - [06/Feb/2022:22:28:47 +0100] "POST /user/fetchmessages HTTP/1.1" 200 37 "http://undertale.ct8.pl/user/dashboard" "Mozilla/5.0 (Windows NT 6.3; Win64; x64) AppleWebKit/537.36 (KHTML, like Gecko) Chrome/97.0.4692.99 Safari/537.36"
206.1.136.191 - - [06/Feb/2022:22:28:47 +0100] "POST /user/fetchmessages HTTP/1.1" 200 37 "http://undertale.ct8.pl/user/dashboard" "Mozilla/5.0 (Windows NT 6.3; Win64; x64) AppleWebKit/537.36 (KHTML, like Gecko) Chrome/97.0.4692.99 Safari/537.36"
189.222.38.188 - - [06/Feb/2022:22:28:48 +0100] "POST /user/fetchmessages HTTP/1.1" 200 37 "http://undertale.ct8.pl/user/dashboard" "Mozilla/5.0 (Windows NT 6.3; Win64; x64) AppleWebKit/537.36 (KHTML, like Gecko) Chrome/97.0.4692.99 Safari/537.36"
189.222.38.188 - - [06/Feb/2022:22:28:48 +0100] "POST /user/fetchmessages HTTP/1.1" 200 37 "http://undertale.ct8.pl/user/dashboard" "Mozilla/5.0 (Windows NT 6.3; Win64; x64) AppleWebKit/537.36 (KHTML, like Gecko) Chrome/97.0.4692.99 Safari/537.36"
206.1.136.191 - - [06/Feb/2022:22:28:48 +0100] "POST /user/fetchmessages HTTP/1.1" 200 37 "http://undertale.ct8.pl/user/dashboard" "Mozilla/5.0 (Windows NT 6.3; Win64; x64) AppleWebKit/537.36 (KHTML, like Gecko) Chrome/97.0.4692.99 Safari/537.36"
189.222.38.188 - - [06/Feb/2022:22:28:49 +0100] "POST /user/fetchmessages HTTP/1.1" 200 37 "http://undertale.ct8.pl/user/dashboard" "Mozilla/5.0 (Windows NT 6.3; Win64; x64) AppleWebKit/537.36 (KHTML, like Gecko) Chrome/97.0.4692.99 Safari/537.36"
206.1.136.191 - - [06/Feb/2022:22:28:49 +0100] "POST /user/fetchmessages HTTP/1.1" 200 37 "http://undertale.ct8.pl/user/dashboard" "Mozilla/5.0 (Windows NT 6.3; Win64; x64) AppleWebKit/537.36 (KHTML, like Gecko) Chrome/97.0.4692.99 Safari/537.36"
189.222.38.188 - - [06/Feb/2022:22:28:49 +0100] "GET /store HTTP/1.1" 200 4655 "http://undertale.ct8.pl/user/dashboard" "Mozilla/5.0 (Windows NT 6.3; Win64; x64) AppleWebKit/537.36 (KHTML, like Gecko) Chrome/97.0.4692.99 Safari/537.36"
206.1.136.191 - - [06/Feb/2022:22:28:50 +0100] "POST /user/fetchmessages HTTP/1.1" 200 37 "http://undertale.ct8.pl/user/dashboard" "Mozilla/5.0 (Windows NT 6.3; Win64; x64) AppleWebKit/537.36 (KHTML, like Gecko) Chrome/97.0.4692.99 Safari/537.36"
189.222.38.188 - - [06/Feb/2022:22:28:50 +0100] "GET /user/economy HTTP/1.1" 302 396 "http://undertale.ct8.pl/store" "Mozilla/5.0 (Windows NT 6.3; Win64; x64) AppleWebKit/537.36 (KHTML, like Gecko) Chrome/97.0.4692.99 Safari/537.36"
189.222.38.188 - - [06/Feb/2022:22:28:51 +0100] "GET /user/verify HTTP/1.1" 200 4992 "http://undertale.ct8.pl/store" "Mozilla/5.0 (Windows NT 6.3; Win64; x64) AppleWebKit/537.36 (KHTML, like Gecko) Chrome/97.0.4692.99 Safari/537.36"
206.1.136.191 - - [06/Feb/2022:22:28:51 +0100] "POST /user/fetchmessages HTTP/1.1" 200 37 "http://undertale.ct8.pl/user/dashboard" "Mozilla/5.0 (Windows NT 6.3; Win64; x64) AppleWebKit/537.36 (KHTML, like Gecko) Chrome/97.0.4692.99 Safari/537.36"
206.1.136.191 - - [06/Feb/2022:22:28:52 +0100] "POST /user/fetchmessages HTTP/1.1" 200 37 "http://undertale.ct8.pl/user/dashboard" "Mozilla/5.0 (Windows NT 6.3; Win64; x64) AppleWebKit/537.36 (KHTML, like Gecko) Chrome/97.0.4692.99 Safari/537.36"
189.222.38.188 - - [06/Feb/2022:22:28:53 +0100] "GET /user/verify/resend HTTP/1.1" 302 408 "http://undertale.ct8.pl/user/verify" "Mozilla/5.0 (Windows NT 6.3; Win64; x64) AppleWebKit/537.36 (KHTML, like Gecko) Chrome/97.0.4692.99 Safari/537.36"
189.222.38.188 - - [06/Feb/2022:22:28:53 +0100] "GET /user/dashboard HTTP/1.1" 200 6876 "http://undertale.ct8.pl/user/verify" "Mozilla/5.0 (Windows NT 6.3; Win64; x64) AppleWebKit/537.36 (KHTML, like Gecko) Chrome/97.0.4692.99 Safari/537.36"
206.1.136.191 - - [06/Feb/2022:22:28:53 +0100] "POST /user/fetchmessages HTTP/1.1" 200 37 "http://undertale.ct8.pl/user/dashboard" "Mozilla/5.0 (Windows NT 6.3; Win64; x64) AppleWebKit/537.36 (KHTML, like Gecko) Chrome/97.0.4692.99 Safari/537.36"
189.222.38.188 - - [06/Feb/2022:22:28:53 +0100] "POST /user/fetchmessages HTTP/1.1" 200 5 "http://undertale.ct8.pl/user/dashboard" "Mozilla/5.0 (Windows NT 6.3; Win64; x64) AppleWebKit/537.36 (KHTML, like Gecko) Chrome/97.0.4692.99 Safari/537.36"
136.243.156.104 - - [06/Feb/2022:22:28:53 +0100] "GET /user_img/avatar/base.png HTTP/1.0" 200 9725 "-" "-"
189.222.38.188 - - [06/Feb/2022:22:28:53 +0100] "POST /user/fetchmessages HTTP/1.1" 200 21 "http://undertale.ct8.pl/user/dashboard" "Mozilla/5.0 (Windows NT 6.3; Win64; x64) AppleWebKit/537.36 (KHTML, like Gecko) Chrome/97.0.4692.99 Safari/537.36"
136.243.156.104 - - [06/Feb/2022:22:28:53 +0100] "GET /user_img/avatar/active_icon.png HTTP/1.0" 200 2788 "-" "-"
189.222.38.188 - - [06/Feb/2022:22:28:53 +0100] "GET /user/avatar/2 HTTP/1.1" 200 11876 "http://undertale.ct8.pl/user/dashboard" "Mozilla/5.0 (Windows NT 6.3; Win64; x64) AppleWebKit/537.36 (KHTML, like Gecko) Chrome/97.0.4692.99 Safari/537.36"
206.1.136.191 - - [06/Feb/2022:22:28:54 +0100] "POST /user/fetchmessages HTTP/1.1" 200 37 "http://undertale.ct8.pl/user/dashboard" "Mozilla/5.0 (Windows NT 6.3; Win64; x64) AppleWebKit/537.36 (KHTML, like Gecko) Chrome/97.0.4692.99 Safari/537.36"
189.222.38.188 - - [06/Feb/2022:22:28:54 +0100] "POST /user/fetchmessages HTTP/1.1" 200 37 "http://undertale.ct8.pl/user/dashboard" "Mozilla/5.0 (Windows NT 6.3; Win64; x64) AppleWebKit/537.36 (KHTML, like Gecko) Chrome/97.0.4692.99 Safari/537.36"
189.222.38.188 - - [06/Feb/2022:22:28:55 +0100] "POST /user/fetchmessages HTTP/1.1" 200 37 "http://undertale.ct8.pl/user/dashboard" "Mozilla/5.0 (Windows NT 6.3; Win64; x64) AppleWebKit/537.36 (KHTML, like Gecko) Chrome/97.0.4692.99 Safari/537.36"
