206.1.136.191 - - [27/Jan/2022:00:20:01 +0100] "GET / HTTP/1.1" 200 2339 "-" "Mozilla/5.0 (Windows NT 6.3; Win64; x64) AppleWebKit/537.36 (KHTML, like Gecko) Chrome/97.0.4692.99 Safari/537.36"
206.1.136.191 - - [27/Jan/2022:00:20:01 +0100] "GET /favicon.ico HTTP/1.1" 404 2576 "http://social-paradise.gq/" "Mozilla/5.0 (Windows NT 6.3; Win64; x64) AppleWebKit/537.36 (KHTML, like Gecko) Chrome/97.0.4692.99 Safari/537.36"
35.196.132.85 - - [27/Jan/2022:00:20:34 +0100] "GET / HTTP/1.1" 200 2339 "-" "Mozilla/5.0 (compatible; Discordbot/2.0; +https://discordapp.com)"
206.1.136.191 - - [27/Jan/2022:00:50:33 +0100] "GET / HTTP/1.1" 301 238 "-" "Mozilla/5.0 (Windows NT 6.3; Win64; x64) AppleWebKit/537.36 (KHTML, like Gecko) Chrome/97.0.4692.99 Safari/537.36"
172.70.1.139 - - [27/Jan/2022:00:52:22 +0100] "GET / HTTP/1.0" 301 238 "-" "Mozilla/4.0 (compatible; MSIE 7.0; Windows NT 5.1)"
172.70.1.139 - - [27/Jan/2022:00:52:25 +0100] "GET / HTTP/1.0" 301 238 "-" "Mozilla/4.0 (compatible; MSIE 7.0; Windows NT 5.1)"
206.1.136.191 - - [27/Jan/2022:01:06:04 +0100] "GET / HTTP/1.1" 200 622 "-" "Mozilla/5.0 (Windows NT 6.3; Win64; x64) AppleWebKit/537.36 (KHTML, like Gecko) Chrome/97.0.4692.99 Safari/537.36"
206.1.136.191 - - [27/Jan/2022:01:06:09 +0100] "GET /favicon.ico HTTP/1.1" 404 2576 "http://www.social-paradise.gq/" "Mozilla/5.0 (Windows NT 6.3; Win64; x64) AppleWebKit/537.36 (KHTML, like Gecko) Chrome/97.0.4692.99 Safari/537.36"
206.1.136.191 - - [27/Jan/2022:01:07:35 +0100] "GET / HTTP/1.1" 200 622 "-" "Mozilla/5.0 (Windows NT 6.3; Win64; x64) AppleWebKit/537.36 (KHTML, like Gecko) Chrome/97.0.4692.99 Safari/537.36"
206.1.136.191 - - [27/Jan/2022:01:08:24 +0100] "GET / HTTP/1.1" 200 622 "-" "Mozilla/5.0 (Windows NT 6.3; Win64; x64) AppleWebKit/537.36 (KHTML, like Gecko) Chrome/97.0.4692.99 Safari/537.36"
206.1.136.191 - - [27/Jan/2022:01:08:24 +0100] "GET / HTTP/1.1" 200 622 "-" "Mozilla/5.0 (Windows NT 6.3; Win64; x64) AppleWebKit/537.36 (KHTML, like Gecko) Chrome/97.0.4692.99 Safari/537.36"
206.1.136.191 - - [27/Jan/2022:01:08:32 +0100] "GET / HTTP/1.1" 200 6423 "-" "Mozilla/5.0 (Windows NT 6.3; Win64; x64) AppleWebKit/537.36 (KHTML, like Gecko) Chrome/97.0.4692.99 Safari/537.36"
206.1.136.191 - - [27/Jan/2022:01:08:33 +0100] "GET /Base/Style/Main.css HTTP/1.1" 200 2980 "http://www.social-paradise.gq/" "Mozilla/5.0 (Windows NT 6.3; Win64; x64) AppleWebKit/537.36 (KHTML, like Gecko) Chrome/97.0.4692.99 Safari/537.36"
206.1.136.191 - - [27/Jan/2022:01:08:33 +0100] "GET /Base/Themes/Orman/orman.css HTTP/1.1" 200 2053 "http://www.social-paradise.gq/" "Mozilla/5.0 (Windows NT 6.3; Win64; x64) AppleWebKit/537.36 (KHTML, like Gecko) Chrome/97.0.4692.99 Safari/537.36"
206.1.136.191 - - [27/Jan/2022:01:08:33 +0100] "GET /Base/Style/Nivo.css HTTP/1.1" 200 2218 "http://www.social-paradise.gq/" "Mozilla/5.0 (Windows NT 6.3; Win64; x64) AppleWebKit/537.36 (KHTML, like Gecko) Chrome/97.0.4692.99 Safari/537.36"
206.1.136.191 - - [27/Jan/2022:01:08:33 +0100] "GET /Base/Themes/Default/default.css HTTP/1.1" 200 1522 "http://www.social-paradise.gq/" "Mozilla/5.0 (Windows NT 6.3; Win64; x64) AppleWebKit/537.36 (KHTML, like Gecko) Chrome/97.0.4692.99 Safari/537.36"
206.1.136.191 - - [27/Jan/2022:01:08:33 +0100] "GET /Base/Themes/Pascal/pascal.css HTTP/1.1" 200 2155 "http://www.social-paradise.gq/" "Mozilla/5.0 (Windows NT 6.3; Win64; x64) AppleWebKit/537.36 (KHTML, like Gecko) Chrome/97.0.4692.99 Safari/537.36"
206.1.136.191 - - [27/Jan/2022:01:08:36 +0100] "GET /Base/Scripts/jquery-1.7.1.min.js HTTP/1.1" 200 93868 "http://www.social-paradise.gq/" "Mozilla/5.0 (Windows NT 6.3; Win64; x64) AppleWebKit/537.36 (KHTML, like Gecko) Chrome/97.0.4692.99 Safari/537.36"
206.1.136.191 - - [27/Jan/2022:01:08:36 +0100] "GET /Base/Scripts/jquery.nivo.slider.pack.js HTTP/1.1" 200 15853 "http://www.social-paradise.gq/" "Mozilla/5.0 (Windows NT 6.3; Win64; x64) AppleWebKit/537.36 (KHTML, like Gecko) Chrome/97.0.4692.99 Safari/537.36"
206.1.136.191 - - [27/Jan/2022:01:08:36 +0100] "GET /Imagess/SPNewLogo.png HTTP/1.1" 200 5846 "http://www.social-paradise.gq/" "Mozilla/5.0 (Windows NT 6.3; Win64; x64) AppleWebKit/537.36 (KHTML, like Gecko) Chrome/97.0.4692.99 Safari/537.36"
206.1.136.191 - - [27/Jan/2022:01:08:37 +0100] "GET /Base/Themes/Default/loading.gif HTTP/1.1" 200 1737 "http://www.social-paradise.gq/Base/Themes/Default/default.css" "Mozilla/5.0 (Windows NT 6.3; Win64; x64) AppleWebKit/537.36 (KHTML, like Gecko) Chrome/97.0.4692.99 Safari/537.36"
206.1.136.191 - - [27/Jan/2022:01:08:38 +0100] "GET /Base/Themes/Default/arrows.png HTTP/1.1" 200 824 "http://www.social-paradise.gq/Base/Themes/Default/default.css" "Mozilla/5.0 (Windows NT 6.3; Win64; x64) AppleWebKit/537.36 (KHTML, like Gecko) Chrome/97.0.4692.99 Safari/537.36"
206.1.136.191 - - [27/Jan/2022:01:08:38 +0100] "GET /Base/Themes/Default/bullets.png HTTP/1.1" 200 1281 "http://www.social-paradise.gq/Base/Themes/Default/default.css" "Mozilla/5.0 (Windows NT 6.3; Win64; x64) AppleWebKit/537.36 (KHTML, like Gecko) Chrome/97.0.4692.99 Safari/537.36"
206.1.136.191 - - [27/Jan/2022:01:09:33 +0100] "GET / HTTP/1.1" 200 6252 "http://www.social-paradise.gq/" "Mozilla/5.0 (Windows NT 6.3; Win64; x64) AppleWebKit/537.36 (KHTML, like Gecko) Chrome/97.0.4692.99 Safari/537.36"
206.1.136.191 - - [27/Jan/2022:01:09:42 +0100] "GET /UserShop/ HTTP/1.1" 200 4661 "http://www.social-paradise.gq/" "Mozilla/5.0 (Windows NT 6.3; Win64; x64) AppleWebKit/537.36 (KHTML, like Gecko) Chrome/97.0.4692.99 Safari/537.36"
206.1.136.191 - - [27/Jan/2022:01:09:47 +0100] "GET / HTTP/1.1" 200 6252 "http://www.social-paradise.gq/UserShop/" "Mozilla/5.0 (Windows NT 6.3; Win64; x64) AppleWebKit/537.36 (KHTML, like Gecko) Chrome/97.0.4692.99 Safari/537.36"
206.1.136.191 - - [27/Jan/2022:01:09:52 +0100] "GET /siterules.php HTTP/1.1" 200 7909 "http://www.social-paradise.gq/" "Mozilla/5.0 (Windows NT 6.3; Win64; x64) AppleWebKit/537.36 (KHTML, like Gecko) Chrome/97.0.4692.99 Safari/537.36"
35.227.62.178 - - [27/Jan/2022:01:10:45 +0100] "GET / HTTP/1.1" 200 5 "-" "Mozilla/5.0 (compatible; Discordbot/2.0; +https://discordapp.com)"
206.1.136.191 - - [27/Jan/2022:01:10:46 +0100] "GET / HTTP/1.1" 200 5 "http://www.social-paradise.gq/siterules.php" "Mozilla/5.0 (Windows NT 6.3; Win64; x64) AppleWebKit/537.36 (KHTML, like Gecko) Chrome/97.0.4692.99 Safari/537.36"
206.1.136.191 - - [27/Jan/2022:01:10:54 +0100] "GET / HTTP/1.1" 200 6140 "http://www.social-paradise.gq/siterules.php" "Mozilla/5.0 (Windows NT 6.3; Win64; x64) AppleWebKit/537.36 (KHTML, like Gecko) Chrome/97.0.4692.99 Safari/537.36"
206.1.136.191 - - [27/Jan/2022:01:10:56 +0100] "GET /Base/Slides/Slide1.png HTTP/1.1" 200 18867 "http://www.social-paradise.gq/" "Mozilla/5.0 (Windows NT 6.3; Win64; x64) AppleWebKit/537.36 (KHTML, like Gecko) Chrome/97.0.4692.99 Safari/537.36"
206.1.136.191 - - [27/Jan/2022:01:10:56 +0100] "GET /Base/Slides/Slide2.png HTTP/1.1" 200 87209 "http://www.social-paradise.gq/" "Mozilla/5.0 (Windows NT 6.3; Win64; x64) AppleWebKit/537.36 (KHTML, like Gecko) Chrome/97.0.4692.99 Safari/537.36"
206.1.136.191 - - [27/Jan/2022:01:10:56 +0100] "GET /Base/Slides/Slide4.png HTTP/1.1" 200 49095 "http://www.social-paradise.gq/" "Mozilla/5.0 (Windows NT 6.3; Win64; x64) AppleWebKit/537.36 (KHTML, like Gecko) Chrome/97.0.4692.99 Safari/537.36"
206.1.136.191 - - [27/Jan/2022:01:10:56 +0100] "GET /Base/Slides/Slide3.png HTTP/1.1" 200 50945 "http://www.social-paradise.gq/" "Mozilla/5.0 (Windows NT 6.3; Win64; x64) AppleWebKit/537.36 (KHTML, like Gecko) Chrome/97.0.4692.99 Safari/537.36"
2607:fb90:997b:50e2:8d30:9c8d:e7d2:81a7 - - [27/Jan/2022:01:11:15 +0100] "GET / HTTP/1.1" 200 6140 "-" "Mozilla/5.0 (Linux; Android 10; moto e) AppleWebKit/537.36 (KHTML, like Gecko) Chrome/97.0.4692.98 Mobile Safari/537.36"
2607:fb90:997b:50e2:8d30:9c8d:e7d2:81a7 - - [27/Jan/2022:01:11:15 +0100] "GET /Base/Style/Main.css HTTP/1.1" 200 2980 "http://www.social-paradise.gq/" "Mozilla/5.0 (Linux; Android 10; moto e) AppleWebKit/537.36 (KHTML, like Gecko) Chrome/97.0.4692.98 Mobile Safari/537.36"
2607:fb90:997b:50e2:8d30:9c8d:e7d2:81a7 - - [27/Jan/2022:01:11:15 +0100] "GET /Base/Themes/Default/default.css HTTP/1.1" 200 1522 "http://www.social-paradise.gq/" "Mozilla/5.0 (Linux; Android 10; moto e) AppleWebKit/537.36 (KHTML, like Gecko) Chrome/97.0.4692.98 Mobile Safari/537.36"
2607:fb90:997b:50e2:8d30:9c8d:e7d2:81a7 - - [27/Jan/2022:01:11:16 +0100] "GET /Base/Themes/Pascal/pascal.css HTTP/1.1" 200 2155 "http://www.social-paradise.gq/" "Mozilla/5.0 (Linux; Android 10; moto e) AppleWebKit/537.36 (KHTML, like Gecko) Chrome/97.0.4692.98 Mobile Safari/537.36"
2607:fb90:997b:50e2:8d30:9c8d:e7d2:81a7 - - [27/Jan/2022:01:11:16 +0100] "GET /Base/Themes/Orman/orman.css HTTP/1.1" 200 2053 "http://www.social-paradise.gq/" "Mozilla/5.0 (Linux; Android 10; moto e) AppleWebKit/537.36 (KHTML, like Gecko) Chrome/97.0.4692.98 Mobile Safari/537.36"
2607:fb90:997b:50e2:8d30:9c8d:e7d2:81a7 - - [27/Jan/2022:01:11:16 +0100] "GET /Base/Style/Nivo.css HTTP/1.1" 200 2218 "http://www.social-paradise.gq/" "Mozilla/5.0 (Linux; Android 10; moto e) AppleWebKit/537.36 (KHTML, like Gecko) Chrome/97.0.4692.98 Mobile Safari/537.36"
2607:fb90:997b:50e2:8d30:9c8d:e7d2:81a7 - - [27/Jan/2022:01:11:16 +0100] "GET /Base/Scripts/jquery-1.7.1.min.js HTTP/1.1" 200 93868 "http://www.social-paradise.gq/" "Mozilla/5.0 (Linux; Android 10; moto e) AppleWebKit/537.36 (KHTML, like Gecko) Chrome/97.0.4692.98 Mobile Safari/537.36"
2607:fb90:997b:50e2:8d30:9c8d:e7d2:81a7 - - [27/Jan/2022:01:11:16 +0100] "GET /Base/Scripts/jquery.nivo.slider.pack.js HTTP/1.1" 200 15853 "http://www.social-paradise.gq/" "Mozilla/5.0 (Linux; Android 10; moto e) AppleWebKit/537.36 (KHTML, like Gecko) Chrome/97.0.4692.98 Mobile Safari/537.36"
2607:fb90:997b:50e2:8d30:9c8d:e7d2:81a7 - - [27/Jan/2022:01:11:16 +0100] "GET /Base/Slides/Slide1.png HTTP/1.1" 200 18867 "http://www.social-paradise.gq/" "Mozilla/5.0 (Linux; Android 10; moto e) AppleWebKit/537.36 (KHTML, like Gecko) Chrome/97.0.4692.98 Mobile Safari/537.36"
2607:fb90:997b:50e2:8d30:9c8d:e7d2:81a7 - - [27/Jan/2022:01:11:16 +0100] "GET /Imagess/SPNewLogo.png HTTP/1.1" 200 5846 "http://www.social-paradise.gq/" "Mozilla/5.0 (Linux; Android 10; moto e) AppleWebKit/537.36 (KHTML, like Gecko) Chrome/97.0.4692.98 Mobile Safari/537.36"
2607:fb90:997b:50e2:8d30:9c8d:e7d2:81a7 - - [27/Jan/2022:01:11:16 +0100] "GET /Base/Slides/Slide2.png HTTP/1.1" 200 87209 "http://www.social-paradise.gq/" "Mozilla/5.0 (Linux; Android 10; moto e) AppleWebKit/537.36 (KHTML, like Gecko) Chrome/97.0.4692.98 Mobile Safari/537.36"
2607:fb90:997b:50e2:8d30:9c8d:e7d2:81a7 - - [27/Jan/2022:01:11:16 +0100] "GET /Base/Slides/Slide3.png HTTP/1.1" 200 50945 "http://www.social-paradise.gq/" "Mozilla/5.0 (Linux; Android 10; moto e) AppleWebKit/537.36 (KHTML, like Gecko) Chrome/97.0.4692.98 Mobile Safari/537.36"
2607:fb90:997b:50e2:8d30:9c8d:e7d2:81a7 - - [27/Jan/2022:01:11:16 +0100] "GET /Base/Themes/Default/loading.gif HTTP/1.1" 200 1737 "http://www.social-paradise.gq/Base/Themes/Default/default.css" "Mozilla/5.0 (Linux; Android 10; moto e) AppleWebKit/537.36 (KHTML, like Gecko) Chrome/97.0.4692.98 Mobile Safari/537.36"
2607:fb90:997b:50e2:8d30:9c8d:e7d2:81a7 - - [27/Jan/2022:01:11:16 +0100] "GET /Base/Slides/Slide4.png HTTP/1.1" 200 49095 "http://www.social-paradise.gq/" "Mozilla/5.0 (Linux; Android 10; moto e) AppleWebKit/537.36 (KHTML, like Gecko) Chrome/97.0.4692.98 Mobile Safari/537.36"
2607:fb90:997b:50e2:8d30:9c8d:e7d2:81a7 - - [27/Jan/2022:01:11:17 +0100] "GET /Base/Themes/Default/arrows.png HTTP/1.1" 200 824 "http://www.social-paradise.gq/Base/Themes/Default/default.css" "Mozilla/5.0 (Linux; Android 10; moto e) AppleWebKit/537.36 (KHTML, like Gecko) Chrome/97.0.4692.98 Mobile Safari/537.36"
2607:fb90:997b:50e2:8d30:9c8d:e7d2:81a7 - - [27/Jan/2022:01:11:17 +0100] "GET /Base/Themes/Default/bullets.png HTTP/1.1" 200 1281 "http://www.social-paradise.gq/Base/Themes/Default/default.css" "Mozilla/5.0 (Linux; Android 10; moto e) AppleWebKit/537.36 (KHTML, like Gecko) Chrome/97.0.4692.98 Mobile Safari/537.36"
2607:fb90:997b:50e2:8d30:9c8d:e7d2:81a7 - - [27/Jan/2022:01:11:17 +0100] "GET /favicon.ico HTTP/1.1" 404 2576 "http://www.social-paradise.gq/" "Mozilla/5.0 (Linux; Android 10; moto e) AppleWebKit/537.36 (KHTML, like Gecko) Chrome/97.0.4692.98 Mobile Safari/537.36"
206.1.136.191 - - [27/Jan/2022:01:11:18 +0100] "POST /register.php HTTP/1.1" 302 4279 "http://www.social-paradise.gq/" "Mozilla/5.0 (Windows NT 6.3; Win64; x64) AppleWebKit/537.36 (KHTML, like Gecko) Chrome/97.0.4692.99 Safari/537.36"
206.1.136.191 - - [27/Jan/2022:01:11:19 +0100] "GET /index.php HTTP/1.1" 200 4983 "http://www.social-paradise.gq/" "Mozilla/5.0 (Windows NT 6.3; Win64; x64) AppleWebKit/537.36 (KHTML, like Gecko) Chrome/97.0.4692.99 Safari/537.36"
206.1.136.191 - - [27/Jan/2022:01:11:20 +0100] "GET /Avatar.php?ID=1 HTTP/1.1" 200 2018 "http://www.social-paradise.gq/index.php" "Mozilla/5.0 (Windows NT 6.3; Win64; x64) AppleWebKit/537.36 (KHTML, like Gecko) Chrome/97.0.4692.99 Safari/537.36"
190.153.58.4 - - [27/Jan/2022:01:11:30 +0100] "GET / HTTP/1.1" 200 6140 "https://www.google.com/" "Mozilla/5.0 (Windows NT 10.0; Win64; x64) AppleWebKit/537.36 (KHTML, like Gecko) Chrome/96.0.4664.45 Safari/537.36"
206.1.136.191 - - [27/Jan/2022:01:11:40 +0100] "GET /user.php?ID=1 HTTP/1.1" 200 5891 "http://www.social-paradise.gq/index.php" "Mozilla/5.0 (Windows NT 6.3; Win64; x64) AppleWebKit/537.36 (KHTML, like Gecko) Chrome/97.0.4692.99 Safari/537.36"
206.1.136.191 - - [27/Jan/2022:01:11:45 +0100] "GET /Avatar.php?ID=1 HTTP/1.1" 200 2018 "http://www.social-paradise.gq/user.php?ID=1" "Mozilla/5.0 (Windows NT 6.3; Win64; x64) AppleWebKit/537.36 (KHTML, like Gecko) Chrome/97.0.4692.99 Safari/537.36"
190.153.58.4 - - [27/Jan/2022:01:11:47 +0100] "GET /Base/Style/Main.css HTTP/1.1" 200 2980 "http://www.social-paradise.gq/" "Mozilla/5.0 (Windows NT 10.0; Win64; x64) AppleWebKit/537.36 (KHTML, like Gecko) Chrome/96.0.4664.45 Safari/537.36"
190.153.58.4 - - [27/Jan/2022:01:11:47 +0100] "GET /Base/Themes/Orman/orman.css HTTP/1.1" 200 2053 "http://www.social-paradise.gq/" "Mozilla/5.0 (Windows NT 10.0; Win64; x64) AppleWebKit/537.36 (KHTML, like Gecko) Chrome/96.0.4664.45 Safari/537.36"
206.1.136.191 - - [27/Jan/2022:01:11:51 +0100] "GET /My/Character/ HTTP/1.1" 200 4187 "http://www.social-paradise.gq/user.php?ID=1" "Mozilla/5.0 (Windows NT 6.3; Win64; x64) AppleWebKit/537.36 (KHTML, like Gecko) Chrome/97.0.4692.99 Safari/537.36"
206.1.136.191 - - [27/Jan/2022:01:11:51 +0100] "GET /My/Base/Themes/Default/default.css HTTP/1.1" 404 2576 "http://www.social-paradise.gq/My/Character/" "Mozilla/5.0 (Windows NT 6.3; Win64; x64) AppleWebKit/537.36 (KHTML, like Gecko) Chrome/97.0.4692.99 Safari/537.36"
206.1.136.191 - - [27/Jan/2022:01:11:51 +0100] "GET /My/Base/Themes/Pascal/pascal.css HTTP/1.1" 404 2576 "http://www.social-paradise.gq/My/Character/" "Mozilla/5.0 (Windows NT 6.3; Win64; x64) AppleWebKit/537.36 (KHTML, like Gecko) Chrome/97.0.4692.99 Safari/537.36"
206.1.136.191 - - [27/Jan/2022:01:11:51 +0100] "GET /My/Base/Style/Nivo.css HTTP/1.1" 404 2576 "http://www.social-paradise.gq/My/Character/" "Mozilla/5.0 (Windows NT 6.3; Win64; x64) AppleWebKit/537.36 (KHTML, like Gecko) Chrome/97.0.4692.99 Safari/537.36"
206.1.136.191 - - [27/Jan/2022:01:11:51 +0100] "GET /My/Base/Themes/Orman/orman.css HTTP/1.1" 404 2576 "http://www.social-paradise.gq/My/Character/" "Mozilla/5.0 (Windows NT 6.3; Win64; x64) AppleWebKit/537.36 (KHTML, like Gecko) Chrome/97.0.4692.99 Safari/537.36"
206.1.136.191 - - [27/Jan/2022:01:11:51 +0100] "GET /Avatar.php?ID=1 HTTP/1.1" 200 2018 "http://www.social-paradise.gq/My/Character/" "Mozilla/5.0 (Windows NT 6.3; Win64; x64) AppleWebKit/537.36 (KHTML, like Gecko) Chrome/97.0.4692.99 Safari/537.36"
2607:fb90:997b:50e2:8d30:9c8d:e7d2:81a7 - - [27/Jan/2022:01:11:55 +0100] "POST /register.php HTTP/1.1" 302 4279 "http://www.social-paradise.gq/" "Mozilla/5.0 (Linux; Android 10; moto e) AppleWebKit/537.36 (KHTML, like Gecko) Chrome/97.0.4692.98 Mobile Safari/537.36"
2607:fb90:997b:50e2:8d30:9c8d:e7d2:81a7 - - [27/Jan/2022:01:11:55 +0100] "GET /index.php HTTP/1.1" 200 4979 "http://www.social-paradise.gq/" "Mozilla/5.0 (Linux; Android 10; moto e) AppleWebKit/537.36 (KHTML, like Gecko) Chrome/97.0.4692.98 Mobile Safari/537.36"
206.1.136.191 - - [27/Jan/2022:01:11:55 +0100] "GET /Avatar.php?ID=1 HTTP/1.1" 200 2018 "http://www.social-paradise.gq/My/Character/" "Mozilla/5.0 (Windows NT 6.3; Win64; x64) AppleWebKit/537.36 (KHTML, like Gecko) Chrome/97.0.4692.99 Safari/537.36"
2607:fb90:997b:50e2:8d30:9c8d:e7d2:81a7 - - [27/Jan/2022:01:11:55 +0100] "GET /Avatar.php?ID=2 HTTP/1.1" 200 2018 "http://www.social-paradise.gq/index.php" "Mozilla/5.0 (Linux; Android 10; moto e) AppleWebKit/537.36 (KHTML, like Gecko) Chrome/97.0.4692.98 Mobile Safari/537.36"
2607:fb90:997b:50e2:8d30:9c8d:e7d2:81a7 - - [27/Jan/2022:01:12:15 +0100] "GET /Forum/ HTTP/1.1" 200 3682 "http://www.social-paradise.gq/index.php" "Mozilla/5.0 (Linux; Android 10; moto e) AppleWebKit/537.36 (KHTML, like Gecko) Chrome/97.0.4692.98 Mobile Safari/537.36"
206.1.136.191 - - [27/Jan/2022:01:12:34 +0100] "GET / HTTP/1.1" 200 4984 "http://www.social-paradise.gq/My/Character/" "Mozilla/5.0 (Windows NT 6.3; Win64; x64) AppleWebKit/537.36 (KHTML, like Gecko) Chrome/97.0.4692.99 Safari/537.36"
206.1.136.191 - - [27/Jan/2022:01:12:35 +0100] "GET /Avatar.php?ID=1 HTTP/1.1" 200 12865 "http://www.social-paradise.gq/" "Mozilla/5.0 (Windows NT 6.3; Win64; x64) AppleWebKit/537.36 (KHTML, like Gecko) Chrome/97.0.4692.99 Safari/537.36"
190.153.58.4 - - [27/Jan/2022:01:12:41 +0100] "GET /Base/Scripts/jquery-1.7.1.min.js HTTP/1.1" 200 93868 "http://www.social-paradise.gq/" "Mozilla/5.0 (Windows NT 10.0; Win64; x64) AppleWebKit/537.36 (KHTML, like Gecko) Chrome/96.0.4664.45 Safari/537.36"
206.1.136.191 - - [27/Jan/2022:01:12:45 +0100] "GET /upgrades.php HTTP/1.1" 302 3039 "http://www.social-paradise.gq/" "Mozilla/5.0 (Windows NT 6.3; Win64; x64) AppleWebKit/537.36 (KHTML, like Gecko) Chrome/97.0.4692.99 Safari/537.36"
206.1.136.191 - - [27/Jan/2022:01:12:45 +0100] "GET /Memberships/UpgradeAccount.php HTTP/1.1" 200 6342 "http://www.social-paradise.gq/" "Mozilla/5.0 (Windows NT 6.3; Win64; x64) AppleWebKit/537.36 (KHTML, like Gecko) Chrome/97.0.4692.99 Safari/537.36"
206.1.136.191 - - [27/Jan/2022:01:12:46 +0100] "GET /Images/BuyBux.png HTTP/1.1" 200 2306 "http://www.social-paradise.gq/Memberships/UpgradeAccount.php" "Mozilla/5.0 (Windows NT 6.3; Win64; x64) AppleWebKit/537.36 (KHTML, like Gecko) Chrome/97.0.4692.99 Safari/537.36"
206.1.136.191 - - [27/Jan/2022:01:12:46 +0100] "GET /Images/Monthly.png HTTP/1.1" 200 17486 "http://www.social-paradise.gq/Memberships/UpgradeAccount.php" "Mozilla/5.0 (Windows NT 6.3; Win64; x64) AppleWebKit/537.36 (KHTML, like Gecko) Chrome/97.0.4692.99 Safari/537.36"
206.1.136.191 - - [27/Jan/2022:01:12:46 +0100] "GET /Images/6_Months.png HTTP/1.1" 200 22292 "http://www.social-paradise.gq/Memberships/UpgradeAccount.php" "Mozilla/5.0 (Windows NT 6.3; Win64; x64) AppleWebKit/537.36 (KHTML, like Gecko) Chrome/97.0.4692.99 Safari/537.36"
206.1.136.191 - - [27/Jan/2022:01:12:46 +0100] "GET /Images/1_Year.png HTTP/1.1" 200 20752 "http://www.social-paradise.gq/Memberships/UpgradeAccount.php" "Mozilla/5.0 (Windows NT 6.3; Win64; x64) AppleWebKit/537.36 (KHTML, like Gecko) Chrome/97.0.4692.99 Safari/537.36"
206.1.136.191 - - [27/Jan/2022:01:12:46 +0100] "GET /Images/Lifetime.png HTTP/1.1" 200 19966 "http://www.social-paradise.gq/Memberships/UpgradeAccount.php" "Mozilla/5.0 (Windows NT 6.3; Win64; x64) AppleWebKit/537.36 (KHTML, like Gecko) Chrome/97.0.4692.99 Safari/537.36"
190.153.58.4 - - [27/Jan/2022:01:13:19 +0100] "GET /Base/Scripts/jquery.nivo.slider.pack.js HTTP/1.1" 200 15853 "http://www.social-paradise.gq/" "Mozilla/5.0 (Windows NT 10.0; Win64; x64) AppleWebKit/537.36 (KHTML, like Gecko) Chrome/96.0.4664.45 Safari/537.36"
190.153.58.4 - - [27/Jan/2022:01:13:21 +0100] "GET /Base/Slides/Slide3.png HTTP/1.1" 200 50945 "http://www.social-paradise.gq/" "Mozilla/5.0 (Windows NT 10.0; Win64; x64) AppleWebKit/537.36 (KHTML, like Gecko) Chrome/96.0.4664.45 Safari/537.36"
190.153.58.4 - - [27/Jan/2022:01:13:21 +0100] "GET /Base/Slides/Slide4.png HTTP/1.1" 200 49095 "http://www.social-paradise.gq/" "Mozilla/5.0 (Windows NT 10.0; Win64; x64) AppleWebKit/537.36 (KHTML, like Gecko) Chrome/96.0.4664.45 Safari/537.36"
190.153.58.4 - - [27/Jan/2022:01:13:21 +0100] "GET /Base/Slides/Slide2.png HTTP/1.1" 200 87209 "http://www.social-paradise.gq/" "Mozilla/5.0 (Windows NT 10.0; Win64; x64) AppleWebKit/537.36 (KHTML, like Gecko) Chrome/96.0.4664.45 Safari/537.36"
190.153.58.4 - - [27/Jan/2022:01:13:21 +0100] "GET /Base/Slides/Slide1.png HTTP/1.1" 200 18867 "http://www.social-paradise.gq/" "Mozilla/5.0 (Windows NT 10.0; Win64; x64) AppleWebKit/537.36 (KHTML, like Gecko) Chrome/96.0.4664.45 Safari/537.36"
206.1.136.191 - - [27/Jan/2022:01:13:51 +0100] "GET /Header2.php HTTP/1.1" 200 4019 "-" "Mozilla/5.0 (Windows NT 6.3; Win64; x64) AppleWebKit/537.36 (KHTML, like Gecko) Chrome/97.0.4692.99 Safari/537.36"
190.153.58.4 - - [27/Jan/2022:01:13:55 +0100] "GET /Base/Themes/Default/loading.gif HTTP/1.1" 200 1737 "http://www.social-paradise.gq/Base/Themes/Default/default.css" "Mozilla/5.0 (Windows NT 10.0; Win64; x64) AppleWebKit/537.36 (KHTML, like Gecko) Chrome/96.0.4664.45 Safari/537.36"
206.1.136.191 - - [27/Jan/2022:01:15:33 +0100] "GET / HTTP/1.1" 200 5233 "http://www.social-paradise.gq/Header2.php" "Mozilla/5.0 (Windows NT 6.3; Win64; x64) AppleWebKit/537.36 (KHTML, like Gecko) Chrome/97.0.4692.99 Safari/537.36"
206.1.136.191 - - [27/Jan/2022:01:15:34 +0100] "GET /Avatar.php?ID=1 HTTP/1.1" 200 12865 "http://www.social-paradise.gq/" "Mozilla/5.0 (Windows NT 6.3; Win64; x64) AppleWebKit/537.36 (KHTML, like Gecko) Chrome/97.0.4692.99 Safari/537.36"
206.1.136.191 - - [27/Jan/2022:01:15:39 +0100] "GET / HTTP/1.1" 200 5233 "http://www.social-paradise.gq/Header2.php" "Mozilla/5.0 (Windows NT 6.3; Win64; x64) AppleWebKit/537.36 (KHTML, like Gecko) Chrome/97.0.4692.99 Safari/537.36"
206.1.136.191 - - [27/Jan/2022:01:15:40 +0100] "GET /Avatar.php?ID=1 HTTP/1.1" 200 12865 "http://www.social-paradise.gq/" "Mozilla/5.0 (Windows NT 6.3; Win64; x64) AppleWebKit/537.36 (KHTML, like Gecko) Chrome/97.0.4692.99 Safari/537.36"
206.1.136.191 - - [27/Jan/2022:01:15:58 +0100] "GET / HTTP/1.1" 200 5209 "http://www.social-paradise.gq/" "Mozilla/5.0 (Windows NT 6.3; Win64; x64) AppleWebKit/537.36 (KHTML, like Gecko) Chrome/97.0.4692.99 Safari/537.36"
206.1.136.191 - - [27/Jan/2022:01:15:59 +0100] "GET /Avatar.php?ID=1 HTTP/1.1" 200 12865 "http://www.social-paradise.gq/" "Mozilla/5.0 (Windows NT 6.3; Win64; x64) AppleWebKit/537.36 (KHTML, like Gecko) Chrome/97.0.4692.99 Safari/537.36"
206.1.136.191 - - [27/Jan/2022:01:16:14 +0100] "GET / HTTP/1.1" 200 5157 "http://www.social-paradise.gq/" "Mozilla/5.0 (Windows NT 6.3; Win64; x64) AppleWebKit/537.36 (KHTML, like Gecko) Chrome/97.0.4692.99 Safari/537.36"
206.1.136.191 - - [27/Jan/2022:01:16:15 +0100] "GET /Avatar.php?ID=1 HTTP/1.1" 200 12865 "http://www.social-paradise.gq/" "Mozilla/5.0 (Windows NT 6.3; Win64; x64) AppleWebKit/537.36 (KHTML, like Gecko) Chrome/97.0.4692.99 Safari/537.36"
206.1.136.191 - - [27/Jan/2022:01:16:55 +0100] "GET /GradientGD.php HTTP/1.1" 200 5 "-" "Mozilla/5.0 (Windows NT 6.3; Win64; x64) AppleWebKit/537.36 (KHTML, like Gecko) Chrome/97.0.4692.99 Safari/537.36"
206.1.136.191 - - [27/Jan/2022:01:16:59 +0100] "GET /Gradient.php HTTP/1.1" 200 316 "-" "Mozilla/5.0 (Windows NT 6.3; Win64; x64) AppleWebKit/537.36 (KHTML, like Gecko) Chrome/97.0.4692.99 Safari/537.36"
206.1.136.191 - - [27/Jan/2022:01:17:10 +0100] "GET / HTTP/1.1" 200 5157 "-" "Mozilla/5.0 (Windows NT 6.3; Win64; x64) AppleWebKit/537.36 (KHTML, like Gecko) Chrome/97.0.4692.99 Safari/537.36"
206.1.136.191 - - [27/Jan/2022:01:17:11 +0100] "GET /Avatar.php?ID=1 HTTP/1.1" 200 12865 "http://www.social-paradise.gq/" "Mozilla/5.0 (Windows NT 6.3; Win64; x64) AppleWebKit/537.36 (KHTML, like Gecko) Chrome/97.0.4692.99 Safari/537.36"
206.1.136.191 - - [27/Jan/2022:01:17:41 +0100] "GET /Base/Slides/Slide2.png HTTP/1.1" 200 87209 "http://www.social-paradise.gq/" "Mozilla/5.0 (Windows NT 6.3; Win64; x64) AppleWebKit/537.36 (KHTML, like Gecko) Chrome/97.0.4692.99 Safari/537.36"
206.1.136.191 - - [27/Jan/2022:01:17:50 +0100] "GET /Base/Slides/Slide3.png HTTP/1.1" 200 50945 "http://www.social-paradise.gq/" "Mozilla/5.0 (Windows NT 6.3; Win64; x64) AppleWebKit/537.36 (KHTML, like Gecko) Chrome/97.0.4692.99 Safari/537.36"
206.1.136.191 - - [27/Jan/2022:01:17:51 +0100] "GET / HTTP/1.1" 200 5157 "http://www.social-paradise.gq/" "Mozilla/5.0 (Windows NT 6.3; Win64; x64) AppleWebKit/537.36 (KHTML, like Gecko) Chrome/97.0.4692.99 Safari/537.36"
206.1.136.191 - - [27/Jan/2022:01:17:52 +0100] "GET /Base/Themes/Orman/orman.css HTTP/1.1" 200 2053 "http://www.social-paradise.gq/" "Mozilla/5.0 (Windows NT 6.3; Win64; x64) AppleWebKit/537.36 (KHTML, like Gecko) Chrome/97.0.4692.99 Safari/537.36"
206.1.136.191 - - [27/Jan/2022:01:17:52 +0100] "GET /Base/Themes/Pascal/pascal.css HTTP/1.1" 200 2155 "http://www.social-paradise.gq/" "Mozilla/5.0 (Windows NT 6.3; Win64; x64) AppleWebKit/537.36 (KHTML, like Gecko) Chrome/97.0.4692.99 Safari/537.36"
206.1.136.191 - - [27/Jan/2022:01:17:52 +0100] "GET /Base/Style/Nivo.css HTTP/1.1" 200 2218 "http://www.social-paradise.gq/" "Mozilla/5.0 (Windows NT 6.3; Win64; x64) AppleWebKit/537.36 (KHTML, like Gecko) Chrome/97.0.4692.99 Safari/537.36"
206.1.136.191 - - [27/Jan/2022:01:17:52 +0100] "GET /Imagess/SPNewLogo.png HTTP/1.1" 200 5846 "http://www.social-paradise.gq/" "Mozilla/5.0 (Windows NT 6.3; Win64; x64) AppleWebKit/537.36 (KHTML, like Gecko) Chrome/97.0.4692.99 Safari/537.36"
206.1.136.191 - - [27/Jan/2022:01:17:53 +0100] "GET /Base/Scripts/jquery.nivo.slider.pack.js HTTP/1.1" 200 15853 "http://www.social-paradise.gq/" "Mozilla/5.0 (Windows NT 6.3; Win64; x64) AppleWebKit/537.36 (KHTML, like Gecko) Chrome/97.0.4692.99 Safari/537.36"
206.1.136.191 - - [27/Jan/2022:01:17:53 +0100] "GET /Avatar.php?ID=1 HTTP/1.1" 200 12865 "http://www.social-paradise.gq/" "Mozilla/5.0 (Windows NT 6.3; Win64; x64) AppleWebKit/537.36 (KHTML, like Gecko) Chrome/97.0.4692.99 Safari/537.36"
206.1.136.191 - - [27/Jan/2022:01:17:53 +0100] "GET /Base/Themes/Default/arrows.png HTTP/1.1" 200 824 "http://www.social-paradise.gq/Base/Themes/Default/default.css" "Mozilla/5.0 (Windows NT 6.3; Win64; x64) AppleWebKit/537.36 (KHTML, like Gecko) Chrome/97.0.4692.99 Safari/537.36"
206.1.136.191 - - [27/Jan/2022:01:17:53 +0100] "GET /Base/Themes/Default/bullets.png HTTP/1.1" 200 1281 "http://www.social-paradise.gq/Base/Themes/Default/default.css" "Mozilla/5.0 (Windows NT 6.3; Win64; x64) AppleWebKit/537.36 (KHTML, like Gecko) Chrome/97.0.4692.99 Safari/537.36"
206.1.136.191 - - [27/Jan/2022:01:18:38 +0100] "GET / HTTP/1.1" 200 5157 "http://www.social-paradise.gq/" "Mozilla/5.0 (Windows NT 6.3; Win64; x64) AppleWebKit/537.36 (KHTML, like Gecko) Chrome/97.0.4692.99 Safari/537.36"
206.1.136.191 - - [27/Jan/2022:01:18:38 +0100] "GET /Avatar.php?ID=1 HTTP/1.1" 200 12865 "http://www.social-paradise.gq/" "Mozilla/5.0 (Windows NT 6.3; Win64; x64) AppleWebKit/537.36 (KHTML, like Gecko) Chrome/97.0.4692.99 Safari/537.36"
206.1.136.191 - - [27/Jan/2022:01:18:40 +0100] "GET /My/Character/ HTTP/1.1" 200 4360 "http://www.social-paradise.gq/" "Mozilla/5.0 (Windows NT 6.3; Win64; x64) AppleWebKit/537.36 (KHTML, like Gecko) Chrome/97.0.4692.99 Safari/537.36"
206.1.136.191 - - [27/Jan/2022:01:18:40 +0100] "GET /My/Base/Style/Main.css HTTP/1.1" 404 2576 "http://www.social-paradise.gq/My/Character/" "Mozilla/5.0 (Windows NT 6.3; Win64; x64) AppleWebKit/537.36 (KHTML, like Gecko) Chrome/97.0.4692.99 Safari/537.36"
206.1.136.191 - - [27/Jan/2022:01:18:40 +0100] "GET /My/Base/Themes/Pascal/pascal.css HTTP/1.1" 404 2576 "http://www.social-paradise.gq/My/Character/" "Mozilla/5.0 (Windows NT 6.3; Win64; x64) AppleWebKit/537.36 (KHTML, like Gecko) Chrome/97.0.4692.99 Safari/537.36"
206.1.136.191 - - [27/Jan/2022:01:18:40 +0100] "GET /My/Base/Themes/Default/default.css HTTP/1.1" 404 2576 "http://www.social-paradise.gq/My/Character/" "Mozilla/5.0 (Windows NT 6.3; Win64; x64) AppleWebKit/537.36 (KHTML, like Gecko) Chrome/97.0.4692.99 Safari/537.36"
206.1.136.191 - - [27/Jan/2022:01:18:41 +0100] "GET /My/Base/Style/Nivo.css HTTP/1.1" 404 2576 "http://www.social-paradise.gq/My/Character/" "Mozilla/5.0 (Windows NT 6.3; Win64; x64) AppleWebKit/537.36 (KHTML, like Gecko) Chrome/97.0.4692.99 Safari/537.36"
206.1.136.191 - - [27/Jan/2022:01:18:41 +0100] "GET /My/Base/Themes/Orman/orman.css HTTP/1.1" 404 2576 "http://www.social-paradise.gq/My/Character/" "Mozilla/5.0 (Windows NT 6.3; Win64; x64) AppleWebKit/537.36 (KHTML, like Gecko) Chrome/97.0.4692.99 Safari/537.36"
206.1.136.191 - - [27/Jan/2022:01:18:41 +0100] "GET /Avatar.php?ID=1 HTTP/1.1" 200 12865 "http://www.social-paradise.gq/My/Character/" "Mozilla/5.0 (Windows NT 6.3; Win64; x64) AppleWebKit/537.36 (KHTML, like Gecko) Chrome/97.0.4692.99 Safari/537.36"
206.1.136.191 - - [27/Jan/2022:01:18:43 +0100] "GET / HTTP/1.1" 200 5157 "http://www.social-paradise.gq/My/Character/" "Mozilla/5.0 (Windows NT 6.3; Win64; x64) AppleWebKit/537.36 (KHTML, like Gecko) Chrome/97.0.4692.99 Safari/537.36"
206.1.136.191 - - [27/Jan/2022:01:18:43 +0100] "GET /Avatar.php?ID=1 HTTP/1.1" 200 12865 "http://www.social-paradise.gq/" "Mozilla/5.0 (Windows NT 6.3; Win64; x64) AppleWebKit/537.36 (KHTML, like Gecko) Chrome/97.0.4692.99 Safari/537.36"
206.1.136.191 - - [27/Jan/2022:01:19:09 +0100] "GET / HTTP/1.1" 200 5147 "http://www.social-paradise.gq/" "Mozilla/5.0 (Windows NT 6.3; Win64; x64) AppleWebKit/537.36 (KHTML, like Gecko) Chrome/97.0.4692.99 Safari/537.36"
206.1.136.191 - - [27/Jan/2022:01:19:10 +0100] "GET /Avatar.php?ID=1 HTTP/1.1" 200 12865 "http://www.social-paradise.gq/" "Mozilla/5.0 (Windows NT 6.3; Win64; x64) AppleWebKit/537.36 (KHTML, like Gecko) Chrome/97.0.4692.99 Safari/537.36"
73.89.225.144 - - [27/Jan/2022:01:20:14 +0100] "GET / HTTP/1.1" 200 6303 "-" "Mozilla/5.0 (Windows NT 10.0; Win64; x64) AppleWebKit/537.36 (KHTML, like Gecko) Chrome/97.0.4692.99 Safari/537.36"
73.89.225.144 - - [27/Jan/2022:01:20:14 +0100] "GET /Base/Style/Main.css HTTP/1.1" 200 2980 "http://www.social-paradise.gq/" "Mozilla/5.0 (Windows NT 10.0; Win64; x64) AppleWebKit/537.36 (KHTML, like Gecko) Chrome/97.0.4692.99 Safari/537.36"
73.89.225.144 - - [27/Jan/2022:01:20:14 +0100] "GET /Base/Themes/Default/default.css HTTP/1.1" 200 1522 "http://www.social-paradise.gq/" "Mozilla/5.0 (Windows NT 10.0; Win64; x64) AppleWebKit/537.36 (KHTML, like Gecko) Chrome/97.0.4692.99 Safari/537.36"
73.89.225.144 - - [27/Jan/2022:01:20:14 +0100] "GET /Base/Themes/Pascal/pascal.css HTTP/1.1" 200 2155 "http://www.social-paradise.gq/" "Mozilla/5.0 (Windows NT 10.0; Win64; x64) AppleWebKit/537.36 (KHTML, like Gecko) Chrome/97.0.4692.99 Safari/537.36"
73.89.225.144 - - [27/Jan/2022:01:20:14 +0100] "GET /Base/Themes/Orman/orman.css HTTP/1.1" 200 2053 "http://www.social-paradise.gq/" "Mozilla/5.0 (Windows NT 10.0; Win64; x64) AppleWebKit/537.36 (KHTML, like Gecko) Chrome/97.0.4692.99 Safari/537.36"
73.89.225.144 - - [27/Jan/2022:01:20:14 +0100] "GET /Base/Style/Nivo.css HTTP/1.1" 200 2218 "http://www.social-paradise.gq/" "Mozilla/5.0 (Windows NT 10.0; Win64; x64) AppleWebKit/537.36 (KHTML, like Gecko) Chrome/97.0.4692.99 Safari/537.36"
73.89.225.144 - - [27/Jan/2022:01:20:14 +0100] "GET /Base/Scripts/jquery-1.7.1.min.js HTTP/1.1" 200 93868 "http://www.social-paradise.gq/" "Mozilla/5.0 (Windows NT 10.0; Win64; x64) AppleWebKit/537.36 (KHTML, like Gecko) Chrome/97.0.4692.99 Safari/537.36"
73.89.225.144 - - [27/Jan/2022:01:20:14 +0100] "GET /Base/Scripts/jquery.nivo.slider.pack.js HTTP/1.1" 200 15853 "http://www.social-paradise.gq/" "Mozilla/5.0 (Windows NT 10.0; Win64; x64) AppleWebKit/537.36 (KHTML, like Gecko) Chrome/97.0.4692.99 Safari/537.36"
73.89.225.144 - - [27/Jan/2022:01:20:14 +0100] "GET /Imagess/SPNewLogo.png HTTP/1.1" 200 5846 "http://www.social-paradise.gq/" "Mozilla/5.0 (Windows NT 10.0; Win64; x64) AppleWebKit/537.36 (KHTML, like Gecko) Chrome/97.0.4692.99 Safari/537.36"
73.89.225.144 - - [27/Jan/2022:01:20:15 +0100] "GET /Base/Slides/Slide1.png HTTP/1.1" 200 18867 "http://www.social-paradise.gq/" "Mozilla/5.0 (Windows NT 10.0; Win64; x64) AppleWebKit/537.36 (KHTML, like Gecko) Chrome/97.0.4692.99 Safari/537.36"
73.89.225.144 - - [27/Jan/2022:01:20:15 +0100] "GET /Base/Slides/Slide2.png HTTP/1.1" 200 87209 "http://www.social-paradise.gq/" "Mozilla/5.0 (Windows NT 10.0; Win64; x64) AppleWebKit/537.36 (KHTML, like Gecko) Chrome/97.0.4692.99 Safari/537.36"
73.89.225.144 - - [27/Jan/2022:01:20:15 +0100] "GET /Base/Slides/Slide3.png HTTP/1.1" 200 50945 "http://www.social-paradise.gq/" "Mozilla/5.0 (Windows NT 10.0; Win64; x64) AppleWebKit/537.36 (KHTML, like Gecko) Chrome/97.0.4692.99 Safari/537.36"
73.89.225.144 - - [27/Jan/2022:01:20:15 +0100] "GET /Base/Themes/Default/loading.gif HTTP/1.1" 200 1737 "http://www.social-paradise.gq/Base/Themes/Default/default.css" "Mozilla/5.0 (Windows NT 10.0; Win64; x64) AppleWebKit/537.36 (KHTML, like Gecko) Chrome/97.0.4692.99 Safari/537.36"
73.89.225.144 - - [27/Jan/2022:01:20:15 +0100] "GET /Base/Slides/Slide4.png HTTP/1.1" 200 49095 "http://www.social-paradise.gq/" "Mozilla/5.0 (Windows NT 10.0; Win64; x64) AppleWebKit/537.36 (KHTML, like Gecko) Chrome/97.0.4692.99 Safari/537.36"
73.89.225.144 - - [27/Jan/2022:01:20:15 +0100] "GET /favicon.ico HTTP/1.1" 404 2576 "http://www.social-paradise.gq/" "Mozilla/5.0 (Windows NT 10.0; Win64; x64) AppleWebKit/537.36 (KHTML, like Gecko) Chrome/97.0.4692.99 Safari/537.36"
73.89.225.144 - - [27/Jan/2022:01:20:15 +0100] "GET /Base/Themes/Default/arrows.png HTTP/1.1" 200 824 "http://www.social-paradise.gq/Base/Themes/Default/default.css" "Mozilla/5.0 (Windows NT 10.0; Win64; x64) AppleWebKit/537.36 (KHTML, like Gecko) Chrome/97.0.4692.99 Safari/537.36"
73.89.225.144 - - [27/Jan/2022:01:20:15 +0100] "GET /Base/Themes/Default/bullets.png HTTP/1.1" 200 1281 "http://www.social-paradise.gq/Base/Themes/Default/default.css" "Mozilla/5.0 (Windows NT 10.0; Win64; x64) AppleWebKit/537.36 (KHTML, like Gecko) Chrome/97.0.4692.99 Safari/537.36"
73.89.225.144 - - [27/Jan/2022:01:20:56 +0100] "POST /register.php HTTP/1.1" 302 4442 "http://www.social-paradise.gq/" "Mozilla/5.0 (Windows NT 10.0; Win64; x64) AppleWebKit/537.36 (KHTML, like Gecko) Chrome/97.0.4692.99 Safari/537.36"
73.89.225.144 - - [27/Jan/2022:01:20:56 +0100] "GET /index.php HTTP/1.1" 200 5146 "http://www.social-paradise.gq/" "Mozilla/5.0 (Windows NT 10.0; Win64; x64) AppleWebKit/537.36 (KHTML, like Gecko) Chrome/97.0.4692.99 Safari/537.36"
73.89.225.144 - - [27/Jan/2022:01:20:56 +0100] "GET /Avatar.php?ID=3 HTTP/1.1" 200 12865 "http://www.social-paradise.gq/index.php" "Mozilla/5.0 (Windows NT 10.0; Win64; x64) AppleWebKit/537.36 (KHTML, like Gecko) Chrome/97.0.4692.99 Safari/537.36"
73.89.225.144 - - [27/Jan/2022:01:21:04 +0100] "GET /Forum/ HTTP/1.1" 200 3847 "http://www.social-paradise.gq/index.php" "Mozilla/5.0 (Windows NT 10.0; Win64; x64) AppleWebKit/537.36 (KHTML, like Gecko) Chrome/97.0.4692.99 Safari/537.36"
73.89.225.144 - - [27/Jan/2022:01:21:09 +0100] "GET /UserShop/ HTTP/1.1" 200 5640 "http://www.social-paradise.gq/Forum/" "Mozilla/5.0 (Windows NT 10.0; Win64; x64) AppleWebKit/537.36 (KHTML, like Gecko) Chrome/97.0.4692.99 Safari/537.36"
73.89.225.144 - - [27/Jan/2022:01:21:09 +0100] "GET /Images/upgrade_promo.png HTTP/1.1" 200 15181 "http://www.social-paradise.gq/UserShop/" "Mozilla/5.0 (Windows NT 10.0; Win64; x64) AppleWebKit/537.36 (KHTML, like Gecko) Chrome/97.0.4692.99 Safari/537.36"
73.89.225.144 - - [27/Jan/2022:01:21:11 +0100] "GET /Store//UserShop/?Sort=Eyes HTTP/1.1" 404 2576 "http://www.social-paradise.gq/UserShop/" "Mozilla/5.0 (Windows NT 10.0; Win64; x64) AppleWebKit/537.36 (KHTML, like Gecko) Chrome/97.0.4692.99 Safari/537.36"
35.196.132.85 - - [27/Jan/2022:01:21:14 +0100] "GET / HTTP/1.1" 200 6303 "-" "Mozilla/5.0 (compatible; Discordbot/2.0; +https://discordapp.com)"
73.89.225.144 - - [27/Jan/2022:01:21:18 +0100] "GET /Store/UserShop/?Sort=Eyes HTTP/1.1" 404 2576 "-" "Mozilla/5.0 (Windows NT 10.0; Win64; x64) AppleWebKit/537.36 (KHTML, like Gecko) Chrome/97.0.4692.99 Safari/537.36"
206.1.136.191 - - [27/Jan/2022:01:21:20 +0100] "GET /Blog HTTP/1.1" 301 243 "-" "Mozilla/5.0 (Windows NT 6.3; Win64; x64) AppleWebKit/537.36 (KHTML, like Gecko) Chrome/97.0.4692.99 Safari/537.36"
206.1.136.191 - - [27/Jan/2022:01:21:20 +0100] "GET /Blog/ HTTP/1.1" 200 207 "-" "Mozilla/5.0 (Windows NT 6.3; Win64; x64) AppleWebKit/537.36 (KHTML, like Gecko) Chrome/97.0.4692.99 Safari/537.36"
73.89.225.144 - - [27/Jan/2022:01:21:21 +0100] "GET / HTTP/1.1" 200 5147 "-" "Mozilla/5.0 (Windows NT 10.0; Win64; x64) AppleWebKit/537.36 (KHTML, like Gecko) Chrome/97.0.4692.99 Safari/537.36"
73.89.225.144 - - [27/Jan/2022:01:21:21 +0100] "GET /Avatar.php?ID=3 HTTP/1.1" 200 12865 "http://www.social-paradise.gq/" "Mozilla/5.0 (Windows NT 10.0; Win64; x64) AppleWebKit/537.36 (KHTML, like Gecko) Chrome/97.0.4692.99 Safari/537.36"
73.89.225.144 - - [27/Jan/2022:01:21:24 +0100] "GET /My/Character/ HTTP/1.1" 200 4350 "http://www.social-paradise.gq/" "Mozilla/5.0 (Windows NT 10.0; Win64; x64) AppleWebKit/537.36 (KHTML, like Gecko) Chrome/97.0.4692.99 Safari/537.36"
73.89.225.144 - - [27/Jan/2022:01:21:24 +0100] "GET /Avatar.php?ID=3 HTTP/1.1" 200 12865 "http://www.social-paradise.gq/My/Character/" "Mozilla/5.0 (Windows NT 10.0; Win64; x64) AppleWebKit/537.36 (KHTML, like Gecko) Chrome/97.0.4692.99 Safari/537.36"
73.89.225.144 - - [27/Jan/2022:01:21:26 +0100] "GET /My/FRs/ HTTP/1.1" 200 3808 "http://www.social-paradise.gq/My/Character/" "Mozilla/5.0 (Windows NT 10.0; Win64; x64) AppleWebKit/537.36 (KHTML, like Gecko) Chrome/97.0.4692.99 Safari/537.36"
73.89.225.144 - - [27/Jan/2022:01:21:29 +0100] "GET /upgrades.php HTTP/1.1" 302 3202 "http://www.social-paradise.gq/My/FRs/" "Mozilla/5.0 (Windows NT 10.0; Win64; x64) AppleWebKit/537.36 (KHTML, like Gecko) Chrome/97.0.4692.99 Safari/537.36"
73.89.225.144 - - [27/Jan/2022:01:21:29 +0100] "GET /Memberships/UpgradeAccount.php HTTP/1.1" 200 6505 "http://www.social-paradise.gq/My/FRs/" "Mozilla/5.0 (Windows NT 10.0; Win64; x64) AppleWebKit/537.36 (KHTML, like Gecko) Chrome/97.0.4692.99 Safari/537.36"
73.89.225.144 - - [27/Jan/2022:01:21:30 +0100] "GET /Images/BuyBux.png HTTP/1.1" 200 2306 "http://www.social-paradise.gq/Memberships/UpgradeAccount.php" "Mozilla/5.0 (Windows NT 10.0; Win64; x64) AppleWebKit/537.36 (KHTML, like Gecko) Chrome/97.0.4692.99 Safari/537.36"
73.89.225.144 - - [27/Jan/2022:01:21:30 +0100] "GET /Images/1_Year.png HTTP/1.1" 200 20752 "http://www.social-paradise.gq/Memberships/UpgradeAccount.php" "Mozilla/5.0 (Windows NT 10.0; Win64; x64) AppleWebKit/537.36 (KHTML, like Gecko) Chrome/97.0.4692.99 Safari/537.36"
73.89.225.144 - - [27/Jan/2022:01:21:30 +0100] "GET /Images/Monthly.png HTTP/1.1" 200 17486 "http://www.social-paradise.gq/Memberships/UpgradeAccount.php" "Mozilla/5.0 (Windows NT 10.0; Win64; x64) AppleWebKit/537.36 (KHTML, like Gecko) Chrome/97.0.4692.99 Safari/537.36"
73.89.225.144 - - [27/Jan/2022:01:21:30 +0100] "GET /Images/Lifetime.png HTTP/1.1" 200 19966 "http://www.social-paradise.gq/Memberships/UpgradeAccount.php" "Mozilla/5.0 (Windows NT 10.0; Win64; x64) AppleWebKit/537.36 (KHTML, like Gecko) Chrome/97.0.4692.99 Safari/537.36"
73.89.225.144 - - [27/Jan/2022:01:21:30 +0100] "GET /Images/6_Months.png HTTP/1.1" 200 22292 "http://www.social-paradise.gq/Memberships/UpgradeAccount.php" "Mozilla/5.0 (Windows NT 10.0; Win64; x64) AppleWebKit/537.36 (KHTML, like Gecko) Chrome/97.0.4692.99 Safari/537.36"
73.89.225.144 - - [27/Jan/2022:01:21:32 +0100] "GET /Memberships/UpgradePay.php?ID=2 HTTP/1.1" 200 4310 "http://www.social-paradise.gq/Memberships/UpgradeAccount.php" "Mozilla/5.0 (Windows NT 10.0; Win64; x64) AppleWebKit/537.36 (KHTML, like Gecko) Chrome/97.0.4692.99 Safari/537.36"
206.1.136.191 - - [27/Jan/2022:01:22:01 +0100] "GET /Header2 HTTP/1.1" 404 2576 "-" "Mozilla/5.0 (Windows NT 6.3; Win64; x64) AppleWebKit/537.36 (KHTML, like Gecko) Chrome/97.0.4692.99 Safari/537.36"
206.1.136.191 - - [27/Jan/2022:01:22:06 +0100] "GET / HTTP/1.1" 200 5147 "-" "Mozilla/5.0 (Windows NT 6.3; Win64; x64) AppleWebKit/537.36 (KHTML, like Gecko) Chrome/97.0.4692.99 Safari/537.36"
206.1.136.191 - - [27/Jan/2022:01:22:07 +0100] "GET /Avatar.php?ID=1 HTTP/1.1" 200 12865 "http://www.social-paradise.gq/" "Mozilla/5.0 (Windows NT 6.3; Win64; x64) AppleWebKit/537.36 (KHTML, like Gecko) Chrome/97.0.4692.99 Safari/537.36"
206.1.136.191 - - [27/Jan/2022:01:22:43 +0100] "GET /UserShop/ HTTP/1.1" 200 5640 "http://www.social-paradise.gq/" "Mozilla/5.0 (Windows NT 6.3; Win64; x64) AppleWebKit/537.36 (KHTML, like Gecko) Chrome/97.0.4692.99 Safari/537.36"
206.1.136.191 - - [27/Jan/2022:01:22:43 +0100] "GET /Images/upgrade_promo.png HTTP/1.1" 200 15181 "http://www.social-paradise.gq/UserShop/" "Mozilla/5.0 (Windows NT 6.3; Win64; x64) AppleWebKit/537.36 (KHTML, like Gecko) Chrome/97.0.4692.99 Safari/537.36"
206.1.136.191 - - [27/Jan/2022:01:22:50 +0100] "GET / HTTP/1.1" 200 5147 "http://www.social-paradise.gq/UserShop/" "Mozilla/5.0 (Windows NT 6.3; Win64; x64) AppleWebKit/537.36 (KHTML, like Gecko) Chrome/97.0.4692.99 Safari/537.36"
206.1.136.191 - - [27/Jan/2022:01:22:50 +0100] "GET /Avatar.php?ID=1 HTTP/1.1" 200 12865 "http://www.social-paradise.gq/" "Mozilla/5.0 (Windows NT 6.3; Win64; x64) AppleWebKit/537.36 (KHTML, like Gecko) Chrome/97.0.4692.99 Safari/537.36"
206.1.136.191 - - [27/Jan/2022:01:22:52 +0100] "GET /users/ HTTP/1.1" 200 4705 "http://www.social-paradise.gq/" "Mozilla/5.0 (Windows NT 6.3; Win64; x64) AppleWebKit/537.36 (KHTML, like Gecko) Chrome/97.0.4692.99 Safari/537.36"
206.1.136.191 - - [27/Jan/2022:01:22:53 +0100] "GET /Avatar.php?ID=2 HTTP/1.1" 200 12687 "http://www.social-paradise.gq/users/" "Mozilla/5.0 (Windows NT 6.3; Win64; x64) AppleWebKit/537.36 (KHTML, like Gecko) Chrome/97.0.4692.99 Safari/537.36"
206.1.136.191 - - [27/Jan/2022:01:22:53 +0100] "GET /Avatar.php?ID=1 HTTP/1.1" 200 12865 "http://www.social-paradise.gq/users/" "Mozilla/5.0 (Windows NT 6.3; Win64; x64) AppleWebKit/537.36 (KHTML, like Gecko) Chrome/97.0.4692.99 Safari/537.36"
206.1.136.191 - - [27/Jan/2022:01:22:53 +0100] "GET /Avatar.php?ID=3 HTTP/1.1" 200 12865 "http://www.social-paradise.gq/users/" "Mozilla/5.0 (Windows NT 6.3; Win64; x64) AppleWebKit/537.36 (KHTML, like Gecko) Chrome/97.0.4692.99 Safari/537.36"
206.1.136.191 - - [27/Jan/2022:01:22:54 +0100] "GET /Shop/ HTTP/1.1" 200 9340 "http://www.social-paradise.gq/users/" "Mozilla/5.0 (Windows NT 6.3; Win64; x64) AppleWebKit/537.36 (KHTML, like Gecko) Chrome/97.0.4692.99 Safari/537.36"
24.176.90.134 - - [27/Jan/2022:01:24:56 +0100] "GET / HTTP/1.1" 301 238 "-" "Mozilla/5.0 (Windows NT 10.0; Win64; x64) AppleWebKit/537.36 (KHTML, like Gecko) Chrome/97.0.4692.99 Safari/537.36 Edg/97.0.1072.69"
24.176.90.134 - - [27/Jan/2022:01:24:57 +0100] "GET / HTTP/1.1" 200 6303 "-" "Mozilla/5.0 (Windows NT 10.0; Win64; x64) AppleWebKit/537.36 (KHTML, like Gecko) Chrome/97.0.4692.99 Safari/537.36 Edg/97.0.1072.69"
24.176.90.134 - - [27/Jan/2022:01:24:57 +0100] "GET /Base/Themes/Default/default.css HTTP/1.1" 200 1522 "http://www.social-paradise.gq/" "Mozilla/5.0 (Windows NT 10.0; Win64; x64) AppleWebKit/537.36 (KHTML, like Gecko) Chrome/97.0.4692.99 Safari/537.36 Edg/97.0.1072.69"
24.176.90.134 - - [27/Jan/2022:01:24:57 +0100] "GET /Base/Themes/Pascal/pascal.css HTTP/1.1" 200 2155 "http://www.social-paradise.gq/" "Mozilla/5.0 (Windows NT 10.0; Win64; x64) AppleWebKit/537.36 (KHTML, like Gecko) Chrome/97.0.4692.99 Safari/537.36 Edg/97.0.1072.69"
24.176.90.134 - - [27/Jan/2022:01:24:57 +0100] "GET /Base/Style/Main.css HTTP/1.1" 200 2980 "http://www.social-paradise.gq/" "Mozilla/5.0 (Windows NT 10.0; Win64; x64) AppleWebKit/537.36 (KHTML, like Gecko) Chrome/97.0.4692.99 Safari/537.36 Edg/97.0.1072.69"
24.176.90.134 - - [27/Jan/2022:01:24:57 +0100] "GET /Base/Themes/Orman/orman.css HTTP/1.1" 200 2053 "http://www.social-paradise.gq/" "Mozilla/5.0 (Windows NT 10.0; Win64; x64) AppleWebKit/537.36 (KHTML, like Gecko) Chrome/97.0.4692.99 Safari/537.36 Edg/97.0.1072.69"
24.176.90.134 - - [27/Jan/2022:01:24:57 +0100] "GET /Base/Style/Nivo.css HTTP/1.1" 200 2218 "http://www.social-paradise.gq/" "Mozilla/5.0 (Windows NT 10.0; Win64; x64) AppleWebKit/537.36 (KHTML, like Gecko) Chrome/97.0.4692.99 Safari/537.36 Edg/97.0.1072.69"
24.176.90.134 - - [27/Jan/2022:01:24:58 +0100] "GET /Base/Slides/Slide2.png HTTP/1.1" 200 87209 "http://www.social-paradise.gq/" "Mozilla/5.0 (Windows NT 10.0; Win64; x64) AppleWebKit/537.36 (KHTML, like Gecko) Chrome/97.0.4692.99 Safari/537.36 Edg/97.0.1072.69"
24.176.90.134 - - [27/Jan/2022:01:24:58 +0100] "GET /Base/Slides/Slide1.png HTTP/1.1" 200 18867 "http://www.social-paradise.gq/" "Mozilla/5.0 (Windows NT 10.0; Win64; x64) AppleWebKit/537.36 (KHTML, like Gecko) Chrome/97.0.4692.99 Safari/537.36 Edg/97.0.1072.69"
24.176.90.134 - - [27/Jan/2022:01:24:58 +0100] "GET /Base/Scripts/jquery-1.7.1.min.js HTTP/1.1" 200 93868 "http://www.social-paradise.gq/" "Mozilla/5.0 (Windows NT 10.0; Win64; x64) AppleWebKit/537.36 (KHTML, like Gecko) Chrome/97.0.4692.99 Safari/537.36 Edg/97.0.1072.69"
24.176.90.134 - - [27/Jan/2022:01:24:58 +0100] "GET /Imagess/SPNewLogo.png HTTP/1.1" 200 5846 "http://www.social-paradise.gq/" "Mozilla/5.0 (Windows NT 10.0; Win64; x64) AppleWebKit/537.36 (KHTML, like Gecko) Chrome/97.0.4692.99 Safari/537.36 Edg/97.0.1072.69"
24.176.90.134 - - [27/Jan/2022:01:24:58 +0100] "GET /Base/Scripts/jquery.nivo.slider.pack.js HTTP/1.1" 200 15853 "http://www.social-paradise.gq/" "Mozilla/5.0 (Windows NT 10.0; Win64; x64) AppleWebKit/537.36 (KHTML, like Gecko) Chrome/97.0.4692.99 Safari/537.36 Edg/97.0.1072.69"
24.176.90.134 - - [27/Jan/2022:01:24:58 +0100] "GET /Base/Themes/Default/loading.gif HTTP/1.1" 200 1737 "http://www.social-paradise.gq/Base/Themes/Default/default.css" "Mozilla/5.0 (Windows NT 10.0; Win64; x64) AppleWebKit/537.36 (KHTML, like Gecko) Chrome/97.0.4692.99 Safari/537.36 Edg/97.0.1072.69"
24.176.90.134 - - [27/Jan/2022:01:24:58 +0100] "GET /Base/Slides/Slide4.png HTTP/1.1" 200 49095 "http://www.social-paradise.gq/" "Mozilla/5.0 (Windows NT 10.0; Win64; x64) AppleWebKit/537.36 (KHTML, like Gecko) Chrome/97.0.4692.99 Safari/537.36 Edg/97.0.1072.69"
24.176.90.134 - - [27/Jan/2022:01:24:58 +0100] "GET /Base/Slides/Slide3.png HTTP/1.1" 200 50945 "http://www.social-paradise.gq/" "Mozilla/5.0 (Windows NT 10.0; Win64; x64) AppleWebKit/537.36 (KHTML, like Gecko) Chrome/97.0.4692.99 Safari/537.36 Edg/97.0.1072.69"
24.176.90.134 - - [27/Jan/2022:01:24:58 +0100] "GET /Base/Themes/Default/bullets.png HTTP/1.1" 200 1281 "http://www.social-paradise.gq/Base/Themes/Default/default.css" "Mozilla/5.0 (Windows NT 10.0; Win64; x64) AppleWebKit/537.36 (KHTML, like Gecko) Chrome/97.0.4692.99 Safari/537.36 Edg/97.0.1072.69"
24.176.90.134 - - [27/Jan/2022:01:24:59 +0100] "GET /Base/Themes/Default/arrows.png HTTP/1.1" 200 824 "http://www.social-paradise.gq/Base/Themes/Default/default.css" "Mozilla/5.0 (Windows NT 10.0; Win64; x64) AppleWebKit/537.36 (KHTML, like Gecko) Chrome/97.0.4692.99 Safari/537.36 Edg/97.0.1072.69"
24.176.90.134 - - [27/Jan/2022:01:24:59 +0100] "GET /favicon.ico HTTP/1.1" 404 2576 "http://www.social-paradise.gq/" "Mozilla/5.0 (Windows NT 10.0; Win64; x64) AppleWebKit/537.36 (KHTML, like Gecko) Chrome/97.0.4692.99 Safari/537.36 Edg/97.0.1072.69"
24.176.90.134 - - [27/Jan/2022:01:25:03 +0100] "GET /Shop/ HTTP/1.1" 200 8524 "http://www.social-paradise.gq/" "Mozilla/5.0 (Windows NT 10.0; Win64; x64) AppleWebKit/537.36 (KHTML, like Gecko) Chrome/97.0.4692.99 Safari/537.36 Edg/97.0.1072.69"
24.176.90.134 - - [27/Jan/2022:01:25:12 +0100] "GET /Forum/ HTTP/1.1" 302 2556 "http://www.social-paradise.gq/Shop/" "Mozilla/5.0 (Windows NT 10.0; Win64; x64) AppleWebKit/537.36 (KHTML, like Gecko) Chrome/97.0.4692.99 Safari/537.36 Edg/97.0.1072.69"
24.176.90.134 - - [27/Jan/2022:01:25:12 +0100] "GET /index.php HTTP/1.1" 200 6303 "http://www.social-paradise.gq/Shop/" "Mozilla/5.0 (Windows NT 10.0; Win64; x64) AppleWebKit/537.36 (KHTML, like Gecko) Chrome/97.0.4692.99 Safari/537.36 Edg/97.0.1072.69"
24.176.90.134 - - [27/Jan/2022:01:25:15 +0100] "GET /Forum/ HTTP/1.1" 302 2556 "http://www.social-paradise.gq/index.php" "Mozilla/5.0 (Windows NT 10.0; Win64; x64) AppleWebKit/537.36 (KHTML, like Gecko) Chrome/97.0.4692.99 Safari/537.36 Edg/97.0.1072.69"
24.176.90.134 - - [27/Jan/2022:01:25:16 +0100] "GET /index.php HTTP/1.1" 200 6303 "http://www.social-paradise.gq/index.php" "Mozilla/5.0 (Windows NT 10.0; Win64; x64) AppleWebKit/537.36 (KHTML, like Gecko) Chrome/97.0.4692.99 Safari/537.36 Edg/97.0.1072.69"
206.1.136.191 - - [27/Jan/2022:01:25:28 +0100] "GET / HTTP/1.1" 200 5147 "-" "Mozilla/5.0 (Windows NT 6.3; Win64; x64) AppleWebKit/537.36 (KHTML, like Gecko) Chrome/97.0.4692.99 Safari/537.36"
206.1.136.191 - - [27/Jan/2022:01:25:29 +0100] "GET /Avatar.php?ID=1 HTTP/1.1" 200 12865 "http://www.social-paradise.gq/" "Mozilla/5.0 (Windows NT 6.3; Win64; x64) AppleWebKit/537.36 (KHTML, like Gecko) Chrome/97.0.4692.99 Safari/537.36"
206.1.136.191 - - [27/Jan/2022:01:25:33 +0100] "GET / HTTP/1.1" 200 5147 "-" "Mozilla/5.0 (Windows NT 6.3; Win64; x64) AppleWebKit/537.36 (KHTML, like Gecko) Chrome/97.0.4692.99 Safari/537.36"
206.1.136.191 - - [27/Jan/2022:01:25:33 +0100] "GET /Avatar.php?ID=1 HTTP/1.1" 200 12865 "http://www.social-paradise.gq/" "Mozilla/5.0 (Windows NT 6.3; Win64; x64) AppleWebKit/537.36 (KHTML, like Gecko) Chrome/97.0.4692.99 Safari/537.36"
