206.1.136.191 - - [27/Jan/2022:01:26:29 +0100] "GET / HTTP/1.1" 200 4976 "http://www.social-paradise.gq/" "Mozilla/5.0 (Windows NT 6.3; Win64; x64) AppleWebKit/537.36 (KHTML, like Gecko) Chrome/97.0.4692.99 Safari/537.36"
206.1.136.191 - - [27/Jan/2022:01:26:29 +0100] "GET /Avatar.php?ID=1 HTTP/1.1" 200 12865 "http://www.social-paradise.gq/" "Mozilla/5.0 (Windows NT 6.3; Win64; x64) AppleWebKit/537.36 (KHTML, like Gecko) Chrome/97.0.4692.99 Safari/537.36"
24.176.90.134 - - [27/Jan/2022:01:26:45 +0100] "GET /index.php HTTP/1.1" 200 6132 "http://www.social-paradise.gq/index.php" "Mozilla/5.0 (Windows NT 10.0; Win64; x64) AppleWebKit/537.36 (KHTML, like Gecko) Chrome/97.0.4692.99 Safari/537.36 Edg/97.0.1072.69"
206.1.136.191 - - [27/Jan/2022:01:27:07 +0100] "GET / HTTP/1.1" 200 4976 "http://www.social-paradise.gq/" "Mozilla/5.0 (Windows NT 6.3; Win64; x64) AppleWebKit/537.36 (KHTML, like Gecko) Chrome/97.0.4692.99 Safari/537.36"
206.1.136.191 - - [27/Jan/2022:01:27:08 +0100] "GET /Avatar.php?ID=1 HTTP/1.1" 200 12865 "http://www.social-paradise.gq/" "Mozilla/5.0 (Windows NT 6.3; Win64; x64) AppleWebKit/537.36 (KHTML, like Gecko) Chrome/97.0.4692.99 Safari/537.36"
206.1.136.191 - - [27/Jan/2022:01:27:30 +0100] "GET / HTTP/1.1" 200 4977 "http://www.social-paradise.gq/" "Mozilla/5.0 (Windows NT 6.3; Win64; x64) AppleWebKit/537.36 (KHTML, like Gecko) Chrome/97.0.4692.99 Safari/537.36"
206.1.136.191 - - [27/Jan/2022:01:27:31 +0100] "GET /Base/Style/Main2.css HTTP/1.1" 200 11433 "http://www.social-paradise.gq/" "Mozilla/5.0 (Windows NT 6.3; Win64; x64) AppleWebKit/537.36 (KHTML, like Gecko) Chrome/97.0.4692.99 Safari/537.36"
206.1.136.191 - - [27/Jan/2022:01:27:31 +0100] "GET /Avatar.php?ID=1 HTTP/1.1" 200 12865 "http://www.social-paradise.gq/" "Mozilla/5.0 (Windows NT 6.3; Win64; x64) AppleWebKit/537.36 (KHTML, like Gecko) Chrome/97.0.4692.99 Safari/537.36"
206.1.136.191 - - [27/Jan/2022:01:27:34 +0100] "GET /user.php?ID=1 HTTP/1.1" 200 5884 "http://www.social-paradise.gq/" "Mozilla/5.0 (Windows NT 6.3; Win64; x64) AppleWebKit/537.36 (KHTML, like Gecko) Chrome/97.0.4692.99 Safari/537.36"
206.1.136.191 - - [27/Jan/2022:01:27:34 +0100] "GET /Avatar.php?ID=1 HTTP/1.1" 200 12865 "http://www.social-paradise.gq/user.php?ID=1" "Mozilla/5.0 (Windows NT 6.3; Win64; x64) AppleWebKit/537.36 (KHTML, like Gecko) Chrome/97.0.4692.99 Safari/537.36"
24.176.90.134 - - [27/Jan/2022:01:27:44 +0100] "GET /index.php HTTP/1.1" 200 6133 "http://www.social-paradise.gq/index.php" "Mozilla/5.0 (Windows NT 10.0; Win64; x64) AppleWebKit/537.36 (KHTML, like Gecko) Chrome/97.0.4692.99 Safari/537.36 Edg/97.0.1072.69"
24.176.90.134 - - [27/Jan/2022:01:27:45 +0100] "GET /Base/Style/Main2.css HTTP/1.1" 200 11433 "http://www.social-paradise.gq/index.php" "Mozilla/5.0 (Windows NT 10.0; Win64; x64) AppleWebKit/537.36 (KHTML, like Gecko) Chrome/97.0.4692.99 Safari/537.36 Edg/97.0.1072.69"
206.1.136.191 - - [27/Jan/2022:01:28:05 +0100] "GET /My/Account/ HTTP/1.1" 200 5186 "http://www.social-paradise.gq/user.php?ID=1" "Mozilla/5.0 (Windows NT 6.3; Win64; x64) AppleWebKit/537.36 (KHTML, like Gecko) Chrome/97.0.4692.99 Safari/537.36"
24.176.90.134 - - [27/Jan/2022:01:28:11 +0100] "GET /index.php HTTP/1.1" 200 6132 "http://www.social-paradise.gq/index.php" "Mozilla/5.0 (Windows NT 10.0; Win64; x64) AppleWebKit/537.36 (KHTML, like Gecko) Chrome/97.0.4692.99 Safari/537.36 Edg/97.0.1072.69"
206.1.136.191 - - [27/Jan/2022:01:28:15 +0100] "GET / HTTP/1.1" 200 4977 "http://www.social-paradise.gq/My/Account/" "Mozilla/5.0 (Windows NT 6.3; Win64; x64) AppleWebKit/537.36 (KHTML, like Gecko) Chrome/97.0.4692.99 Safari/537.36"
206.1.136.191 - - [27/Jan/2022:01:28:15 +0100] "GET /Avatar.php?ID=1 HTTP/1.1" 200 12865 "http://www.social-paradise.gq/" "Mozilla/5.0 (Windows NT 6.3; Win64; x64) AppleWebKit/537.36 (KHTML, like Gecko) Chrome/97.0.4692.99 Safari/537.36"
206.1.136.191 - - [27/Jan/2022:01:28:39 +0100] "GET /My/Character/ HTTP/1.1" 200 4180 "http://www.social-paradise.gq/" "Mozilla/5.0 (Windows NT 6.3; Win64; x64) AppleWebKit/537.36 (KHTML, like Gecko) Chrome/97.0.4692.99 Safari/537.36"
206.1.136.191 - - [27/Jan/2022:01:28:39 +0100] "GET /Avatar.php?ID=1 HTTP/1.1" 200 12865 "http://www.social-paradise.gq/My/Character/" "Mozilla/5.0 (Windows NT 6.3; Win64; x64) AppleWebKit/537.36 (KHTML, like Gecko) Chrome/97.0.4692.99 Safari/537.36"
206.1.136.191 - - [27/Jan/2022:01:28:46 +0100] "GET /My/Account/ HTTP/1.1" 200 5187 "http://www.social-paradise.gq/My/Character/" "Mozilla/5.0 (Windows NT 6.3; Win64; x64) AppleWebKit/537.36 (KHTML, like Gecko) Chrome/97.0.4692.99 Safari/537.36"
206.1.136.191 - - [27/Jan/2022:01:28:47 +0100] "GET /My/Account/ HTTP/1.1" 200 5187 "http://www.social-paradise.gq/My/Account/" "Mozilla/5.0 (Windows NT 6.3; Win64; x64) AppleWebKit/537.36 (KHTML, like Gecko) Chrome/97.0.4692.99 Safari/537.36"
24.176.90.134 - - [27/Jan/2022:01:28:54 +0100] "GET /index.php HTTP/1.1" 200 6133 "http://www.social-paradise.gq/index.php" "Mozilla/5.0 (Windows NT 10.0; Win64; x64) AppleWebKit/537.36 (KHTML, like Gecko) Chrome/97.0.4692.99 Safari/537.36 Edg/97.0.1072.69"
206.1.136.191 - - [27/Jan/2022:01:28:55 +0100] "GET /ItemLogs.php?view=all HTTP/1.1" 200 3476 "http://www.social-paradise.gq/My/Account/" "Mozilla/5.0 (Windows NT 6.3; Win64; x64) AppleWebKit/537.36 (KHTML, like Gecko) Chrome/97.0.4692.99 Safari/537.36"
206.1.136.191 - - [27/Jan/2022:01:29:50 +0100] "GET /user.php?ID=1 HTTP/1.1" 200 5883 "http://www.social-paradise.gq/ItemLogs.php?view=all" "Mozilla/5.0 (Windows NT 6.3; Win64; x64) AppleWebKit/537.36 (KHTML, like Gecko) Chrome/97.0.4692.99 Safari/537.36"
206.1.136.191 - - [27/Jan/2022:01:29:50 +0100] "GET /Avatar.php?ID=1 HTTP/1.1" 200 12865 "http://www.social-paradise.gq/user.php?ID=1" "Mozilla/5.0 (Windows NT 6.3; Win64; x64) AppleWebKit/537.36 (KHTML, like Gecko) Chrome/97.0.4692.99 Safari/537.36"
206.1.136.191 - - [27/Jan/2022:01:29:53 +0100] "GET / HTTP/1.1" 200 4976 "http://www.social-paradise.gq/user.php?ID=1" "Mozilla/5.0 (Windows NT 6.3; Win64; x64) AppleWebKit/537.36 (KHTML, like Gecko) Chrome/97.0.4692.99 Safari/537.36"
206.1.136.191 - - [27/Jan/2022:01:29:53 +0100] "GET /Avatar.php?ID=1 HTTP/1.1" 200 12865 "http://www.social-paradise.gq/" "Mozilla/5.0 (Windows NT 6.3; Win64; x64) AppleWebKit/537.36 (KHTML, like Gecko) Chrome/97.0.4692.99 Safari/537.36"
206.1.136.191 - - [27/Jan/2022:01:29:55 +0100] "GET / HTTP/1.1" 200 4976 "http://www.social-paradise.gq/" "Mozilla/5.0 (Windows NT 6.3; Win64; x64) AppleWebKit/537.36 (KHTML, like Gecko) Chrome/97.0.4692.99 Safari/537.36"
206.1.136.191 - - [27/Jan/2022:01:29:55 +0100] "GET /Avatar.php?ID=1 HTTP/1.1" 200 12865 "http://www.social-paradise.gq/" "Mozilla/5.0 (Windows NT 6.3; Win64; x64) AppleWebKit/537.36 (KHTML, like Gecko) Chrome/97.0.4692.99 Safari/537.36"
206.1.136.191 - - [27/Jan/2022:01:29:56 +0100] "GET / HTTP/1.1" 200 4976 "http://www.social-paradise.gq/" "Mozilla/5.0 (Windows NT 6.3; Win64; x64) AppleWebKit/537.36 (KHTML, like Gecko) Chrome/97.0.4692.99 Safari/537.36"
206.1.136.191 - - [27/Jan/2022:01:29:56 +0100] "GET /Avatar.php?ID=1 HTTP/1.1" 200 12865 "http://www.social-paradise.gq/" "Mozilla/5.0 (Windows NT 6.3; Win64; x64) AppleWebKit/537.36 (KHTML, like Gecko) Chrome/97.0.4692.99 Safari/537.36"
206.1.136.191 - - [27/Jan/2022:01:29:59 +0100] "GET /users/ HTTP/1.1" 200 4534 "http://www.social-paradise.gq/" "Mozilla/5.0 (Windows NT 6.3; Win64; x64) AppleWebKit/537.36 (KHTML, like Gecko) Chrome/97.0.4692.99 Safari/537.36"
206.1.136.191 - - [27/Jan/2022:01:30:00 +0100] "GET /Avatar.php?ID=2 HTTP/1.1" 200 12687 "http://www.social-paradise.gq/users/" "Mozilla/5.0 (Windows NT 6.3; Win64; x64) AppleWebKit/537.36 (KHTML, like Gecko) Chrome/97.0.4692.99 Safari/537.36"
206.1.136.191 - - [27/Jan/2022:01:30:00 +0100] "GET /Avatar.php?ID=1 HTTP/1.1" 200 12865 "http://www.social-paradise.gq/users/" "Mozilla/5.0 (Windows NT 6.3; Win64; x64) AppleWebKit/537.36 (KHTML, like Gecko) Chrome/97.0.4692.99 Safari/537.36"
206.1.136.191 - - [27/Jan/2022:01:30:00 +0100] "GET /Avatar.php?ID=3 HTTP/1.1" 200 12687 "http://www.social-paradise.gq/users/" "Mozilla/5.0 (Windows NT 6.3; Win64; x64) AppleWebKit/537.36 (KHTML, like Gecko) Chrome/97.0.4692.99 Safari/537.36"
206.1.136.191 - - [27/Jan/2022:01:30:03 +0100] "GET /user.php?ID=2 HTTP/1.1" 200 5870 "http://www.social-paradise.gq/users/" "Mozilla/5.0 (Windows NT 6.3; Win64; x64) AppleWebKit/537.36 (KHTML, like Gecko) Chrome/97.0.4692.99 Safari/537.36"
206.1.136.191 - - [27/Jan/2022:01:30:04 +0100] "GET /Avatar.php?ID=2 HTTP/1.1" 200 12687 "http://www.social-paradise.gq/user.php?ID=2" "Mozilla/5.0 (Windows NT 6.3; Win64; x64) AppleWebKit/537.36 (KHTML, like Gecko) Chrome/97.0.4692.99 Safari/537.36"
206.1.136.191 - - [27/Jan/2022:01:30:07 +0100] "GET /Groups/ HTTP/1.1" 200 3626 "http://www.social-paradise.gq/user.php?ID=2" "Mozilla/5.0 (Windows NT 6.3; Win64; x64) AppleWebKit/537.36 (KHTML, like Gecko) Chrome/97.0.4692.99 Safari/537.36"
206.1.136.191 - - [27/Jan/2022:01:30:09 +0100] "GET /Groups/ HTTP/1.1" 200 3626 "http://www.social-paradise.gq/Groups/" "Mozilla/5.0 (Windows NT 6.3; Win64; x64) AppleWebKit/537.36 (KHTML, like Gecko) Chrome/97.0.4692.99 Safari/537.36"
24.176.90.134 - - [27/Jan/2022:01:30:16 +0100] "GET /index.php HTTP/1.1" 200 6132 "http://www.social-paradise.gq/index.php" "Mozilla/5.0 (Windows NT 10.0; Win64; x64) AppleWebKit/537.36 (KHTML, like Gecko) Chrome/97.0.4692.99 Safari/537.36 Edg/97.0.1072.69"
206.1.136.191 - - [27/Jan/2022:01:30:41 +0100] "GET / HTTP/1.1" 200 4976 "http://www.social-paradise.gq/Groups/" "Mozilla/5.0 (Windows NT 6.3; Win64; x64) AppleWebKit/537.36 (KHTML, like Gecko) Chrome/97.0.4692.99 Safari/537.36"
206.1.136.191 - - [27/Jan/2022:01:30:41 +0100] "GET /Avatar.php?ID=1 HTTP/1.1" 200 12865 "http://www.social-paradise.gq/" "Mozilla/5.0 (Windows NT 6.3; Win64; x64) AppleWebKit/537.36 (KHTML, like Gecko) Chrome/97.0.4692.99 Safari/537.36"
206.1.136.191 - - [27/Jan/2022:01:30:53 +0100] "GET /Base/Slides/Slide4.png HTTP/1.1" 200 49095 "http://www.social-paradise.gq/" "Mozilla/5.0 (Windows NT 6.3; Win64; x64) AppleWebKit/537.36 (KHTML, like Gecko) Chrome/97.0.4692.99 Safari/537.36"
206.1.136.191 - - [27/Jan/2022:01:30:54 +0100] "GET / HTTP/1.1" 200 4976 "http://www.social-paradise.gq/" "Mozilla/5.0 (Windows NT 6.3; Win64; x64) AppleWebKit/537.36 (KHTML, like Gecko) Chrome/97.0.4692.99 Safari/537.36"
206.1.136.191 - - [27/Jan/2022:01:30:55 +0100] "GET /Avatar.php?ID=1 HTTP/1.1" 200 12865 "http://www.social-paradise.gq/" "Mozilla/5.0 (Windows NT 6.3; Win64; x64) AppleWebKit/537.36 (KHTML, like Gecko) Chrome/97.0.4692.99 Safari/537.36"
206.1.136.191 - - [27/Jan/2022:01:30:56 +0100] "GET /Base/Themes/Default/arrows.png HTTP/1.1" 200 824 "http://www.social-paradise.gq/Base/Themes/Default/default.css" "Mozilla/5.0 (Windows NT 6.3; Win64; x64) AppleWebKit/537.36 (KHTML, like Gecko) Chrome/97.0.4692.99 Safari/537.36"
206.1.136.191 - - [27/Jan/2022:01:30:56 +0100] "GET /Base/Themes/Default/bullets.png HTTP/1.1" 200 1281 "http://www.social-paradise.gq/Base/Themes/Default/default.css" "Mozilla/5.0 (Windows NT 6.3; Win64; x64) AppleWebKit/537.36 (KHTML, like Gecko) Chrome/97.0.4692.99 Safari/537.36"
206.1.136.191 - - [27/Jan/2022:01:30:57 +0100] "GET / HTTP/1.1" 200 4976 "http://www.social-paradise.gq/" "Mozilla/5.0 (Windows NT 6.3; Win64; x64) AppleWebKit/537.36 (KHTML, like Gecko) Chrome/97.0.4692.99 Safari/537.36"
206.1.136.191 - - [27/Jan/2022:01:30:58 +0100] "GET /Avatar.php?ID=1 HTTP/1.1" 200 12865 "http://www.social-paradise.gq/" "Mozilla/5.0 (Windows NT 6.3; Win64; x64) AppleWebKit/537.36 (KHTML, like Gecko) Chrome/97.0.4692.99 Safari/537.36"
24.176.90.134 - - [27/Jan/2022:01:31:22 +0100] "GET //Base/Style/Main2.css HTTP/1.1" 200 3647 "-" "Mozilla/5.0 (Windows NT 10.0; Win64; x64) AppleWebKit/537.36 (KHTML, like Gecko) Chrome/97.0.4692.99 Safari/537.36 Edg/97.0.1072.69"
206.1.136.191 - - [27/Jan/2022:01:31:22 +0100] "GET /Groups/ HTTP/1.1" 200 3626 "http://www.social-paradise.gq/" "Mozilla/5.0 (Windows NT 6.3; Win64; x64) AppleWebKit/537.36 (KHTML, like Gecko) Chrome/97.0.4692.99 Safari/537.36"
206.1.136.191 - - [27/Jan/2022:01:31:25 +0100] "POST /Groups/ HTTP/1.1" 302 3626 "http://www.social-paradise.gq/Groups/" "Mozilla/5.0 (Windows NT 6.3; Win64; x64) AppleWebKit/537.36 (KHTML, like Gecko) Chrome/97.0.4692.99 Safari/537.36"
206.1.136.191 - - [27/Jan/2022:01:31:26 +0100] "GET /Groups/CreateGroup.php HTTP/1.1" 200 4185 "http://www.social-paradise.gq/Groups/" "Mozilla/5.0 (Windows NT 6.3; Win64; x64) AppleWebKit/537.36 (KHTML, like Gecko) Chrome/97.0.4692.99 Safari/537.36"
24.176.90.134 - - [27/Jan/2022:01:32:12 +0100] "GET /index.php HTTP/1.1" 200 6132 "http://www.social-paradise.gq/index.php" "Mozilla/5.0 (Windows NT 10.0; Win64; x64) AppleWebKit/537.36 (KHTML, like Gecko) Chrome/97.0.4692.99 Safari/537.36 Edg/97.0.1072.69"
24.176.90.134 - - [27/Jan/2022:01:32:30 +0100] "GET /Base/Style//Main.css HTTP/1.1" 200 11602 "-" "Mozilla/5.0 (Windows NT 10.0; Win64; x64) AppleWebKit/537.36 (KHTML, like Gecko) Chrome/97.0.4692.99 Safari/537.36 Edg/97.0.1072.69"
24.176.90.134 - - [27/Jan/2022:01:33:14 +0100] "GET /index.php HTTP/1.1" 200 6132 "http://www.social-paradise.gq/index.php" "Mozilla/5.0 (Windows NT 10.0; Win64; x64) AppleWebKit/537.36 (KHTML, like Gecko) Chrome/97.0.4692.99 Safari/537.36 Edg/97.0.1072.69"
24.176.90.134 - - [27/Jan/2022:01:33:17 +0100] "GET /index.php HTTP/1.1" 200 6132 "http://www.social-paradise.gq/index.php" "Mozilla/5.0 (Windows NT 10.0; Win64; x64) AppleWebKit/537.36 (KHTML, like Gecko) Chrome/97.0.4692.99 Safari/537.36 Edg/97.0.1072.69"
24.176.90.134 - - [27/Jan/2022:01:33:20 +0100] "GET /index.php HTTP/1.1" 200 6132 "http://www.social-paradise.gq/index.php" "Mozilla/5.0 (Windows NT 10.0; Win64; x64) AppleWebKit/537.36 (KHTML, like Gecko) Chrome/97.0.4692.99 Safari/537.36 Edg/97.0.1072.69"
24.176.90.134 - - [27/Jan/2022:01:33:26 +0100] "GET /index.php HTTP/1.1" 200 6132 "http://www.social-paradise.gq/index.php" "Mozilla/5.0 (Windows NT 10.0; Win64; x64) AppleWebKit/537.36 (KHTML, like Gecko) Chrome/97.0.4692.99 Safari/537.36 Edg/97.0.1072.69"
206.1.136.191 - - [27/Jan/2022:01:33:36 +0100] "GET / HTTP/1.1" 200 6690 "http://www.social-paradise.gq/Shop/" "Mozilla/5.0 (Windows NT 6.3; Win64; x64) AppleWebKit/537.36 (KHTML, like Gecko) Chrome/97.0.4692.99 Safari/537.36"
206.1.136.191 - - [27/Jan/2022:01:33:38 +0100] "GET /Avatar.php?ID=1 HTTP/1.1" 200 12865 "http://www.social-paradise.gq/" "Mozilla/5.0 (Windows NT 6.3; Win64; x64) AppleWebKit/537.36 (KHTML, like Gecko) Chrome/97.0.4692.99 Safari/537.36"
206.1.136.191 - - [27/Jan/2022:01:33:39 +0100] "GET /Images/PremiumBG.png HTTP/1.1" 200 9201 "http://www.social-paradise.gq/" "Mozilla/5.0 (Windows NT 6.3; Win64; x64) AppleWebKit/537.36 (KHTML, like Gecko) Chrome/97.0.4692.99 Safari/537.36"
24.176.90.134 - - [27/Jan/2022:01:33:46 +0100] "GET /Gradient.php?w=100&h=40&start=065DBA&end=04458A&d=vertical HTTP/1.1" 200 210 "http://www.social-paradise.gq/Base/Style/Main.css" "Mozilla/5.0 (Windows NT 10.0; Win64; x64) AppleWebKit/537.36 (KHTML, like Gecko) Chrome/97.0.4692.99 Safari/537.36 Edg/97.0.1072.69"
206.1.136.191 - - [27/Jan/2022:01:33:54 +0100] "GET /Groups/ HTTP/1.1" 200 5129 "http://www.social-paradise.gq/" "Mozilla/5.0 (Windows NT 6.3; Win64; x64) AppleWebKit/537.36 (KHTML, like Gecko) Chrome/97.0.4692.99 Safari/537.36"
206.1.136.191 - - [27/Jan/2022:01:33:58 +0100] "POST /Groups/ HTTP/1.1" 302 5129 "http://www.social-paradise.gq/Groups/" "Mozilla/5.0 (Windows NT 6.3; Win64; x64) AppleWebKit/537.36 (KHTML, like Gecko) Chrome/97.0.4692.99 Safari/537.36"
206.1.136.191 - - [27/Jan/2022:01:33:58 +0100] "GET /Groups/CreateGroup.php HTTP/1.1" 200 5687 "http://www.social-paradise.gq/Groups/" "Mozilla/5.0 (Windows NT 6.3; Win64; x64) AppleWebKit/537.36 (KHTML, like Gecko) Chrome/97.0.4692.99 Safari/537.36"
24.176.90.134 - - [27/Jan/2022:01:34:14 +0100] "GET /index.php HTTP/1.1" 200 6132 "http://www.social-paradise.gq/index.php" "Mozilla/5.0 (Windows NT 10.0; Win64; x64) AppleWebKit/537.36 (KHTML, like Gecko) Chrome/97.0.4692.99 Safari/537.36 Edg/97.0.1072.69"
24.176.90.134 - - [27/Jan/2022:01:34:16 +0100] "GET /index.php HTTP/1.1" 200 6132 "http://www.social-paradise.gq/index.php" "Mozilla/5.0 (Windows NT 10.0; Win64; x64) AppleWebKit/537.36 (KHTML, like Gecko) Chrome/97.0.4692.99 Safari/537.36 Edg/97.0.1072.69"
206.1.136.191 - - [27/Jan/2022:01:34:17 +0100] "POST /Groups/CreateGroup.php HTTP/1.1" 200 5806 "http://www.social-paradise.gq/Groups/CreateGroup.php" "Mozilla/5.0 (Windows NT 6.3; Win64; x64) AppleWebKit/537.36 (KHTML, like Gecko) Chrome/97.0.4692.99 Safari/537.36"
206.1.136.191 - - [27/Jan/2022:01:34:22 +0100] "GET / HTTP/1.1" 200 6542 "http://www.social-paradise.gq/Groups/CreateGroup.php" "Mozilla/5.0 (Windows NT 6.3; Win64; x64) AppleWebKit/537.36 (KHTML, like Gecko) Chrome/97.0.4692.99 Safari/537.36"
206.1.136.191 - - [27/Jan/2022:01:34:25 +0100] "GET /Avatar.php?ID=1 HTTP/1.1" 200 12865 "http://www.social-paradise.gq/" "Mozilla/5.0 (Windows NT 6.3; Win64; x64) AppleWebKit/537.36 (KHTML, like Gecko) Chrome/97.0.4692.99 Safari/537.36"
206.1.136.191 - - [27/Jan/2022:01:34:30 +0100] "GET /ModerateGroups.php HTTP/1.1" 200 5519 "http://www.social-paradise.gq/" "Mozilla/5.0 (Windows NT 6.3; Win64; x64) AppleWebKit/537.36 (KHTML, like Gecko) Chrome/97.0.4692.99 Safari/537.36"
24.176.90.134 - - [27/Jan/2022:01:34:31 +0100] "GET /index.php HTTP/1.1" 200 6132 "-" "Mozilla/5.0 (Windows NT 10.0; Win64; x64) AppleWebKit/537.36 (KHTML, like Gecko) Chrome/97.0.4692.99 Safari/537.36"
24.176.90.134 - - [27/Jan/2022:01:34:32 +0100] "GET /favicon.ico HTTP/1.1" 404 2576 "http://www.social-paradise.gq/index.php" "Mozilla/5.0 (Windows NT 10.0; Win64; x64) AppleWebKit/537.36 (KHTML, like Gecko) Chrome/97.0.4692.99 Safari/537.36"
206.1.136.191 - - [27/Jan/2022:01:34:32 +0100] "GET /Groups/GL/526ca777d933e22b5034d5e180f3df03bdd0b752 HTTP/1.1" 200 11104 "http://www.social-paradise.gq/ModerateGroups.php" "Mozilla/5.0 (Windows NT 6.3; Win64; x64) AppleWebKit/537.36 (KHTML, like Gecko) Chrome/97.0.4692.99 Safari/537.36"
24.176.90.134 - - [27/Jan/2022:01:34:33 +0100] "GET /index.php HTTP/1.1" 200 6132 "-" "Mozilla/5.0 (Windows NT 10.0; Win64; x64) AppleWebKit/537.36 (KHTML, like Gecko) Chrome/97.0.4692.99 Safari/537.36"
206.1.136.191 - - [27/Jan/2022:01:34:35 +0100] "GET /ModerateGroups.php?GroupID=149&Action=Accept HTTP/1.1" 302 5519 "http://www.social-paradise.gq/ModerateGroups.php" "Mozilla/5.0 (Windows NT 6.3; Win64; x64) AppleWebKit/537.36 (KHTML, like Gecko) Chrome/97.0.4692.99 Safari/537.36"
206.1.136.191 - - [27/Jan/2022:01:34:35 +0100] "GET /ModerateGroups.php HTTP/1.1" 200 4945 "http://www.social-paradise.gq/ModerateGroups.php" "Mozilla/5.0 (Windows NT 6.3; Win64; x64) AppleWebKit/537.36 (KHTML, like Gecko) Chrome/97.0.4692.99 Safari/537.36"
206.1.136.191 - - [27/Jan/2022:01:34:39 +0100] "GET /Groups/ HTTP/1.1" 200 5129 "http://www.social-paradise.gq/ModerateGroups.php" "Mozilla/5.0 (Windows NT 6.3; Win64; x64) AppleWebKit/537.36 (KHTML, like Gecko) Chrome/97.0.4692.99 Safari/537.36"
24.176.90.134 - - [27/Jan/2022:01:35:07 +0100] "GET /Base/Style/Main.css HTTP/1.1" 301 257 "-" "Mozilla/5.0 (Windows NT 10.0; Win64; x64) AppleWebKit/537.36 (KHTML, like Gecko) Chrome/97.0.4692.99 Safari/537.36 Edg/97.0.1072.69"
24.176.90.134 - - [27/Jan/2022:01:35:50 +0100] "GET /index.php HTTP/1.1" 200 6564 "http://www.social-paradise.gq/index.php" "Mozilla/5.0 (Windows NT 10.0; Win64; x64) AppleWebKit/537.36 (KHTML, like Gecko) Chrome/97.0.4692.99 Safari/537.36 Edg/97.0.1072.69"
24.176.90.134 - - [27/Jan/2022:01:36:08 +0100] "GET /index.php HTTP/1.1" 200 6564 "http://www.social-paradise.gq/index.php" "Mozilla/5.0 (Windows NT 10.0; Win64; x64) AppleWebKit/537.36 (KHTML, like Gecko) Chrome/97.0.4692.99 Safari/537.36 Edg/97.0.1072.69"
24.176.90.134 - - [27/Jan/2022:01:36:22 +0100] "GET /index.php HTTP/1.1" 200 6563 "http://www.social-paradise.gq/index.php" "Mozilla/5.0 (Windows NT 10.0; Win64; x64) AppleWebKit/537.36 (KHTML, like Gecko) Chrome/97.0.4692.99 Safari/537.36 Edg/97.0.1072.69"
24.176.90.134 - - [27/Jan/2022:01:36:40 +0100] "GET /index.php HTTP/1.1" 200 6565 "http://www.social-paradise.gq/index.php" "Mozilla/5.0 (Windows NT 10.0; Win64; x64) AppleWebKit/537.36 (KHTML, like Gecko) Chrome/97.0.4692.99 Safari/537.36 Edg/97.0.1072.69"
24.176.90.134 - - [27/Jan/2022:01:36:41 +0100] "GET /Base//Style//Main.css HTTP/1.1" 200 2930 "http://www.social-paradise.gq/index.php" "Mozilla/5.0 (Windows NT 10.0; Win64; x64) AppleWebKit/537.36 (KHTML, like Gecko) Chrome/97.0.4692.99 Safari/537.36 Edg/97.0.1072.69"
206.1.136.191 - - [27/Jan/2022:01:37:03 +0100] "GET /My/Account/ HTTP/1.1" 200 7313 "http://www.social-paradise.gq/My/Account/" "Mozilla/5.0 (Windows NT 6.3; Win64; x64) AppleWebKit/537.36 (KHTML, like Gecko) Chrome/97.0.4692.99 Safari/537.36"
206.1.136.191 - - [27/Jan/2022:01:37:05 +0100] "GET /Base//Style//Main.css HTTP/1.1" 200 2930 "http://www.social-paradise.gq/My/Account/" "Mozilla/5.0 (Windows NT 6.3; Win64; x64) AppleWebKit/537.36 (KHTML, like Gecko) Chrome/97.0.4692.99 Safari/537.36"
24.176.90.134 - - [27/Jan/2022:01:37:06 +0100] "GET /Groups/ HTTP/1.1" 200 3283 "http://www.social-paradise.gq/index.php" "Mozilla/5.0 (Windows NT 10.0; Win64; x64) AppleWebKit/537.36 (KHTML, like Gecko) Chrome/97.0.4692.99 Safari/537.36 Edg/97.0.1072.69"
206.1.136.191 - - [27/Jan/2022:01:37:07 +0100] "GET /Gradient.php?w=100&h=40&start=065DBA&end=04458A&d=vertical HTTP/1.1" 200 210 "http://www.social-paradise.gq/Base//Style//Main.css" "Mozilla/5.0 (Windows NT 6.3; Win64; x64) AppleWebKit/537.36 (KHTML, like Gecko) Chrome/97.0.4692.99 Safari/537.36"
206.1.136.191 - - [27/Jan/2022:01:37:07 +0100] "GET /Images/SubBar.png HTTP/1.1" 200 535 "http://www.social-paradise.gq/Base//Style//Main.css" "Mozilla/5.0 (Windows NT 6.3; Win64; x64) AppleWebKit/537.36 (KHTML, like Gecko) Chrome/97.0.4692.99 Safari/537.36"
206.1.136.191 - - [27/Jan/2022:01:37:09 +0100] "GET / HTTP/1.1" 200 7103 "http://www.social-paradise.gq/My/Account/" "Mozilla/5.0 (Windows NT 6.3; Win64; x64) AppleWebKit/537.36 (KHTML, like Gecko) Chrome/97.0.4692.99 Safari/537.36"
24.176.90.134 - - [27/Jan/2022:01:37:09 +0100] "GET /UserShop/ HTTP/1.1" 200 5086 "http://www.social-paradise.gq/Groups/" "Mozilla/5.0 (Windows NT 10.0; Win64; x64) AppleWebKit/537.36 (KHTML, like Gecko) Chrome/97.0.4692.99 Safari/537.36 Edg/97.0.1072.69"
206.1.136.191 - - [27/Jan/2022:01:37:11 +0100] "GET /Avatar.php?ID=1 HTTP/1.1" 200 12865 "http://www.social-paradise.gq/" "Mozilla/5.0 (Windows NT 6.3; Win64; x64) AppleWebKit/537.36 (KHTML, like Gecko) Chrome/97.0.4692.99 Safari/537.36"
24.176.90.134 - - [27/Jan/2022:01:37:12 +0100] "GET /Shop/ HTTP/1.1" 200 8444 "http://www.social-paradise.gq/UserShop/" "Mozilla/5.0 (Windows NT 10.0; Win64; x64) AppleWebKit/537.36 (KHTML, like Gecko) Chrome/97.0.4692.99 Safari/537.36 Edg/97.0.1072.69"
206.1.136.191 - - [27/Jan/2022:01:37:13 +0100] "GET /Inbox/ HTTP/1.1" 200 6490 "http://www.social-paradise.gq/" "Mozilla/5.0 (Windows NT 6.3; Win64; x64) AppleWebKit/537.36 (KHTML, like Gecko) Chrome/97.0.4692.99 Safari/537.36"
24.176.90.134 - - [27/Jan/2022:01:37:16 +0100] "GET /Shop/ HTTP/1.1" 200 8444 "http://www.social-paradise.gq/Shop/" "Mozilla/5.0 (Windows NT 10.0; Win64; x64) AppleWebKit/537.36 (KHTML, like Gecko) Chrome/97.0.4692.99 Safari/537.36 Edg/97.0.1072.69"
206.1.136.191 - - [27/Jan/2022:01:37:17 +0100] "GET /ViewMessage.php?ID=1 HTTP/1.1" 302 6190 "http://www.social-paradise.gq/Inbox/" "Mozilla/5.0 (Windows NT 6.3; Win64; x64) AppleWebKit/537.36 (KHTML, like Gecko) Chrome/97.0.4692.99 Safari/537.36"
206.1.136.191 - - [27/Jan/2022:01:37:18 +0100] "GET /ViewMessage.php?ID=1 HTTP/1.1" 200 6190 "http://www.social-paradise.gq/Inbox/" "Mozilla/5.0 (Windows NT 6.3; Win64; x64) AppleWebKit/537.36 (KHTML, like Gecko) Chrome/97.0.4692.99 Safari/537.36"
24.176.90.134 - - [27/Jan/2022:01:37:18 +0100] "GET /users/ HTTP/1.1" 200 4323 "http://www.social-paradise.gq/Shop/" "Mozilla/5.0 (Windows NT 10.0; Win64; x64) AppleWebKit/537.36 (KHTML, like Gecko) Chrome/97.0.4692.99 Safari/537.36 Edg/97.0.1072.69"
24.176.90.134 - - [27/Jan/2022:01:37:18 +0100] "GET /Avatar.php?ID=1 HTTP/1.1" 200 12865 "http://www.social-paradise.gq/users/" "Mozilla/5.0 (Windows NT 10.0; Win64; x64) AppleWebKit/537.36 (KHTML, like Gecko) Chrome/97.0.4692.99 Safari/537.36 Edg/97.0.1072.69"
24.176.90.134 - - [27/Jan/2022:01:37:18 +0100] "GET /Avatar.php?ID=2 HTTP/1.1" 200 12687 "http://www.social-paradise.gq/users/" "Mozilla/5.0 (Windows NT 10.0; Win64; x64) AppleWebKit/537.36 (KHTML, like Gecko) Chrome/97.0.4692.99 Safari/537.36 Edg/97.0.1072.69"
24.176.90.134 - - [27/Jan/2022:01:37:18 +0100] "GET /Avatar.php?ID=3 HTTP/1.1" 200 12687 "http://www.social-paradise.gq/users/" "Mozilla/5.0 (Windows NT 10.0; Win64; x64) AppleWebKit/537.36 (KHTML, like Gecko) Chrome/97.0.4692.99 Safari/537.36 Edg/97.0.1072.69"
206.1.136.191 - - [27/Jan/2022:01:37:19 +0100] "GET /Avatar.php?ID=1 HTTP/1.1" 200 12865 "http://www.social-paradise.gq/ViewMessage.php?ID=1" "Mozilla/5.0 (Windows NT 6.3; Win64; x64) AppleWebKit/537.36 (KHTML, like Gecko) Chrome/97.0.4692.99 Safari/537.36"
206.1.136.191 - - [27/Jan/2022:01:37:24 +0100] "GET /users/ HTTP/1.1" 200 6661 "http://www.social-paradise.gq/ViewMessage.php?ID=1" "Mozilla/5.0 (Windows NT 6.3; Win64; x64) AppleWebKit/537.36 (KHTML, like Gecko) Chrome/97.0.4692.99 Safari/537.36"
206.1.136.191 - - [27/Jan/2022:01:37:25 +0100] "GET /Avatar.php?ID=2 HTTP/1.1" 200 12687 "http://www.social-paradise.gq/users/" "Mozilla/5.0 (Windows NT 6.3; Win64; x64) AppleWebKit/537.36 (KHTML, like Gecko) Chrome/97.0.4692.99 Safari/537.36"
206.1.136.191 - - [27/Jan/2022:01:37:26 +0100] "GET /Avatar.php?ID=1 HTTP/1.1" 200 12865 "http://www.social-paradise.gq/users/" "Mozilla/5.0 (Windows NT 6.3; Win64; x64) AppleWebKit/537.36 (KHTML, like Gecko) Chrome/97.0.4692.99 Safari/537.36"
206.1.136.191 - - [27/Jan/2022:01:37:26 +0100] "GET /Avatar.php?ID=3 HTTP/1.1" 200 12687 "http://www.social-paradise.gq/users/" "Mozilla/5.0 (Windows NT 6.3; Win64; x64) AppleWebKit/537.36 (KHTML, like Gecko) Chrome/97.0.4692.99 Safari/537.36"
24.176.90.134 - - [27/Jan/2022:01:38:13 +0100] "GET /online.php HTTP/1.1" 200 3580 "http://www.social-paradise.gq/users/" "Mozilla/5.0 (Windows NT 10.0; Win64; x64) AppleWebKit/537.36 (KHTML, like Gecko) Chrome/97.0.4692.99 Safari/537.36 Edg/97.0.1072.69"
24.176.90.134 - - [27/Jan/2022:01:38:13 +0100] "GET /Avatar.php?ID=1 HTTP/1.1" 200 12865 "http://www.social-paradise.gq/online.php" "Mozilla/5.0 (Windows NT 10.0; Win64; x64) AppleWebKit/537.36 (KHTML, like Gecko) Chrome/97.0.4692.99 Safari/537.36 Edg/97.0.1072.69"
24.176.90.134 - - [27/Jan/2022:01:38:16 +0100] "GET /user.php?ID=1 HTTP/1.1" 200 5927 "http://www.social-paradise.gq/online.php" "Mozilla/5.0 (Windows NT 10.0; Win64; x64) AppleWebKit/537.36 (KHTML, like Gecko) Chrome/97.0.4692.99 Safari/537.36 Edg/97.0.1072.69"
24.176.90.134 - - [27/Jan/2022:01:38:16 +0100] "GET /Groups/GL/ HTTP/1.1" 200 521 "http://www.social-paradise.gq/user.php?ID=1" "Mozilla/5.0 (Windows NT 10.0; Win64; x64) AppleWebKit/537.36 (KHTML, like Gecko) Chrome/97.0.4692.99 Safari/537.36 Edg/97.0.1072.69"
24.176.90.134 - - [27/Jan/2022:01:38:16 +0100] "GET /Avatar.php?ID=1 HTTP/1.1" 200 12865 "http://www.social-paradise.gq/user.php?ID=1" "Mozilla/5.0 (Windows NT 10.0; Win64; x64) AppleWebKit/537.36 (KHTML, like Gecko) Chrome/97.0.4692.99 Safari/537.36 Edg/97.0.1072.69"
24.176.90.134 - - [27/Jan/2022:01:38:17 +0100] "GET /Badgess/Rich.png HTTP/1.1" 200 4240 "http://www.social-paradise.gq/user.php?ID=1" "Mozilla/5.0 (Windows NT 10.0; Win64; x64) AppleWebKit/537.36 (KHTML, like Gecko) Chrome/97.0.4692.99 Safari/537.36 Edg/97.0.1072.69"
24.176.90.134 - - [27/Jan/2022:01:38:20 +0100] "GET /Groups/Group.php?ID= HTTP/1.1" 302 2851 "http://www.social-paradise.gq/user.php?ID=1" "Mozilla/5.0 (Windows NT 10.0; Win64; x64) AppleWebKit/537.36 (KHTML, like Gecko) Chrome/97.0.4692.99 Safari/537.36 Edg/97.0.1072.69"
24.176.90.134 - - [27/Jan/2022:01:38:20 +0100] "GET /index.php HTTP/1.1" 200 6565 "http://www.social-paradise.gq/user.php?ID=1" "Mozilla/5.0 (Windows NT 10.0; Win64; x64) AppleWebKit/537.36 (KHTML, like Gecko) Chrome/97.0.4692.99 Safari/537.36 Edg/97.0.1072.69"
24.176.90.134 - - [27/Jan/2022:01:38:22 +0100] "GET /user.php?ID=1 HTTP/1.1" 200 5927 "http://www.social-paradise.gq/online.php" "Mozilla/5.0 (Windows NT 10.0; Win64; x64) AppleWebKit/537.36 (KHTML, like Gecko) Chrome/97.0.4692.99 Safari/537.36 Edg/97.0.1072.69"
24.176.90.134 - - [27/Jan/2022:01:38:49 +0100] "GET /Forum/ HTTP/1.1" 302 2818 "http://www.social-paradise.gq/user.php?ID=1" "Mozilla/5.0 (Windows NT 10.0; Win64; x64) AppleWebKit/537.36 (KHTML, like Gecko) Chrome/97.0.4692.99 Safari/537.36 Edg/97.0.1072.69"
24.176.90.134 - - [27/Jan/2022:01:38:50 +0100] "GET /index.php HTTP/1.1" 200 6565 "http://www.social-paradise.gq/user.php?ID=1" "Mozilla/5.0 (Windows NT 10.0; Win64; x64) AppleWebKit/537.36 (KHTML, like Gecko) Chrome/97.0.4692.99 Safari/537.36 Edg/97.0.1072.69"
206.1.136.191 - - [27/Jan/2022:01:38:51 +0100] "GET /My/Character/ HTTP/1.1" 200 6306 "http://www.social-paradise.gq/users/" "Mozilla/5.0 (Windows NT 6.3; Win64; x64) AppleWebKit/537.36 (KHTML, like Gecko) Chrome/97.0.4692.99 Safari/537.36"
206.1.136.191 - - [27/Jan/2022:01:38:51 +0100] "GET /Avatar.php?ID=1 HTTP/1.1" 200 12865 "http://www.social-paradise.gq/My/Character/" "Mozilla/5.0 (Windows NT 6.3; Win64; x64) AppleWebKit/537.36 (KHTML, like Gecko) Chrome/97.0.4692.99 Safari/537.36"
24.176.90.134 - - [27/Jan/2022:01:39:06 +0100] "POST /register.php HTTP/1.1" 302 4704 "http://www.social-paradise.gq/index.php" "Mozilla/5.0 (Windows NT 10.0; Win64; x64) AppleWebKit/537.36 (KHTML, like Gecko) Chrome/97.0.4692.99 Safari/537.36 Edg/97.0.1072.69"
24.176.90.134 - - [27/Jan/2022:01:39:06 +0100] "GET /index.php HTTP/1.1" 200 5537 "http://www.social-paradise.gq/index.php" "Mozilla/5.0 (Windows NT 10.0; Win64; x64) AppleWebKit/537.36 (KHTML, like Gecko) Chrome/97.0.4692.99 Safari/537.36 Edg/97.0.1072.69"
24.176.90.134 - - [27/Jan/2022:01:39:06 +0100] "GET /Avatar.php?ID=4 HTTP/1.1" 200 12865 "http://www.social-paradise.gq/index.php" "Mozilla/5.0 (Windows NT 10.0; Win64; x64) AppleWebKit/537.36 (KHTML, like Gecko) Chrome/97.0.4692.99 Safari/537.36 Edg/97.0.1072.69"
24.176.90.134 - - [27/Jan/2022:01:39:07 +0100] "GET /Images/SubBar.png HTTP/1.1" 200 535 "http://www.social-paradise.gq/Base//Style//Main.css" "Mozilla/5.0 (Windows NT 10.0; Win64; x64) AppleWebKit/537.36 (KHTML, like Gecko) Chrome/97.0.4692.99 Safari/537.36 Edg/97.0.1072.69"
24.176.90.134 - - [27/Jan/2022:01:39:27 +0100] "GET /Forum/ HTTP/1.1" 200 4242 "http://www.social-paradise.gq/index.php" "Mozilla/5.0 (Windows NT 10.0; Win64; x64) AppleWebKit/537.36 (KHTML, like Gecko) Chrome/97.0.4692.99 Safari/537.36 Edg/97.0.1072.69"
24.176.90.134 - - [27/Jan/2022:01:40:39 +0100] "GET /UserShop/ HTTP/1.1" 200 6034 "http://www.social-paradise.gq/Forum/" "Mozilla/5.0 (Windows NT 10.0; Win64; x64) AppleWebKit/537.36 (KHTML, like Gecko) Chrome/97.0.4692.99 Safari/537.36 Edg/97.0.1072.69"
24.176.90.134 - - [27/Jan/2022:01:40:39 +0100] "GET /Images/upgrade_promo.png HTTP/1.1" 200 15181 "http://www.social-paradise.gq/UserShop/" "Mozilla/5.0 (Windows NT 10.0; Win64; x64) AppleWebKit/537.36 (KHTML, like Gecko) Chrome/97.0.4692.99 Safari/537.36 Edg/97.0.1072.69"
